Archive member included to satisfy reference by file (symbol)

libopencm3/lib/libopencm3_stm32f1.a(adc.o)
                              obj/anain.o (adc_power_on)
libopencm3/lib/libopencm3_stm32f1.a(adc_common_v1.o)
                              obj/anain.o (adc_power_off)
libopencm3/lib/libopencm3_stm32f1.a(can.o)
                              obj/stm32_can.o (can_reset)
libopencm3/lib/libopencm3_stm32f1.a(crc_common_all.o)
                              obj/hwinit.o (crc_reset)
libopencm3/lib/libopencm3_stm32f1.a(desig_common_v1.o)
                              obj/hwinit.o (desig_get_flash_size)
libopencm3/lib/libopencm3_stm32f1.a(dma_common_l1f013.o)
                              obj/terminal.o (dma_channel_reset)
libopencm3/lib/libopencm3_stm32f1.a(flash.o)
                              obj/hwinit.o (flash_erase_page)
libopencm3/lib/libopencm3_stm32f1.a(flash_common_all.o)
                              obj/canmap.o (flash_set_ws)
libopencm3/lib/libopencm3_stm32f1.a(flash_common_f.o)
                              obj/hwinit.o (flash_unlock)
libopencm3/lib/libopencm3_stm32f1.a(flash_common_f01.o)
                              libopencm3/lib/libopencm3_stm32f1.a(flash.o) (flash_clear_pgerr_flag)
libopencm3/lib/libopencm3_stm32f1.a(gpio.o)
                              obj/hwinit.o (gpio_set_mode)
libopencm3/lib/libopencm3_stm32f1.a(gpio_common_all.o)
                              obj/digio.o (gpio_set)
libopencm3/lib/libopencm3_stm32f1.a(iwdg_common_all.o)
                              obj/main.o (iwdg_reset)
libopencm3/lib/libopencm3_stm32f1.a(rcc.o)
                              obj/stm32scheduler.o (rcc_apb2_frequency)
libopencm3/lib/libopencm3_stm32f1.a(rcc_common_all.o)
                              obj/hwinit.o (rcc_periph_clock_enable)
libopencm3/lib/libopencm3_stm32f1.a(rtc.o)
                              obj/main.o (rtc_get_counter_val)
libopencm3/lib/libopencm3_stm32f1.a(timer_common_all.o)
                              obj/stm32scheduler.o (timer_enable_irq)
libopencm3/lib/libopencm3_stm32f1.a(usart_common_all.o)
                              obj/terminal.o (usart_set_baudrate)
libopencm3/lib/libopencm3_stm32f1.a(usart_common_f124.o)
                              libopencm3/lib/libopencm3_stm32f1.a(usart_common_all.o) (usart_send)
libopencm3/lib/libopencm3_stm32f1.a(vector.o)
                              (reset_handler)
libopencm3/lib/libopencm3_stm32f1.a(scb.o)
                              obj/canmap.o (scb_reset_system)
libopencm3/lib/libopencm3_stm32f1.a(nvic.o)
                              obj/hwinit.o (nvic_enable_irq)
libopencm3/lib/libopencm3_stm32f1.a(assert.o)
                              libopencm3/lib/libopencm3_stm32f1.a(rcc.o) (cm3_assert_failed)
libopencm3/lib/libopencm3_stm32f1.a(pwr_common_v1.o)
                              libopencm3/lib/libopencm3_stm32f1.a(rtc.o) (pwr_disable_backup_domain_write_protect)
/usr/lib/gcc/arm-none-eabi/13.2.0/thumb/v7/nofp/libgcc.a(_arm_mulsf3.o)
                              obj/params.o (__aeabi_fmul)
/usr/lib/gcc/arm-none-eabi/13.2.0/thumb/v7/nofp/libgcc.a(_arm_addsubdf3.o)
                              obj/temperatures.o (__aeabi_dsub)
/usr/lib/gcc/arm-none-eabi/13.2.0/thumb/v7/nofp/libgcc.a(_arm_truncdfsf2.o)
                              obj/temperatures.o (__aeabi_d2f)
/usr/lib/gcc/arm-none-eabi/13.2.0/thumb/v7/nofp/libgcc.a(_arm_addsubsf3.o)
                              obj/temperatures.o (__aeabi_fsub)
/usr/lib/gcc/arm-none-eabi/13.2.0/thumb/v7/nofp/libgcc.a(_arm_muldivsf3.o)
                              obj/main.o (__aeabi_fdiv)
/usr/lib/gcc/arm-none-eabi/13.2.0/thumb/v7/nofp/libgcc.a(_arm_fixsfsi.o)
                              obj/params.o (__aeabi_f2iz)
/usr/lib/gcc/arm-none-eabi/13.2.0/../../../../arm-none-eabi/lib/thumb/v7/nofp/libc.a(libc_a-abs.o)
                              obj/pevStateMachine.o (abs)
/usr/lib/gcc/arm-none-eabi/13.2.0/../../../../arm-none-eabi/lib/thumb/v7/nofp/libc.a(libc_a-fclose.o)
                              obj/ByteStream.o (fclose)
/usr/lib/gcc/arm-none-eabi/13.2.0/../../../../arm-none-eabi/lib/thumb/v7/nofp/libc.a(libc_a-fflush.o)
                              /usr/lib/gcc/arm-none-eabi/13.2.0/../../../../arm-none-eabi/lib/thumb/v7/nofp/libc.a(libc_a-fclose.o) (__sflush_r)
/usr/lib/gcc/arm-none-eabi/13.2.0/../../../../arm-none-eabi/lib/thumb/v7/nofp/libc.a(libc_a-findfp.o)
                              /usr/lib/gcc/arm-none-eabi/13.2.0/../../../../arm-none-eabi/lib/thumb/v7/nofp/libc.a(libc_a-fflush.o) (__sglue)
/usr/lib/gcc/arm-none-eabi/13.2.0/../../../../arm-none-eabi/lib/thumb/v7/nofp/libc.a(libc_a-fopen.o)
                              obj/ByteStream.o (fopen)
/usr/lib/gcc/arm-none-eabi/13.2.0/../../../../arm-none-eabi/lib/thumb/v7/nofp/libc.a(libc_a-fseek.o)
                              /usr/lib/gcc/arm-none-eabi/13.2.0/../../../../arm-none-eabi/lib/thumb/v7/nofp/libc.a(libc_a-fopen.o) (_fseek_r)
[...]
Memory Configuration

Name             Origin             Length             Attributes
rom              0x08001000         0x0001e000         xr
ram              0x20000000         0x00005000         xrw
*default*        0x00000000         0xffffffff

Linker script and memory map

LOAD obj/main.o
LOAD obj/hwinit.o
LOAD obj/stm32scheduler.o
LOAD obj/params.o
LOAD obj/terminal.o
LOAD obj/terminal_prj.o
LOAD obj/my_string.o
LOAD obj/digio.o
LOAD obj/sine_core.o
LOAD obj/my_fp.o
LOAD obj/printf.o
LOAD obj/anain.o
LOAD obj/param_save.o
LOAD obj/errormessage.o
LOAD obj/stm32_can.o
LOAD obj/canhardware.o
LOAD obj/canmap.o
LOAD obj/picontroller.o
LOAD obj/terminalcommands.o
LOAD obj/ipv6.o
LOAD obj/myScheduler.o
LOAD obj/tcp.o
LOAD obj/connMgr.o
LOAD obj/modemFinder.o
LOAD obj/pevStateMachine.o
LOAD obj/temperatures.o
LOAD obj/hardwareInterface.o
LOAD obj/pushbutton.o
LOAD obj/udpChecksum.o
LOAD obj/homeplug.o
LOAD obj/myHelpers.o
LOAD obj/qca7000.o
LOAD obj/appHandEXIDatatypesDecoder.o
LOAD obj/ByteStream.o
LOAD obj/EncoderChannel.o
LOAD obj/appHandEXIDatatypesEncoder.o
LOAD obj/DecoderChannel.o
LOAD obj/EXIHeaderDecoder.o
LOAD obj/appHandEXIDatatypes.o
LOAD obj/dinEXIDatatypesDecoder.o
LOAD obj/EXIHeaderEncoder.o
LOAD obj/BitInputStream.o
LOAD obj/dinEXIDatatypesEncoder.o
LOAD obj/MethodsBag.o
LOAD obj/BitOutputStream.o
LOAD obj/dinEXIDatatypes.o
LOAD obj/projectExiConnector.o
LOAD libopencm3/lib/libopencm3_stm32f1.a
START GROUP
LOAD /usr/lib/gcc/arm-none-eabi/13.2.0/thumb/v7/nofp/libgcc.a
LOAD /usr/lib/gcc/arm-none-eabi/13.2.0/../../../../arm-none-eabi/lib/thumb/v7/nofp/libc.a
END GROUP

.text           0x08001000    0x244a4
 *(.vectors)
 .vectors       0x08001000      0x150 libopencm3/lib/libopencm3_stm32f1.a(vector.o)
                0x08001000                vector_table
 *(.text*)
 .text._ZL9Ms100Taskv
                0x08001150       0x38 obj/main.o
 .text._ZL8Ms30Taskv
                0x08001188       0x24 obj/main.o
 .text._ZL8Ms10Taskv
                0x080011ac        0xc obj/main.o
 .text._ZN5Param6ChangeENS_9PARAM_NUME
                0x080011b8        0x2 obj/main.o
                0x080011b8                Param::Change(Param::PARAM_NUM)
 *fill*         0x080011ba        0x2 
 .text.tim2_isr
                0x080011bc       0x10 obj/main.o
                0x080011bc                tim2_isr
 .text.main     0x080011cc      0x124 obj/main.o
                0x080011cc                main
 .text.clock_setup
                0x080012f0       0x7c obj/hwinit.o
                0x080012f0                clock_setup
 .text.write_bootloader_pininit
                0x0800136c       0x90 obj/hwinit.o
                0x0800136c                write_bootloader_pininit
 .text.nvic_setup
                0x080013fc       0x12 obj/hwinit.o
                0x080013fc                nvic_setup
 .text.rtc_setup
                0x0800140e       0x14 obj/hwinit.o
                0x0800140e                rtc_setup
 *fill*         0x08001422        0x2 
 .text.tim_setup
                0x08001424       0xd8 obj/hwinit.o
                0x08001424                tim_setup
 .text._ZN14Stm32SchedulerC2Em
                0x080014fc       0x44 obj/stm32scheduler.o
                0x080014fc                Stm32Scheduler::Stm32Scheduler(unsigned long)
                0x080014fc                Stm32Scheduler::Stm32Scheduler(unsigned long)
 .text._ZN14Stm32Scheduler7AddTaskEPFvvEt
                0x08001540       0x6c obj/stm32scheduler.o
                0x08001540                Stm32Scheduler::AddTask(void (*)(), unsigned short)
 .text._ZN14Stm32Scheduler3RunEv
                0x080015ac       0x5c obj/stm32scheduler.o
                0x080015ac                Stm32Scheduler::Run()
 .text._ZN14Stm32Scheduler10GetCpuLoadEv
                0x08001608       0x30 obj/stm32scheduler.o
                0x08001608                Stm32Scheduler::GetCpuLoad()
 .text._Z41__static_initialization_and_destruction_0v
                0x08001638       0x14 obj/params.o
 .text._ZN5Param3SetENS_9PARAM_NUMEl
                0x0800164c       0x3c obj/params.o
                0x0800164c                Param::Set(Param::PARAM_NUM, long)
 .text._ZN5Param3GetENS_9PARAM_NUME
                0x08001688        0xc obj/params.o
                0x08001688                Param::Get(Param::PARAM_NUM)
 .text._ZN5Param6GetIntENS_9PARAM_NUME
                0x08001694       0x10 obj/params.o
                0x08001694                Param::GetInt(Param::PARAM_NUM)
 .text._ZN5Param6SetIntENS_9PARAM_NUMEi
                0x080016a4       0x10 obj/params.o
                0x080016a4                Param::SetInt(Param::PARAM_NUM, int)
 .text._ZN5Param8SetFixedENS_9PARAM_NUMEl
                0x080016b4        0xc obj/params.o
                0x080016b4                Param::SetFixed(Param::PARAM_NUM, long)
 .text._ZN5Param8SetFloatENS_9PARAM_NUMEf
                0x080016c0       0x20 obj/params.o
                0x080016c0                Param::SetFloat(Param::PARAM_NUM, float)
 .text._ZN5Param13NumFromStringEPKc
                0x080016e0       0x28 obj/params.o
                0x080016e0                Param::NumFromString(char const*)
 .text._ZN5Param9NumFromIdEm
                0x08001708       0x20 obj/params.o
                0x08001708                Param::NumFromId(unsigned long)
 .text._ZN5Param9GetAttribENS_9PARAM_NUME
                0x08001728       0x10 obj/params.o
                0x08001728                Param::GetAttrib(Param::PARAM_NUM)
 .text._ZN5Param7IsParamENS_9PARAM_NUME
                0x08001738       0x24 obj/params.o
                0x08001738                Param::IsParam(Param::PARAM_NUM)
 .text._ZN5Param12LoadDefaultsEv
                0x0800175c       0x28 obj/params.o
                0x0800175c                Param::LoadDefaults()
 .text._ZN5Param11SetFlagsRawENS_9PARAM_NUMEh
                0x08001784        0xc obj/params.o
                0x08001784                Param::SetFlagsRaw(Param::PARAM_NUM, unsigned char)
 .text._ZN5Param7SetFlagENS_9PARAM_NUMENS_10PARAM_FLAGE
                0x08001790       0x10 obj/params.o
                0x08001790                Param::SetFlag(Param::PARAM_NUM, Param::PARAM_FLAG)
 .text._ZN5Param9ClearFlagENS_9PARAM_NUMENS_10PARAM_FLAGE
                0x080017a0       0x10 obj/params.o
                0x080017a0                Param::ClearFlag(Param::PARAM_NUM, Param::PARAM_FLAG)
 .text._ZN5Param7GetFlagENS_9PARAM_NUME
                0x080017b0        0xc obj/params.o
                0x080017b0                Param::GetFlag(Param::PARAM_NUM)
 .text._ZN5Param8GetIdSumEv
                0x080017bc        0x6 obj/params.o
                0x080017bc                Param::GetIdSum()
 .text._GLOBAL__sub_I__ZN5Param3SetENS_9PARAM_NUMEl
                0x080017c2        0x8 obj/params.o
 .text._ZN8Terminal10KeyPressedEv
                0x080017ca        0xc obj/terminal.o
                0x080017ca                Terminal::KeyPressed()
 .text._ZN8Terminal10FlushInputEv
                0x080017d6        0xa obj/terminal.o
                0x080017d6                Terminal::FlushInput()
 .text._ZN8Terminal8ResetDMAEv
                0x080017e0       0x3c obj/terminal.o
                0x080017e0                Terminal::ResetDMA()
 .text._ZN8TerminalC2EmPK8TERM_CMDb
                0x0800181c      0x158 obj/terminal.o
                0x0800181c                Terminal::Terminal(unsigned long, TERM_CMD const*, bool)
                0x0800181c                Terminal::Terminal(unsigned long, TERM_CMD const*, bool)
 .text._ZN8Terminal17SendCurrentBufferEm
                0x08001974       0x88 obj/terminal.o
                0x08001974                Terminal::SendCurrentBuffer(unsigned long)
 .text._ZN8Terminal7PutCharEc
                0x080019fc       0x4c obj/terminal.o
                0x080019fc                Terminal::PutChar(char)
 .text.putchar  0x08001a48       0x18 obj/terminal.o
                0x08001a48                putchar
 .text._ZL4HelpP8TerminalPc
                0x08001a60        0x2 obj/terminal_prj.o
 .text._ZL11PrintErrorsP8TerminalPc
                0x08001a62        0x8 obj/terminal_prj.o
 *fill*         0x08001a6a        0x2 
 .text._ZL11PrintSerialP8TerminalPc
                0x08001a6c       0x28 obj/terminal_prj.o
 .text._ZL12LoadDefaultsP8TerminalPc
                0x08001a94       0x18 obj/terminal_prj.o
 .text._ZN16TerminalCommands15PrintParamsJsonEP8TerminalPc
                0x08001aac        0x8 obj/terminal_prj.o
                0x08001aac                TerminalCommands::PrintParamsJson(Terminal*, char*)
 .text.my_strcmp
                0x08001ab4       0x1c obj/my_string.o
                0x08001ab4                my_strcmp
 .text.my_strlen
                0x08001ad0        0xe obj/my_string.o
                0x08001ad0                my_strlen
 .text.my_strchr
                0x08001ade       0x10 obj/my_string.o
                0x08001ade                my_strchr
 .text.my_ltoa  0x08001aee       0x56 obj/my_string.o
                0x08001aee                my_ltoa
 .text.my_atoi  0x08001b44       0x30 obj/my_string.o
                0x08001b44                my_atoi
 .text.my_trim  0x08001b74       0x54 obj/my_string.o
                0x08001b74                my_trim
 .text.memcpy32
                0x08001bc8       0x16 obj/my_string.o
                0x08001bc8                memcpy32
 .text.memset32
                0x08001bde        0xc obj/my_string.o
                0x08001bde                memset32
 .text._ZN5DigIo9ConfigureEmtN7PinMode7PinModeE
                0x08001bea       0x62 obj/digio.o
                0x08001bea                DigIo::Configure(unsigned long, unsigned short, PinMode::PinMode)
 .text._Z41__static_initialization_and_destruction_0v
                0x08001c4c       0x10 obj/sine_core.o
 .text._GLOBAL__sub_I__ZN8SineCore8minPulseE
                0x08001c5c        0x8 obj/sine_core.o
 .text.fp_itoa  0x08001c64       0x5a obj/my_fp.o
                0x08001c64                fp_itoa
 .text.fp_atoi  0x08001cbe       0x62 obj/my_fp.o
                0x08001cbe                fp_atoi
 .text._ZL6printsP8IPutCharPKcii
                0x08001d20       0x86 obj/printf.o
 .text._ZL6printiP8IPutChariiiiii
                0x08001da6       0xae obj/printf.o
 .text._ZN13ExternPutChar7PutCharEc
                0x08001e54        0xa obj/printf.o
                0x08001e54                ExternPutChar::PutChar(char)
 .text._ZL7printfpP8IPutChariii
                0x08001e5e       0x20 obj/printf.o
 *fill*         0x08001e7e        0x2 
 .text._ZL5printP8IPutCharPKcSt9__va_list
                0x08001e80      0x16c obj/printf.o
 .text._Z6printfPKcz
                0x08001fec       0x28 obj/printf.o
                0x08001fec                printf(char const*, ...)
 .text._Z7fprintfP8IPutCharPKcz
                0x08002014       0x1c obj/printf.o
                0x08002014                fprintf(IPutChar*, char const*, ...)
 .text._Z41__static_initialization_and_destruction_0v
                0x08002030       0x10 obj/anain.o
 .text._ZN5AnaIn5StartEv
                0x08002040       0xc4 obj/anain.o
                0x08002040                AnaIn::Start()
 .text._ZN5AnaIn13AdcChFromPortEmi
                0x08002104       0x44 obj/anain.o
                0x08002104                AnaIn::AdcChFromPort(unsigned long, int)
 .text._ZN5AnaIn9ConfigureEmh
                0x08002148       0x38 obj/anain.o
                0x08002148                AnaIn::Configure(unsigned long, unsigned char)
 .text._GLOBAL__sub_I__ZN5AnaIn13channel_arrayE
                0x08002180        0x8 obj/anain.o
 .text._ZL15GetFlashAddressv
                0x08002188       0x12 obj/param_save.o
 .text.parm_save
                0x0800219a       0xb2 obj/param_save.o
                0x0800219a                parm_save
 .text.parm_load
                0x0800224c       0x5a obj/param_save.o
                0x0800224c                parm_load
 *fill*         0x080022a6        0x2 
 .text._ZN12ErrorMessage7SetTimeEm
                0x080022a8        0xc obj/errormessage.o
                0x080022a8                ErrorMessage::SetTime(unsigned long)
 .text._ZN12ErrorMessage10PrintErrorEm17ERROR_MESSAGE_NUM
                0x080022b4       0x2c obj/errormessage.o
                0x080022b4                ErrorMessage::PrintError(unsigned long, ERROR_MESSAGE_NUM)
 .text._ZN12ErrorMessage14PrintAllErrorsEv
                0x080022e0       0x3c obj/errormessage.o
                0x080022e0                ErrorMessage::PrintAllErrors()
 .text._ZN8Stm32Can11SetBaudrateEN11CanHardware9baudratesE
                0x0800231c       0x48 obj/stm32_can.o
                0x0800231c                Stm32Can::SetBaudrate(CanHardware::baudrates)
 .text._ZN8Stm32Can4SendEmPmh
                0x08002364       0x72 obj/stm32_can.o
                0x08002364                Stm32Can::Send(unsigned long, unsigned long*, unsigned char)
 *fill*         0x080023d6        0x2 
 .text._ZN8Stm32Can12GetInterfaceEi
                0x080023d8       0x14 obj/stm32_can.o
                0x080023d8                Stm32Can::GetInterface(int)
 .text._ZN8Stm32Can13HandleMessageEi
                0x080023ec       0x4e obj/stm32_can.o
                0x080023ec                Stm32Can::HandleMessage(int)
 .text._ZN8Stm32Can8HandleTxEv
                0x0800243a       0x64 obj/stm32_can.o
                0x0800243a                Stm32Can::HandleTx()
 .text._ZN8Stm32Can13SetFilterBankERiS0_Pt
                0x0800249e       0x56 obj/stm32_can.o
                0x0800249e                Stm32Can::SetFilterBank(int&, int&, unsigned short*)
 .text._ZN8Stm32Can15SetFilterBank29ERiS0_Pm
                0x080024f4       0x38 obj/stm32_can.o
                0x080024f4                Stm32Can::SetFilterBank29(int&, int&, unsigned long*)
 .text._ZN8Stm32Can16ConfigureFiltersEv
                0x0800252c       0xc8 obj/stm32_can.o
                0x0800252c                Stm32Can::ConfigureFilters()
 .text._ZN8Stm32CanC2EmN11CanHardware9baudratesEb
                0x080025f4      0x174 obj/stm32_can.o
                0x080025f4                Stm32Can::Stm32Can(unsigned long, CanHardware::baudrates, bool)
                0x080025f4                Stm32Can::Stm32Can(unsigned long, CanHardware::baudrates, bool)
 .text.usb_lp_can_rx0_isr
                0x08002768       0x10 obj/stm32_can.o
                0x08002768                usb_lp_can_rx0_isr
 .text.can_rx1_isr
                0x08002778       0x10 obj/stm32_can.o
                0x08002778                can_rx1_isr
 .text.usb_hp_can_tx_isr
                0x08002788        0xe obj/stm32_can.o
                0x08002788                usb_hp_can_tx_isr
 .text.can2_rx0_isr
                0x08002796       0x10 obj/stm32_can.o
                0x08002796                can2_rx0_isr
 .text.can2_rx1_isr
                0x080027a6       0x10 obj/stm32_can.o
                0x080027a6                can2_rx1_isr
 .text.can2_tx_isr
                0x080027b6        0xe obj/stm32_can.o
                0x080027b6                can2_tx_isr
 .text._ZN12NullCallback8HandleRxEmPm
                0x080027c4        0x4 obj/canhardware.o
                0x080027c4                NullCallback::HandleRx(unsigned long, unsigned long*)
 .text._ZN12NullCallback11HandleClearEv
                0x080027c8        0x2 obj/canhardware.o
                0x080027c8                NullCallback::HandleClear()
 *fill*         0x080027ca        0x2 
 .text._ZN11CanHardwareC2Ev
                0x080027cc       0x28 obj/canhardware.o
                0x080027cc                CanHardware::CanHardware()
                0x080027cc                CanHardware::CanHardware()
 .text._ZN11CanHardware18AddReceiveCallbackEP11CanCallback
                0x080027f4       0x1c obj/canhardware.o
                0x080027f4                CanHardware::AddReceiveCallback(CanCallback*)
 .text._ZN11CanHardware19RegisterUserMessageEm
                0x08002810       0x38 obj/canhardware.o
                0x08002810                CanHardware::RegisterUserMessage(unsigned long)
 .text._ZN11CanHardware17ClearUserMessagesEv
                0x08002848       0x2a obj/canhardware.o
                0x08002848                CanHardware::ClearUserMessages()
 .text._ZN11CanHardware8HandleRxEmPm
                0x08002872       0x2e obj/canhardware.o
                0x08002872                CanHardware::HandleRx(unsigned long, unsigned long*)
 .text._ZN6CanMap7PutCharEc
                0x080028a0       0x30 obj/canmap.o
                0x080028a0                CanMap::PutChar(char)
 .text._ZThn4_N6CanMap7PutCharEc
                0x080028d0        0x8 obj/canmap.o
                0x080028d0                non-virtual thunk to CanMap::PutChar(char)
 .text._ZN6CanMap11HandleClearEv
                0x080028d8       0x32 obj/canmap.o
                0x080028d8                CanMap::HandleClear()
 .text._ZN6CanMap7FindMapEN5Param9PARAM_NUMERmRhS3_RfRaRb
                0x0800290a       0x90 obj/canmap.o
                0x0800290a                CanMap::FindMap(Param::PARAM_NUM, unsigned long&, unsigned char&, unsigned char&, float&, signed char&, bool&)
 .text._ZN6CanMap13IterateCanMapEPFvN5Param9PARAM_NUMEmhhfabE
                0x0800299a       0x70 obj/canmap.o
                0x0800299a                CanMap::IterateCanMap(void (*)(Param::PARAM_NUM, unsigned long, unsigned char, unsigned char, float, signed char, bool))
 .text._ZN6CanMap8ClearMapEPNS_8CANIDMAPE
                0x08002a0a       0x30 obj/canmap.o
                0x08002a0a                CanMap::ClearMap(CanMap::CANIDMAP*)
 .text._ZN6CanMap5ClearEv
                0x08002a3a       0x1e obj/canmap.o
                0x08002a3a                CanMap::Clear()
 .text._ZN6CanMap13RemoveFromMapEPNS_8CANIDMAPEN5Param9PARAM_NUME
                0x08002a58       0x64 obj/canmap.o
                0x08002a58                CanMap::RemoveFromMap(CanMap::CANIDMAP*, Param::PARAM_NUM)
 .text._ZN6CanMap6RemoveEN5Param9PARAM_NUME
                0x08002abc       0x22 obj/canmap.o
                0x08002abc                CanMap::Remove(Param::PARAM_NUM)
 .text._ZN6CanMap11SaveToFlashEmPmi
                0x08002ade       0x30 obj/canmap.o
                0x08002ade                CanMap::SaveToFlash(unsigned long, unsigned long*, int)
 .text._ZN6CanMap8FindByIdEPNS_8CANIDMAPEm
                0x08002b0e       0x22 obj/canmap.o
                0x08002b0e                CanMap::FindById(CanMap::CANIDMAP*, unsigned long)
 .text._ZN6CanMap3AddEPNS_8CANIDMAPEN5Param9PARAM_NUMEmhhfa
                0x08002b30       0xfa obj/canmap.o
                0x08002b30                CanMap::Add(CanMap::CANIDMAP*, Param::PARAM_NUM, unsigned long, unsigned char, unsigned char, float, signed char)
 .text._ZN6CanMap7AddSendEN5Param9PARAM_NUMEmhhfa
                0x08002c2a       0x26 obj/canmap.o
                0x08002c2a                CanMap::AddSend(Param::PARAM_NUM, unsigned long, unsigned char, unsigned char, float, signed char)
 .text._ZN6CanMap7AddSendEN5Param9PARAM_NUMEmhhf
                0x08002c50       0x24 obj/canmap.o
                0x08002c50                CanMap::AddSend(Param::PARAM_NUM, unsigned long, unsigned char, unsigned char, float)
 .text._ZN6CanMap7AddRecvEN5Param9PARAM_NUMEmhhfa
                0x08002c74       0x36 obj/canmap.o
                0x08002c74                CanMap::AddRecv(Param::PARAM_NUM, unsigned long, unsigned char, unsigned char, float, signed char)
 .text._ZN6CanMap7AddRecvEN5Param9PARAM_NUMEmhhf
                0x08002caa       0x1a obj/canmap.o
                0x08002caa                CanMap::AddRecv(Param::PARAM_NUM, unsigned long, unsigned char, unsigned char, float)
 .text._ZN6CanMap15GetFlashAddressEv
                0x08002cc4       0x12 obj/canmap.o
                0x08002cc4                CanMap::GetFlashAddress()
 .text._ZN6CanMap21ReplaceParamEnumByUidEPNS_8CANIDMAPE
                0x08002cd6       0x46 obj/canmap.o
                0x08002cd6                CanMap::ReplaceParamEnumByUid(CanMap::CANIDMAP*)
 .text._ZN6CanMap21ReplaceParamUidByEnumEPNS_8CANIDMAPE
                0x08002d1c       0x44 obj/canmap.o
                0x08002d1c                CanMap::ReplaceParamUidByEnum(CanMap::CANIDMAP*)
 .text._ZN6CanMap4SaveEv
                0x08002d60       0xbc obj/canmap.o
                0x08002d60                CanMap::Save()
 .text._ZN6CanMap24ProcessSpecialSDOObjectsEPNS_7CAN_SDOE
                0x08002e1c       0xe8 obj/canmap.o
                0x08002e1c                CanMap::ProcessSpecialSDOObjects(CanMap::CAN_SDO*)
 .text._ZN6CanMap10ProcessSDOEPm
                0x08002f04      0x194 obj/canmap.o
                0x08002f04                CanMap::ProcessSDO(unsigned long*)
 .text._ZN6CanMap8HandleRxEmPm
                0x08003098       0xe4 obj/canmap.o
                0x08003098                CanMap::HandleRx(unsigned long, unsigned long*)
 .text._ZN6CanMap13LoadFromFlashEv
                0x0800317c       0x62 obj/canmap.o
                0x0800317c                CanMap::LoadFromFlash()
 *fill*         0x080031de        0x2 
 .text._ZN6CanMapC2EP11CanHardware
                0x080031e0       0x60 obj/canmap.o
                0x080031e0                CanMap::CanMap(CanHardware*)
                0x080031e0                CanMap::CanMap(CanHardware*)
 .text._ZN16TerminalCommands11PrintCanMapEN5Param9PARAM_NUMEmhhfab
                0x08003240       0x80 obj/terminalcommands.o
                0x08003240                TerminalCommands::PrintCanMap(Param::PARAM_NUM, unsigned long, unsigned char, unsigned char, float, signed char, bool)
 .text._ZN16TerminalCommands8ParamSetEP8TerminalPc
                0x080032c0       0x70 obj/terminalcommands.o
                0x080032c0                TerminalCommands::ParamSet(Terminal*, char*)
 .text._ZN16TerminalCommands8ParamGetEP8TerminalPc
                0x08003330       0x58 obj/terminalcommands.o
                0x08003330                TerminalCommands::ParamGet(Terminal*, char*)
 .text._ZN16TerminalCommands9ParamFlagEP8TerminalPc
                0x08003388       0xa4 obj/terminalcommands.o
                0x08003388                TerminalCommands::ParamFlag(Terminal*, char*)
 .text._ZN16TerminalCommands15PrintParamsJsonEP8IPutCharPc
                0x0800342c      0x150 obj/terminalcommands.o
                0x0800342c                TerminalCommands::PrintParamsJson(IPutChar*, char*)
 .text._ZN16TerminalCommands6MapCanEP8TerminalPc
                0x0800357c      0x21c obj/terminalcommands.o
                0x0800357c                TerminalCommands::MapCan(Terminal*, char*)
 .text._ZN16TerminalCommands14SaveParametersEP8TerminalPc
                0x08003798       0x30 obj/terminalcommands.o
                0x08003798                TerminalCommands::SaveParameters(Terminal*, char*)
 .text._ZN16TerminalCommands14LoadParametersEP8TerminalPc
                0x080037c8       0x2c obj/terminalcommands.o
                0x080037c8                TerminalCommands::LoadParameters(Terminal*, char*)
 .text._ZN16TerminalCommands5ResetEP8TerminalPc
                0x080037f4        0x6 obj/terminalcommands.o
                0x080037f4                TerminalCommands::Reset(Terminal*, char*)
 .text._ZN16TerminalCommands19ParamNamesToIndexesEPcPN5Param9PARAM_NUMEm
                0x080037fa       0x48 obj/terminalcommands.o
                0x080037fa                TerminalCommands::ParamNamesToIndexes(char*, Param::PARAM_NUM*, unsigned long)
 *fill*         0x08003842        0x2 
 .text._ZN16TerminalCommands11ParamStreamEP8TerminalPc
                0x08003844       0xb0 obj/terminalcommands.o
                0x08003844                TerminalCommands::ParamStream(Terminal*, char*)
 .text.evaluateUdpPayload
                0x080038f4       0xe4 obj/ipv6.o
                0x080038f4                evaluateUdpPayload
 .text.ipv6_packRequestIntoEthernet
                0x080039d8       0x64 obj/ipv6.o
                0x080039d8                ipv6_packRequestIntoEthernet
 .text.ipv6_packRequestIntoIp
                0x08003a3c       0x90 obj/ipv6.o
                0x08003a3c                ipv6_packRequestIntoIp
 .text.ipv6_packRequestIntoUdp
                0x08003acc       0x80 obj/ipv6.o
                0x08003acc                ipv6_packRequestIntoUdp
 .text.ipv6_initiateSdpRequest
                0x08003b4c       0x44 obj/ipv6.o
                0x08003b4c                ipv6_initiateSdpRequest
 .text.evaluateNeighborSolicitation
                0x08003b90      0x120 obj/ipv6.o
                0x08003b90                evaluateNeighborSolicitation
 .text.ipv6_evaluateReceivedPacket
                0x08003cb0      0x12c obj/ipv6.o
                0x08003cb0                ipv6_evaluateReceivedPacket
 .text.tcp_prepareTcpHeader
                0x08003ddc       0xa8 obj/tcp.o
                0x08003ddc                tcp_prepareTcpHeader
 .text.tcp_packRequestIntoEthernet
                0x08003e84       0x60 obj/tcp.o
                0x08003e84                tcp_packRequestIntoEthernet
 .text.tcp_packRequestIntoIp
                0x08003ee4       0x90 obj/tcp.o
                0x08003ee4                tcp_packRequestIntoIp
 .text.tcp_connect
                0x08003f74       0x74 obj/tcp.o
                0x08003f74                tcp_connect
 .text.tcp_sendFirstAck
                0x08003fe8       0x30 obj/tcp.o
                0x08003fe8                tcp_sendFirstAck
 .text.tcp_sendAck
                0x08004018       0x24 obj/tcp.o
                0x08004018                tcp_sendAck
 .text.evaluateTcpPacket
                0x0800403c      0x118 obj/tcp.o
                0x0800403c                evaluateTcpPacket
 .text.tcp_transmit
                0x08004154       0x54 obj/tcp.o
                0x08004154                tcp_transmit
 .text.tcp_Mainfunction
                0x080041a8       0x4c obj/tcp.o
                0x080041a8                tcp_Mainfunction
 .text.connMgr_getConnectionLevel
                0x080041f4        0xc obj/connMgr.o
                0x080041f4                connMgr_getConnectionLevel
 .text.connMgr_printDebugInfos
                0x08004200       0x70 obj/connMgr.o
                0x08004200                connMgr_printDebugInfos
 .text.connMgr_Mainfunction
                0x08004270       0xfc obj/connMgr.o
                0x08004270                connMgr_Mainfunction
 .text.connMgr_ModemFinderOk
                0x0800436c       0x20 obj/connMgr.o
                0x0800436c                connMgr_ModemFinderOk
 .text.connMgr_SlacOk
                0x0800438c       0x10 obj/connMgr.o
                0x0800438c                connMgr_SlacOk
 .text.connMgr_SdpOk
                0x0800439c        0xc obj/connMgr.o
                0x0800439c                connMgr_SdpOk
 .text.connMgr_TcpOk
                0x080043a8        0xc obj/connMgr.o
                0x080043a8                connMgr_TcpOk
 .text.connMgr_ApplOk
                0x080043b4       0x10 obj/connMgr.o
                0x080043b4                connMgr_ApplOk
 .text.modemFinder_Mainfunction
                0x080043c4       0x98 obj/modemFinder.o
                0x080043c4                modemFinder_Mainfunction
 .text.combineValueAndMultiplier
                0x0800445c       0x28 obj/pevStateMachine.o
                0x0800445c                combineValueAndMultiplier
 .text.addV2GTPHeaderAndTransmit
                0x08004484       0x68 obj/pevStateMachine.o
                0x08004484                addV2GTPHeaderAndTransmit
 .text.encodeAndTransmit
                0x080044ec       0x24 obj/pevStateMachine.o
                0x080044ec                encodeAndTransmit
 .text.routeDecoderInputData
                0x08004510       0x20 obj/pevStateMachine.o
                0x08004510                routeDecoderInputData
 .text.pev_sendChargeParameterDiscoveryReq
                0x08004530      0x110 obj/pevStateMachine.o
                0x08004530                pev_sendChargeParameterDiscoveryReq
 .text.pev_sendCableCheckReq
                0x08004640       0x4c obj/pevStateMachine.o
                0x08004640                pev_sendCableCheckReq
 .text.pev_sendPreChargeReq
                0x0800468c       0x78 obj/pevStateMachine.o
                0x0800468c                pev_sendPreChargeReq
 .text.pev_sendPowerDeliveryReq
                0x08004704       0x8c obj/pevStateMachine.o
                0x08004704                pev_sendPowerDeliveryReq
 .text.pev_sendCurrentDemandReq
                0x08004790       0xe0 obj/pevStateMachine.o
                0x08004790                pev_sendCurrentDemandReq
 .text.pev_sendWeldingDetectionReq
                0x08004870       0x48 obj/pevStateMachine.o
                0x08004870                pev_sendWeldingDetectionReq
 .text.pev_enterState
                0x080048b8       0x34 obj/pevStateMachine.o
                0x080048b8                pev_enterState
 .text.stateFunctionConnected
                0x080048ec       0x34 obj/pevStateMachine.o
                0x080048ec                stateFunctionConnected
 .text.stateFunctionChargingFinished
                0x08004920       0x1c obj/pevStateMachine.o
                0x08004920                stateFunctionChargingFinished
 .text.stateFunctionSequenceTimeout
                0x0800493c       0x30 obj/pevStateMachine.o
                0x0800493c                stateFunctionSequenceTimeout
 .text.stateFunctionUnrecoverableError
                0x0800496c       0x30 obj/pevStateMachine.o
                0x0800496c                stateFunctionUnrecoverableError
 .text.stateFunctionSafeShutDownWaitForChargerShutdown
                0x0800499c       0x3c obj/pevStateMachine.o
                0x0800499c                stateFunctionSafeShutDownWaitForChargerShutdown
 .text.stateFunctionSafeShutDownWaitForContactorsOpen
                0x080049d8       0x38 obj/pevStateMachine.o
                0x080049d8                stateFunctionSafeShutDownWaitForContactorsOpen
 .text.pev_isTooLong
                0x08004a10       0x40 obj/pevStateMachine.o
                0x08004a10                pev_isTooLong
 .text.stateFunctionWaitForSupportedApplicationProtocolResponse
                0x08004a50       0xfc obj/pevStateMachine.o
                0x08004a50                stateFunctionWaitForSupportedApplicationProtocolResponse
 .text.stateFunctionWaitForSessionSetupResponse
                0x08004b4c       0xcc obj/pevStateMachine.o
                0x08004b4c                stateFunctionWaitForSessionSetupResponse
 .text.stateFunctionWaitForServiceDiscoveryResponse
                0x08004c18       0xa8 obj/pevStateMachine.o
                0x08004c18                stateFunctionWaitForServiceDiscoveryResponse
 .text.stateFunctionWaitForServicePaymentSelectionResponse
                0x08004cc0       0xa0 obj/pevStateMachine.o
                0x08004cc0                stateFunctionWaitForServicePaymentSelectionResponse
 .text.stateFunctionWaitForContractAuthenticationResponse
                0x08004d60       0xc8 obj/pevStateMachine.o
                0x08004d60                stateFunctionWaitForContractAuthenticationResponse
 .text.stateFunctionWaitForChargeParameterDiscoveryResponse
                0x08004e28       0xcc obj/pevStateMachine.o
                0x08004e28                stateFunctionWaitForChargeParameterDiscoveryResponse
 .text.stateFunctionWaitForConnectorLock
                0x08004ef4       0x44 obj/pevStateMachine.o
                0x08004ef4                stateFunctionWaitForConnectorLock
 .text.stateFunctionWaitForCableCheckResponse
                0x08004f38       0xd4 obj/pevStateMachine.o
                0x08004f38                stateFunctionWaitForCableCheckResponse
 .text.stateFunctionWaitForPreChargeResponse
                0x0800500c       0xe4 obj/pevStateMachine.o
                0x0800500c                stateFunctionWaitForPreChargeResponse
 .text.stateFunctionWaitForContactorsClosed
                0x080050f0       0x44 obj/pevStateMachine.o
                0x080050f0                stateFunctionWaitForContactorsClosed
 .text.stateFunctionWaitForPowerDeliveryResponse
                0x08005134       0xb0 obj/pevStateMachine.o
                0x08005134                stateFunctionWaitForPowerDeliveryResponse
 .text.stateFunctionWaitForCurrentDemandResponse
                0x080051e4      0x148 obj/pevStateMachine.o
                0x080051e4                stateFunctionWaitForCurrentDemandResponse
 .text.stateFunctionWaitForWeldingDetectionResponse
                0x0800532c       0x98 obj/pevStateMachine.o
                0x0800532c                stateFunctionWaitForWeldingDetectionResponse
 .text.stateFunctionWaitForSessionStopResponse
                0x080053c4       0x68 obj/pevStateMachine.o
                0x080053c4                stateFunctionWaitForSessionStopResponse
 .text.pev_runFsm
                0x0800542c      0x120 obj/pevStateMachine.o
                0x0800542c                pev_runFsm
 .text.pevStateMachine_Mainfunction
                0x0800554c       0x10 obj/pevStateMachine.o
                0x0800554c                pevStateMachine_Mainfunction
 .text.hardwareInterface_simulatePreCharge
                0x0800555c        0x2 obj/hardwareInterface.o
                0x0800555c                hardwareInterface_simulatePreCharge
 *fill*         0x0800555e        0x2 
 .text.hardwareInterface_simulateCharging
                0x08005560       0x18 obj/hardwareInterface.o
                0x08005560                hardwareInterface_simulateCharging
 .text.hardwareInterface_getAccuVoltage
                0x08005578        0x4 obj/hardwareInterface.o
                0x08005578                hardwareInterface_getAccuVoltage
 .text.hardwareInterface_getChargingTargetVoltage
                0x0800557c        0x4 obj/hardwareInterface.o
                0x0800557c                hardwareInterface_getChargingTargetVoltage
 .text.hardwareInterface_getChargingTargetCurrent
                0x08005580        0x4 obj/hardwareInterface.o
                0x08005580                hardwareInterface_getChargingTargetCurrent
 .text.hardwareInterface_getSoc
                0x08005584       0x14 obj/hardwareInterface.o
                0x08005584                hardwareInterface_getSoc
 .text.hardwareInterface_getIsAccuFull
                0x08005598       0x14 obj/hardwareInterface.o
                0x08005598                hardwareInterface_getIsAccuFull
 .text.hardwareInterface_setPowerRelayOn
                0x080055ac        0xc obj/hardwareInterface.o
                0x080055ac                hardwareInterface_setPowerRelayOn
 .text.hardwareInterface_setPowerRelayOff
                0x080055b8        0xc obj/hardwareInterface.o
                0x080055b8                hardwareInterface_setPowerRelayOff
 .text.hardwareInterface_setStateB
                0x080055c4        0x2 obj/hardwareInterface.o
                0x080055c4                hardwareInterface_setStateB
 .text.hardwareInterface_setStateC
                0x080055c6        0x2 obj/hardwareInterface.o
                0x080055c6                hardwareInterface_setStateC
 .text.hardwareInterface_triggerConnectorLocking
                0x080055c8        0x2 obj/hardwareInterface.o
                0x080055c8                hardwareInterface_triggerConnectorLocking
 .text.hardwareInterface_triggerConnectorUnlocking
                0x080055ca        0x2 obj/hardwareInterface.o
                0x080055ca                hardwareInterface_triggerConnectorUnlocking
 .text.hardwareInterface_isConnectorLocked
                0x080055cc        0x4 obj/hardwareInterface.o
                0x080055cc                hardwareInterface_isConnectorLocked
 .text.hardwareInterface_resetSimulation
                0x080055d0       0x10 obj/hardwareInterface.o
                0x080055d0                hardwareInterface_resetSimulation
 .text.hardwareInterface_handleOutputTestMode
                0x080055e0       0x44 obj/hardwareInterface.o
                0x080055e0                hardwareInterface_handleOutputTestMode
 .text.hwIf_handleContactorRequests
                0x08005624       0x28 obj/hardwareInterface.o
                0x08005624                hwIf_handleContactorRequests
 .text.handleApplicationRGBLeds
                0x0800564c       0x18 obj/hardwareInterface.o
                0x0800564c                handleApplicationRGBLeds
 .text.hardwareInterface_cyclic
                0x08005664       0x78 obj/hardwareInterface.o
                0x08005664                hardwareInterface_cyclic
 .text.calculateUdpAndTcpChecksumForIPv6
                0x080056dc       0xd0 obj/udpChecksum.o
                0x080056dc                calculateUdpAndTcpChecksumForIPv6
 .text.getEtherType
                0x080057ac        0xc obj/homeplug.o
                0x080057ac                getEtherType
 .text.fillDestinationMac
                0x080057b8       0x14 obj/homeplug.o
                0x080057b8                fillDestinationMac
 .text.fillSourceMac
                0x080057cc        0x4 obj/homeplug.o
                0x080057cc                fillSourceMac
 .text.cleanTransmitBuffer
                0x080057d0       0x18 obj/homeplug.o
                0x080057d0                cleanTransmitBuffer
 .text.setNmkAt
                0x080057e8       0x24 obj/homeplug.o
                0x080057e8                setNmkAt
 .text.setNidAt
                0x0800580c       0x24 obj/homeplug.o
                0x0800580c                setNidAt
 .text.getManagementMessageType
                0x08005830        0xc obj/homeplug.o
                0x08005830                getManagementMessageType
 .text.composeGetSwReq
                0x0800583c       0x4c obj/homeplug.o
                0x0800583c                composeGetSwReq
 .text.composeSlacParamReq
                0x08005888       0x5c obj/homeplug.o
                0x08005888                composeSlacParamReq
 .text.composeStartAttenCharInd
                0x080058e4       0x6c obj/homeplug.o
                0x080058e4                composeStartAttenCharInd
 .text.composeNmbcSoundInd
                0x08005950       0x74 obj/homeplug.o
                0x08005950                composeNmbcSoundInd
 .text.composeAttenCharRsp
                0x080059c4       0x64 obj/homeplug.o
                0x080059c4                composeAttenCharRsp
 .text.evaluateAttenCharInd
                0x08005a28       0x6c obj/homeplug.o
                0x08005a28                evaluateAttenCharInd
 .text.composeSlacMatchReq
                0x08005a94       0x74 obj/homeplug.o
                0x08005a94                composeSlacMatchReq
 .text.composeSetKey
                0x08005b08       0x80 obj/homeplug.o
                0x08005b08                composeSetKey
 .text.evaluateSetKeyCnf
                0x08005b88       0x44 obj/homeplug.o
                0x08005b88                evaluateSetKeyCnf
 .text.composeGetKey
                0x08005bcc       0x70 obj/homeplug.o
                0x08005bcc                composeGetKey
 .text.evaluateGetSwCnf
                0x08005c3c       0x8c obj/homeplug.o
                0x08005c3c                evaluateGetSwCnf
 .text.slac_enterState
                0x08005cc8       0x34 obj/homeplug.o
                0x08005cc8                slac_enterState
 .text.evaluateSlacParamCnf
                0x08005cfc       0x38 obj/homeplug.o
                0x08005cfc                evaluateSlacParamCnf
 .text.evaluateSlacMatchCnf
                0x08005d34       0x88 obj/homeplug.o
                0x08005d34                evaluateSlacMatchCnf
 .text.runSlacSequencer
                0x08005dbc      0x1fc obj/homeplug.o
                0x08005dbc                runSlacSequencer
 .text.runSdpStateMachine
                0x08005fb8       0x80 obj/homeplug.o
                0x08005fb8                runSdpStateMachine
 .text.evaluateReceivedHomeplugPacket
                0x08006038       0x5a obj/homeplug.o
                0x08006038                evaluateReceivedHomeplugPacket
 *fill*         0x08006092        0x2 
 .text.addToTrace
                0x08006094       0x2c obj/myHelpers.o
                0x08006094                addToTrace
 .text.showAsHex
                0x080060c0       0x48 obj/myHelpers.o
                0x080060c0                showAsHex
 .text.sanityCheck
                0x08006108        0x2 obj/myHelpers.o
                0x08006108                sanityCheck
 *fill*         0x0800610a        0x2 
 .text.spiQCA7000DemoWriteBFR_SIZE
                0x0800610c       0x24 obj/qca7000.o
                0x0800610c                spiQCA7000DemoWriteBFR_SIZE
 .text.spiQCA7000DemoReadRDBUF_BYTE_AVA
                0x08006130       0x30 obj/qca7000.o
                0x08006130                spiQCA7000DemoReadRDBUF_BYTE_AVA
 .text.QCA7000checkRxDataAndDistribute
                0x08006160       0xd4 obj/qca7000.o
                0x08006160                QCA7000checkRxDataAndDistribute
 .text.spiQCA7000checkForReceivedData
                0x08006234       0x78 obj/qca7000.o
                0x08006234                spiQCA7000checkForReceivedData
 .text.spiQCA7000SendEthFrame
                0x080062ac       0x60 obj/qca7000.o
                0x080062ac                spiQCA7000SendEthFrame
 .text.myEthTransmit
                0x0800630c       0x2c obj/qca7000.o
                0x0800630c                myEthTransmit
 .text.decode_appHandAppProtocolType
                0x08006338      0x284 obj/appHandEXIDatatypesDecoder.o
 .text.decode_appHandExiDocument
                0x080065bc      0x7f8 obj/appHandEXIDatatypesDecoder.o
                0x080065bc                decode_appHandExiDocument
 .text.encode   0x08006db4        0x8 obj/EncoderChannel.o
                0x08006db4                encode
 .text.encodeUnsignedInteger16
                0x08006dbc       0x54 obj/EncoderChannel.o
                0x08006dbc                encodeUnsignedInteger16
 .text.encodeUnsignedInteger32
                0x08006e10       0x74 obj/EncoderChannel.o
                0x08006e10                encodeUnsignedInteger32
 .text.encodeCharacters
                0x08006e84       0x22 obj/EncoderChannel.o
                0x08006e84                encodeCharacters
 .text.encodeUnsignedInteger64
                0x08006ea6       0x3e obj/EncoderChannel.o
                0x08006ea6                encodeUnsignedInteger64
 .text.encodeBytes
                0x08006ee4       0x1e obj/EncoderChannel.o
                0x08006ee4                encodeBytes
 .text.encodeBoolean
                0x08006f02        0xc obj/EncoderChannel.o
                0x08006f02                encodeBoolean
 .text.encodeInteger16
                0x08006f0e       0x28 obj/EncoderChannel.o
                0x08006f0e                encodeInteger16
 .text.encodeInteger32
                0x08006f36       0x28 obj/EncoderChannel.o
                0x08006f36                encodeInteger32
 .text.encodeInteger64
                0x08006f5e       0x2e obj/EncoderChannel.o
                0x08006f5e                encodeInteger64
 .text.encodeNBitUnsignedInteger
                0x08006f8c        0xa obj/EncoderChannel.o
                0x08006f8c                encodeNBitUnsignedInteger
 .text.encodeFinish
                0x08006f96        0x4 obj/EncoderChannel.o
                0x08006f96                encodeFinish
 .text.decode   0x08006f9a       0x20 obj/DecoderChannel.o
                0x08006f9a                decode
 .text.decodeUnsignedInteger16
                0x08006fba       0x34 obj/DecoderChannel.o
                0x08006fba                decodeUnsignedInteger16
 .text.decodeUnsignedInteger32
                0x08006fee       0x34 obj/DecoderChannel.o
                0x08006fee                decodeUnsignedInteger32
 .text.decodeCharacters
                0x08007022       0x2c obj/DecoderChannel.o
                0x08007022                decodeCharacters
 .text.decodeUnsignedInteger64
                0x0800704e       0x52 obj/DecoderChannel.o
                0x0800704e                decodeUnsignedInteger64
 .text.decodeBytes
                0x080070a0       0x2c obj/DecoderChannel.o
                0x080070a0                decodeBytes
 .text.decodeBoolean
                0x080070cc       0x1a obj/DecoderChannel.o
                0x080070cc                decodeBoolean
 .text.decodeInteger16
                0x080070e6       0x32 obj/DecoderChannel.o
                0x080070e6                decodeInteger16
 .text.decodeInteger32
                0x08007118       0x2c obj/DecoderChannel.o
                0x08007118                decodeInteger32
 .text.decodeInteger64
                0x08007144       0x42 obj/DecoderChannel.o
                0x08007144                decodeInteger64
 .text.decodeNBitUnsignedInteger
                0x08007186       0x12 obj/DecoderChannel.o
                0x08007186                decodeNBitUnsignedInteger
 .text.readEXIHeader
                0x08007198       0x2e obj/EXIHeaderDecoder.o
                0x08007198                readEXIHeader
 .text.init_appHandEXIDocument
                0x080071c6        0xe obj/appHandEXIDatatypes.o
                0x080071c6                init_appHandEXIDocument
 .text.init_appHandAppProtocolType
                0x080071d4        0x2 obj/appHandEXIDatatypes.o
                0x080071d4                init_appHandAppProtocolType
 .text.init_appHandAnonType_supportedAppProtocolReq
                0x080071d6        0x8 obj/appHandEXIDatatypes.o
                0x080071d6                init_appHandAnonType_supportedAppProtocolReq
 .text.init_appHandAnonType_supportedAppProtocolRes
                0x080071de        0xa obj/appHandEXIDatatypes.o
                0x080071de                init_appHandAnonType_supportedAppProtocolRes
 .text.decode_dinPhysicalValueType
                0x080071e8      0x1f0 obj/dinEXIDatatypesDecoder.o
 .text.decode_dinAC_EVChargeParameterType
                0x080073d8      0x180 obj/dinEXIDatatypesDecoder.o
 .text.decode_dinAC_EVSEStatusType
                0x08007558      0x1e8 obj/dinEXIDatatypesDecoder.o
 .text.decode_dinAC_EVSEChargeParameterType
                0x08007740      0x11c obj/dinEXIDatatypesDecoder.o
 .text.decode_dinBodyBaseType
                0x0800785c       0x50 obj/dinEXIDatatypesDecoder.o
 .text.decode_dinCanonicalizationMethodType
                0x080078ac      0x134 obj/dinEXIDatatypesDecoder.o
 .text.decode_dinListOfRootCertificateIDsType
                0x080079e0      0x19c obj/dinEXIDatatypesDecoder.o
 .text.decode_dinCertificateInstallationReqType
                0x08007b7c      0x270 obj/dinEXIDatatypesDecoder.o
 .text.decode_dinCertificateChainType
                0x08007dec      0x2bc obj/dinEXIDatatypesDecoder.o
 .text.decode_dinCertificateInstallationResType
                0x080080a8      0x30c obj/dinEXIDatatypesDecoder.o
 .text.decode_dinCertificateUpdateReqType
                0x080083b4      0x254 obj/dinEXIDatatypesDecoder.o
 .text.decode_dinCertificateUpdateResType
                0x08008608      0x360 obj/dinEXIDatatypesDecoder.o
 .text.decode_dinChargingStatusReqType
                0x08008968       0x50 obj/dinEXIDatatypesDecoder.o
 .text.decode_dinMeterInfoType
                0x080089b8      0x4e4 obj/dinEXIDatatypesDecoder.o
 .text.decode_dinChargingStatusResType
                0x08008e9c      0x348 obj/dinEXIDatatypesDecoder.o
 .text.decode_dinContractAuthenticationReqType
                0x080091e4      0x1dc obj/dinEXIDatatypesDecoder.o
 .text.decode_dinContractAuthenticationResType
                0x080093c0      0x134 obj/dinEXIDatatypesDecoder.o
 .text.decode_dinDC_EVSEStatusType
                0x080094f4      0x274 obj/dinEXIDatatypesDecoder.o
 .text.decode_dinCableCheckResType
                0x08009768      0x16c obj/dinEXIDatatypesDecoder.o
 .text.decode_dinCurrentDemandResType
                0x080098d4      0x360 obj/dinEXIDatatypesDecoder.o
 .text.decode_dinDC_EVSEChargeParameterType
                0x08009c34      0x254 obj/dinEXIDatatypesDecoder.o
 .text.decode_dinDC_EVStatusType
                0x08009e88      0x36c obj/dinEXIDatatypesDecoder.o
 .text.decode_dinCableCheckReqType
                0x0800a1f4       0x88 obj/dinEXIDatatypesDecoder.o
 .text.decode_dinCurrentDemandReqType
                0x0800a27c      0x534 obj/dinEXIDatatypesDecoder.o
 .text.decode_dinDC_EVChargeParameterType
                0x0800a7b0      0x4c0 obj/dinEXIDatatypesDecoder.o
 .text.decode_dinDC_EVPowerDeliveryParameterType
                0x0800ac70      0x1b0 obj/dinEXIDatatypesDecoder.o
 .text.decode_dinDSAKeyValueType
                0x0800ae20      0x628 obj/dinEXIDatatypesDecoder.o
 .text.decode_dinDigestMethodType
                0x0800b448      0x134 obj/dinEXIDatatypesDecoder.o
 .text.decode_dinEVChargeParameterType
                0x0800b57c       0x50 obj/dinEXIDatatypesDecoder.o
 .text.decode_dinChargeParameterDiscoveryReqType
                0x0800b5cc      0x144 obj/dinEXIDatatypesDecoder.o
 .text.decode_dinEVPowerDeliveryParameterType
                0x0800b710       0x50 obj/dinEXIDatatypesDecoder.o
 .text.decode_dinEVSEChargeParameterType
                0x0800b760       0x50 obj/dinEXIDatatypesDecoder.o
 .text.decode_dinEVSEStatusType
                0x0800b7b0       0x50 obj/dinEXIDatatypesDecoder.o
 .text.decode_dinMeteringReceiptReqType
                0x0800b800      0x254 obj/dinEXIDatatypesDecoder.o
 .text.decode_dinMeteringReceiptResType
                0x0800ba54      0x100 obj/dinEXIDatatypesDecoder.o
 .text.decode_dinObjectType
                0x0800bb54      0x244 obj/dinEXIDatatypesDecoder.o
 .text.decode_dinPGPDataType
                0x0800bd98      0x204 obj/dinEXIDatatypesDecoder.o
 .text.decode_dinPaymentDetailsReqType
                0x0800bf9c      0x118 obj/dinEXIDatatypesDecoder.o
 .text.decode_dinPaymentDetailsResType
                0x0800c0b4      0x1c0 obj/dinEXIDatatypesDecoder.o
 .text.decode_dinProfileEntryType
                0x0800c274      0x118 obj/dinEXIDatatypesDecoder.o
 .text.decode_dinPowerDeliveryReqType
                0x0800c38c      0x26c obj/dinEXIDatatypesDecoder.o
 .text.decode_dinPowerDeliveryResType
                0x0800c5f8      0x140 obj/dinEXIDatatypesDecoder.o
 .text.decode_dinPreChargeReqType
                0x0800c738       0xec obj/dinEXIDatatypesDecoder.o
 .text.decode_dinPreChargeResType
                0x0800c824      0x15c obj/dinEXIDatatypesDecoder.o
 .text.decode_dinRSAKeyValueType
                0x0800c980      0x15c obj/dinEXIDatatypesDecoder.o
 .text.decode_dinKeyValueType
                0x0800cadc      0x184 obj/dinEXIDatatypesDecoder.o
 .text.decode_dinRelativeTimeIntervalType
                0x0800cc60      0x128 obj/dinEXIDatatypesDecoder.o
 .text.decode_dinSASchedulesType
                0x0800cd88       0x50 obj/dinEXIDatatypesDecoder.o
 .text.decode_dinSPKIDataType
                0x0800cdd8      0x248 obj/dinEXIDatatypesDecoder.o
 .text.decode_dinServiceTagType
                0x0800d020      0x2cc obj/dinEXIDatatypesDecoder.o
 .text.decode_dinServiceChargeType
                0x0800d2ec      0x178 obj/dinEXIDatatypesDecoder.o
 .text.decode_dinServiceDetailReqType
                0x0800d464       0xbc obj/dinEXIDatatypesDecoder.o
 .text.decode_dinParameterType
                0x0800d520      0x298 obj/dinEXIDatatypesDecoder.o
 .text.decode_dinParameterSetType
                0x0800d7b8      0x114 obj/dinEXIDatatypesDecoder.o
 .text.decode_dinServiceDetailResType
                0x0800d8cc      0x240 obj/dinEXIDatatypesDecoder.o
 .text.decode_dinServiceDiscoveryReqType
                0x0800db0c      0x1dc obj/dinEXIDatatypesDecoder.o
 .text.decode_dinServiceType
                0x0800dce8       0xf4 obj/dinEXIDatatypesDecoder.o
 .text.decode_dinServiceDiscoveryResType
                0x0800dddc      0x324 obj/dinEXIDatatypesDecoder.o
 .text.decode_dinSelectedServiceType
                0x0800e100      0x128 obj/dinEXIDatatypesDecoder.o
 .text.decode_dinServicePaymentSelectionReqType
                0x0800e228      0x184 obj/dinEXIDatatypesDecoder.o
 .text.decode_dinServicePaymentSelectionResType
                0x0800e3ac       0xcc obj/dinEXIDatatypesDecoder.o
 .text.decode_dinSessionSetupReqType
                0x0800e478       0xd8 obj/dinEXIDatatypesDecoder.o
 .text.decode_dinSessionSetupResType
                0x0800e550      0x1c0 obj/dinEXIDatatypesDecoder.o
 .text.decode_dinSessionStopType
                0x0800e710       0x50 obj/dinEXIDatatypesDecoder.o
 .text.decode_dinSessionStopResType
                0x0800e760       0xcc obj/dinEXIDatatypesDecoder.o
 .text.decode_dinSignatureMethodType
                0x0800e82c      0x244 obj/dinEXIDatatypesDecoder.o
 .text.decode_dinSignaturePropertyType
                0x0800ea70      0x214 obj/dinEXIDatatypesDecoder.o
 .text.decode_dinSignatureValueType
                0x0800ec84      0x10c obj/dinEXIDatatypesDecoder.o
 .text.decode_dinIntervalType
                0x0800ed90       0x50 obj/dinEXIDatatypesDecoder.o
 .text.decode_dinPMaxScheduleEntryType
                0x0800ede0      0x114 obj/dinEXIDatatypesDecoder.o
 .text.decode_dinSalesTariffEntryType
                0x0800eef4      0x438 obj/dinEXIDatatypesDecoder.o
 .text.decode_dinSAScheduleTupleType
                0x0800f32c      0x4e0 obj/dinEXIDatatypesDecoder.o
 .text.decode_dinSAScheduleListType
                0x0800f80c       0xa8 obj/dinEXIDatatypesDecoder.o
 .text.decode_dinChargeParameterDiscoveryResType
                0x0800f8b4      0x21c obj/dinEXIDatatypesDecoder.o
 .text.decode_dinTransformType
                0x0800fad0      0x274 obj/dinEXIDatatypesDecoder.o
 .text.decode_dinTransformsType
                0x0800fd44       0x9c obj/dinEXIDatatypesDecoder.o
 .text.decode_dinReferenceType
                0x0800fde0      0x2b8 obj/dinEXIDatatypesDecoder.o
 .text.decode_dinSignedInfoType
                0x08010098      0x174 obj/dinEXIDatatypesDecoder.o
 .text.decode_dinRetrievalMethodType
                0x0801020c      0x194 obj/dinEXIDatatypesDecoder.o
 .text.decode_dinWeldingDetectionReqType
                0x080103a0       0x88 obj/dinEXIDatatypesDecoder.o
 .text.decode_dinWeldingDetectionResType
                0x08010428      0x15c obj/dinEXIDatatypesDecoder.o
 .text.decode_dinX509IssuerSerialType
                0x08010584      0x144 obj/dinEXIDatatypesDecoder.o
 .text.decode_dinX509DataType
                0x080106c8      0x4b8 obj/dinEXIDatatypesDecoder.o
 .text.decode_dinKeyInfoType
                0x08010b80      0x7cc obj/dinEXIDatatypesDecoder.o
 .text.decode_dinSignatureType
                0x0801134c      0x1bc obj/dinEXIDatatypesDecoder.o
 .text.decode_dinExiDocument
                0x08011508     0x1514 obj/dinEXIDatatypesDecoder.o
                0x08011508                decode_dinExiDocument
 .text.writeEXIHeader
                0x08012a1c        0xe obj/EXIHeaderEncoder.o
                0x08012a1c                writeEXIHeader
 .text.readBuffer
                0x08012a2a       0x28 obj/BitInputStream.o
 .text.readBits
                0x08012a52       0x94 obj/BitInputStream.o
                0x08012a52                readBits
 *fill*         0x08012ae6        0x2 
 .text.encode_dinContractAuthenticationResType
                0x08012ae8       0xb0 obj/dinEXIDatatypesEncoder.o
 .text.encode_dinServicePaymentSelectionResType
                0x08012b98       0x70 obj/dinEXIDatatypesEncoder.o
 .text.encode_dinSessionStopResType
                0x08012c08       0x70 obj/dinEXIDatatypesEncoder.o
 .text.encode_dinServiceDetailReqType
                0x08012c78       0x6c obj/dinEXIDatatypesEncoder.o
 .text.encode_dinCertificateChainType
                0x08012ce4      0x1dc obj/dinEXIDatatypesEncoder.o
 .text.encode_dinDSAKeyValueType
                0x08012ec0      0x2e4 obj/dinEXIDatatypesEncoder.o
 .text.encode_dinPGPDataType
                0x080131a4      0x144 obj/dinEXIDatatypesEncoder.o
 .text.encode_dinRSAKeyValueType
                0x080132e8       0xd0 obj/dinEXIDatatypesEncoder.o
 .text.encode_dinSPKIDataType
                0x080133b8      0x19c obj/dinEXIDatatypesEncoder.o
 .text.encode_dinSessionSetupReqType
                0x08013554       0x78 obj/dinEXIDatatypesEncoder.o
 .text.encode_dinCanonicalizationMethodType
                0x080135cc       0xc0 obj/dinEXIDatatypesEncoder.o
 .text.encode_dinListOfRootCertificateIDsType
                0x0801368c      0x11c obj/dinEXIDatatypesEncoder.o
 .text.encode_dinCertificateInstallationReqType
                0x080137a8      0x150 obj/dinEXIDatatypesEncoder.o
 .text.encode_dinCertificateInstallationResType
                0x080138f8      0x1fc obj/dinEXIDatatypesEncoder.o
 .text.encode_dinCertificateUpdateReqType
                0x08013af4      0x180 obj/dinEXIDatatypesEncoder.o
 .text.encode_dinContractAuthenticationReqType
                0x08013c74      0x104 obj/dinEXIDatatypesEncoder.o
 .text.encode_dinDigestMethodType
                0x08013d78       0xc0 obj/dinEXIDatatypesEncoder.o
 .text.encode_dinKeyValueType
                0x08013e38      0x160 obj/dinEXIDatatypesEncoder.o
 .text.encode_dinObjectType
                0x08013f98      0x21c obj/dinEXIDatatypesEncoder.o
 .text.encode_dinPaymentDetailsReqType
                0x080141b4       0xac obj/dinEXIDatatypesEncoder.o
 .text.encode_dinServiceTagType
                0x08014260      0x198 obj/dinEXIDatatypesEncoder.o
 .text.encode_dinServiceDiscoveryReqType
                0x080143f8      0x11c obj/dinEXIDatatypesEncoder.o
 .text.encode_dinSignaturePropertyType
                0x08014514      0x108 obj/dinEXIDatatypesEncoder.o
 .text.encode_dinSignatureValueType
                0x0801461c       0xb0 obj/dinEXIDatatypesEncoder.o
 .text.encode_dinTransformType
                0x080146cc      0x204 obj/dinEXIDatatypesEncoder.o
 .text.encode_dinTransformsType
                0x080148d0       0xc0 obj/dinEXIDatatypesEncoder.o
 .text.encode_dinReferenceType
                0x08014990      0x208 obj/dinEXIDatatypesEncoder.o
 .text.encode_dinRetrievalMethodType
                0x08014b98      0x130 obj/dinEXIDatatypesEncoder.o
 .text.encode_dinDC_EVSEStatusType
                0x08014cc8      0x164 obj/dinEXIDatatypesEncoder.o
 .text.encode_dinCableCheckResType
                0x08014e2c       0xdc obj/dinEXIDatatypesEncoder.o
 .text.encode_dinRelativeTimeIntervalType
                0x08014f08       0xc0 obj/dinEXIDatatypesEncoder.o
 .text.encode_dinPhysicalValueType
                0x08014fc8      0x104 obj/dinEXIDatatypesEncoder.o
 .text.encode_dinAC_EVChargeParameterType
                0x080150cc      0x110 obj/dinEXIDatatypesEncoder.o
 .text.encode_dinDC_EVSEChargeParameterType
                0x080151dc      0x1ac obj/dinEXIDatatypesEncoder.o
 .text.encode_dinPreChargeResType
                0x08015388       0xc8 obj/dinEXIDatatypesEncoder.o
 .text.encode_dinWeldingDetectionResType
                0x08015450       0xc8 obj/dinEXIDatatypesEncoder.o
 .text.encode_dinCertificateUpdateResType
                0x08015518      0x230 obj/dinEXIDatatypesEncoder.o
 .text.encode_dinProfileEntryType
                0x08015748       0xb0 obj/dinEXIDatatypesEncoder.o
 .text.encode_dinSelectedServiceType
                0x080157f8       0xc0 obj/dinEXIDatatypesEncoder.o
 .text.encode_dinServicePaymentSelectionReqType
                0x080158b8      0x13c obj/dinEXIDatatypesEncoder.o
 .text.encode_dinAC_EVSEStatusType
                0x080159f4      0x148 obj/dinEXIDatatypesEncoder.o
 .text.encode_dinAC_EVSEChargeParameterType
                0x08015b3c       0xd0 obj/dinEXIDatatypesEncoder.o
 .text.encode_dinMeteringReceiptResType
                0x08015c0c       0x98 obj/dinEXIDatatypesEncoder.o
 .text.encode_dinCurrentDemandResType
                0x08015ca4      0x270 obj/dinEXIDatatypesEncoder.o
 .text.encode_dinDC_EVStatusType
                0x08015f14      0x1a0 obj/dinEXIDatatypesEncoder.o
 .text.encode_dinDC_EVChargeParameterType
                0x080160b4      0x230 obj/dinEXIDatatypesEncoder.o
 .text.encode_dinPreChargeReqType
                0x080162e4       0x9c obj/dinEXIDatatypesEncoder.o
 .text.encode_dinWeldingDetectionReqType
                0x08016380       0x50 obj/dinEXIDatatypesEncoder.o
 .text.encode_dinCurrentDemandReqType
                0x080163d0      0x274 obj/dinEXIDatatypesEncoder.o
 .text.encode_dinDC_EVPowerDeliveryParameterType
                0x08016644       0xe0 obj/dinEXIDatatypesEncoder.o
 .text.encode_dinServiceChargeType
                0x08016724       0xe4 obj/dinEXIDatatypesEncoder.o
 .text.encode_dinServiceType
                0x08016808       0x94 obj/dinEXIDatatypesEncoder.o
 .text.encode_dinServiceDiscoveryResType
                0x0801689c      0x288 obj/dinEXIDatatypesEncoder.o
 .text.encode_dinMeterInfoType
                0x08016b24      0x22c obj/dinEXIDatatypesEncoder.o
 .text.encode_dinChargingStatusResType
                0x08016d50      0x1d8 obj/dinEXIDatatypesEncoder.o
 .text.encode_dinMeteringReceiptReqType
                0x08016f28      0x144 obj/dinEXIDatatypesEncoder.o
 .text.encode_dinPaymentDetailsResType
                0x0801706c      0x108 obj/dinEXIDatatypesEncoder.o
 .text.encode_dinSessionSetupResType
                0x08017174      0x10c obj/dinEXIDatatypesEncoder.o
 .text.encode_dinSignatureMethodType
                0x08017280      0x1bc obj/dinEXIDatatypesEncoder.o
 .text.encode_dinSignedInfoType
                0x0801743c      0x154 obj/dinEXIDatatypesEncoder.o
 .text.encode_dinX509IssuerSerialType
                0x08017590       0xc4 obj/dinEXIDatatypesEncoder.o
 .text.encode_dinX509DataType
                0x08017654      0x448 obj/dinEXIDatatypesEncoder.o
 .text.encode_dinKeyInfoType
                0x08017a9c      0x790 obj/dinEXIDatatypesEncoder.o
 .text.encode_dinSignatureType
                0x0801822c      0x18c obj/dinEXIDatatypesEncoder.o
 .text.encode_dinParameterType
                0x080183b8      0x1f0 obj/dinEXIDatatypesEncoder.o
 .text.encode_dinParameterSetType
                0x080185a8      0x10c obj/dinEXIDatatypesEncoder.o
 .text.encode_dinServiceDetailResType
                0x080186b4      0x1a0 obj/dinEXIDatatypesEncoder.o
 .text.encode_dinEVSEChargeParameterType.isra.0
                0x08018854       0x14 obj/dinEXIDatatypesEncoder.o
 .text.encode_dinPowerDeliveryReqType
                0x08018868      0x1f0 obj/dinEXIDatatypesEncoder.o
 .text.encode_dinPowerDeliveryResType
                0x08018a58       0xec obj/dinEXIDatatypesEncoder.o
 .text.encode_dinPMaxScheduleEntryType
                0x08018b44       0xc8 obj/dinEXIDatatypesEncoder.o
 .text.encode_dinSalesTariffEntryType
                0x08018c0c      0x310 obj/dinEXIDatatypesEncoder.o
 .text.encode_dinSAScheduleTupleType
                0x08018f1c      0x390 obj/dinEXIDatatypesEncoder.o
 .text.encode_dinSAScheduleListType
                0x080192ac       0xc4 obj/dinEXIDatatypesEncoder.o
 .text.encode_dinChargeParameterDiscoveryReqType
                0x08019370       0xec obj/dinEXIDatatypesEncoder.o
 .text.encode_dinChargeParameterDiscoveryResType
                0x0801945c      0x198 obj/dinEXIDatatypesEncoder.o
 .text.encode_dinExiDocument
                0x080195f4     0x1510 obj/dinEXIDatatypesEncoder.o
                0x080195f4                encode_dinExiDocument
 .text.numberOf7BitBlocksToRepresent
                0x0801ab04       0x28 obj/MethodsBag.o
                0x0801ab04                numberOf7BitBlocksToRepresent
 .text.writeBits
                0x0801ab2c       0xac obj/BitOutputStream.o
                0x0801ab2c                writeBits
 .text.flush    0x0801abd8       0x10 obj/BitOutputStream.o
                0x0801abd8                flush
 .text.init_dinEXIDocument
                0x0801abe8       0x1c obj/dinEXIDatatypes.o
                0x0801abe8                init_dinEXIDocument
 .text.init_dinMeteringReceiptReqType
                0x0801ac04       0x1a obj/dinEXIDatatypes.o
                0x0801ac04                init_dinMeteringReceiptReqType
 .text.init_dinBodyType
                0x0801ac1e       0x18 obj/dinEXIDatatypes.o
                0x0801ac1e                init_dinBodyType
 .text.init_dinSessionSetupReqType
                0x0801ac36        0x2 obj/dinEXIDatatypes.o
                0x0801ac36                init_dinSessionSetupReqType
 .text.init_dinPowerDeliveryResType
                0x0801ac38       0x1e obj/dinEXIDatatypes.o
                0x0801ac38                init_dinPowerDeliveryResType
 .text.init_dinServiceDetailResType
                0x0801ac56       0x12 obj/dinEXIDatatypes.o
                0x0801ac56                init_dinServiceDetailResType
 .text.init_dinWeldingDetectionResType
                0x0801ac68        0x2 obj/dinEXIDatatypes.o
                0x0801ac68                init_dinWeldingDetectionResType
 .text.init_dinContractAuthenticationResType
                0x0801ac6a        0x2 obj/dinEXIDatatypes.o
                0x0801ac6a                init_dinContractAuthenticationResType
 .text.init_dinCanonicalizationMethodType
                0x0801ac6c        0xe obj/dinEXIDatatypes.o
                0x0801ac6c                init_dinCanonicalizationMethodType
 .text.init_dinSPKIDataType
                0x0801ac7a       0x14 obj/dinEXIDatatypes.o
                0x0801ac7a                init_dinSPKIDataType
 .text.init_dinListOfRootCertificateIDsType
                0x0801ac8e        0x8 obj/dinEXIDatatypes.o
                0x0801ac8e                init_dinListOfRootCertificateIDsType
 .text.init_dinSelectedServiceListType
                0x0801ac96        0x8 obj/dinEXIDatatypes.o
                0x0801ac96                init_dinSelectedServiceListType
 .text.init_dinCurrentDemandResType
                0x0801ac9e       0x26 obj/dinEXIDatatypes.o
                0x0801ac9e                init_dinCurrentDemandResType
 .text.init_dinTransformType
                0x0801acc4       0x14 obj/dinEXIDatatypes.o
                0x0801acc4                init_dinTransformType
 .text.init_dinAC_EVChargeParameterType
                0x0801acd8        0x2 obj/dinEXIDatatypes.o
                0x0801acd8                init_dinAC_EVChargeParameterType
 .text.init_dinX509DataType
                0x0801acda       0x24 obj/dinEXIDatatypes.o
                0x0801acda                init_dinX509DataType
 .text.init_dinChargingStatusResType
                0x0801acfe       0x1a obj/dinEXIDatatypes.o
                0x0801acfe                init_dinChargingStatusResType
 .text.init_dinWeldingDetectionReqType
                0x0801ad18        0x2 obj/dinEXIDatatypes.o
                0x0801ad18                init_dinWeldingDetectionReqType
 .text.init_dinSignaturePropertiesType
                0x0801ad1a       0x14 obj/dinEXIDatatypes.o
                0x0801ad1a                init_dinSignaturePropertiesType
 .text.init_dinContractAuthenticationReqType
                0x0801ad2e       0x1a obj/dinEXIDatatypes.o
                0x0801ad2e                init_dinContractAuthenticationReqType
 .text.init_dinDC_EVPowerDeliveryParameterType
                0x0801ad48        0xa obj/dinEXIDatatypes.o
                0x0801ad48                init_dinDC_EVPowerDeliveryParameterType
 .text.init_dinEVSEChargeParameterType
                0x0801ad52        0x2 obj/dinEXIDatatypes.o
                0x0801ad52                init_dinEVSEChargeParameterType
 .text.init_dinCableCheckReqType
                0x0801ad54        0x2 obj/dinEXIDatatypes.o
                0x0801ad54                init_dinCableCheckReqType
 .text.init_dinDC_EVChargeParameterType
                0x0801ad56       0x3e obj/dinEXIDatatypes.o
                0x0801ad56                init_dinDC_EVChargeParameterType
 .text.init_dinSAScheduleListType
                0x0801ad94        0xc obj/dinEXIDatatypes.o
                0x0801ad94                init_dinSAScheduleListType
 .text.init_dinPMaxScheduleType
                0x0801ada0        0x8 obj/dinEXIDatatypes.o
                0x0801ada0                init_dinPMaxScheduleType
 .text.init_dinServicePaymentSelectionReqType
                0x0801ada8        0x2 obj/dinEXIDatatypes.o
                0x0801ada8                init_dinServicePaymentSelectionReqType
 .text.init_dinRelativeTimeIntervalType
                0x0801adaa        0xa obj/dinEXIDatatypes.o
                0x0801adaa                init_dinRelativeTimeIntervalType
 .text.init_dinEVStatusType
                0x0801adb4        0x2 obj/dinEXIDatatypes.o
                0x0801adb4                init_dinEVStatusType
 .text.init_dinPreChargeResType
                0x0801adb6        0x2 obj/dinEXIDatatypes.o
                0x0801adb6                init_dinPreChargeResType
 .text.init_dinDC_EVSEChargeParameterType
                0x0801adb8       0x22 obj/dinEXIDatatypes.o
                0x0801adb8                init_dinDC_EVSEChargeParameterType
 .text.init_dinPaymentDetailsResType
                0x0801adda        0x2 obj/dinEXIDatatypes.o
                0x0801adda                init_dinPaymentDetailsResType
 .text.init_dinDSAKeyValueType
                0x0801addc       0x4a obj/dinEXIDatatypes.o
                0x0801addc                init_dinDSAKeyValueType
 .text.init_dinSASchedulesType
                0x0801ae26        0x2 obj/dinEXIDatatypes.o
                0x0801ae26                init_dinSASchedulesType
 .text.init_dinCertificateUpdateResType
                0x0801ae28        0x2 obj/dinEXIDatatypes.o
                0x0801ae28                init_dinCertificateUpdateResType
 .text.init_dinEVChargeParameterType
                0x0801ae2a        0x2 obj/dinEXIDatatypes.o
                0x0801ae2a                init_dinEVChargeParameterType
 .text.init_dinMessageHeaderType
                0x0801ae2c       0x1e obj/dinEXIDatatypes.o
                0x0801ae2c                init_dinMessageHeaderType
 .text.init_dinBodyBaseType
                0x0801ae4a        0x2 obj/dinEXIDatatypes.o
                0x0801ae4a                init_dinBodyBaseType
 .text.init_dinKeyValueType
                0x0801ae4c       0x26 obj/dinEXIDatatypes.o
                0x0801ae4c                init_dinKeyValueType
 .text.init_dinIntervalType
                0x0801ae72        0x2 obj/dinEXIDatatypes.o
                0x0801ae72                init_dinIntervalType
 .text.init_dinChargeParameterDiscoveryResType
                0x0801ae74       0x3e obj/dinEXIDatatypes.o
                0x0801ae74                init_dinChargeParameterDiscoveryResType
 .text.init_dinPowerDeliveryReqType
                0x0801aeb2       0x26 obj/dinEXIDatatypes.o
                0x0801aeb2                init_dinPowerDeliveryReqType
 .text.init_dinCertificateChainType
                0x0801aed8       0x12 obj/dinEXIDatatypes.o
                0x0801aed8                init_dinCertificateChainType
 .text.init_dinTransformsType
                0x0801aeea        0x8 obj/dinEXIDatatypes.o
                0x0801aeea                init_dinTransformsType
 .text.init_dinEntryType
                0x0801aef2        0xa obj/dinEXIDatatypes.o
                0x0801aef2                init_dinEntryType
 .text.init_dinSessionStopType
                0x0801aefc        0x2 obj/dinEXIDatatypes.o
                0x0801aefc                init_dinSessionStopType
 .text.init_dinServiceDetailReqType
                0x0801aefe        0x2 obj/dinEXIDatatypes.o
                0x0801aefe                init_dinServiceDetailReqType
 .text.init_dinDigestMethodType
                0x0801af00        0xe obj/dinEXIDatatypes.o
                0x0801af00                init_dinDigestMethodType
 .text.init_dinParameterType
                0x0801af0e       0x4a obj/dinEXIDatatypes.o
                0x0801af0e                init_dinParameterType
 .text.init_dinChargingStatusReqType
                0x0801af58        0x2 obj/dinEXIDatatypes.o
                0x0801af58                init_dinChargingStatusReqType
 .text.init_dinSignatureMethodType
                0x0801af5a       0x1a obj/dinEXIDatatypes.o
                0x0801af5a                init_dinSignatureMethodType
 .text.init_dinCertificateInstallationReqType
                0x0801af74        0xe obj/dinEXIDatatypes.o
                0x0801af74                init_dinCertificateInstallationReqType
 .text.init_dinSalesTariffEntryType
                0x0801af82       0x18 obj/dinEXIDatatypes.o
                0x0801af82                init_dinSalesTariffEntryType
 .text.init_dinServiceDiscoveryResType
                0x0801af9a        0xe obj/dinEXIDatatypes.o
                0x0801af9a                init_dinServiceDiscoveryResType
 .text.init_dinParameterSetType
                0x0801afa8        0xc obj/dinEXIDatatypes.o
                0x0801afa8                init_dinParameterSetType
 .text.init_dinCurrentDemandReqType
                0x0801afb4       0x4a obj/dinEXIDatatypes.o
                0x0801afb4                init_dinCurrentDemandReqType
 .text.init_dinPreChargeReqType
                0x0801affe        0x2 obj/dinEXIDatatypes.o
                0x0801affe                init_dinPreChargeReqType
 .text.init_dinSignatureType
                0x0801b000       0x24 obj/dinEXIDatatypes.o
                0x0801b000                init_dinSignatureType
 .text.init_dinReferenceType
                0x0801b024       0x32 obj/dinEXIDatatypes.o
                0x0801b024                init_dinReferenceType
 .text.init_dinProfileEntryType
                0x0801b056        0x2 obj/dinEXIDatatypes.o
                0x0801b056                init_dinProfileEntryType
 .text.init_dinAnonType_V2G_Message
                0x0801b058        0x2 obj/dinEXIDatatypes.o
                0x0801b058                init_dinAnonType_V2G_Message
 .text.init_dinChargeParameterDiscoveryReqType
                0x0801b05a       0x22 obj/dinEXIDatatypes.o
                0x0801b05a                init_dinChargeParameterDiscoveryReqType
 .text.init_dinConsumptionCostType
                0x0801b07c        0x8 obj/dinEXIDatatypes.o
                0x0801b07c                init_dinConsumptionCostType
 .text.init_dinRSAKeyValueType
                0x0801b084        0x2 obj/dinEXIDatatypes.o
                0x0801b084                init_dinRSAKeyValueType
 .text.init_dinServiceType
                0x0801b086        0x2 obj/dinEXIDatatypes.o
                0x0801b086                init_dinServiceType
 .text.init_dinServiceTagListType
                0x0801b088        0x8 obj/dinEXIDatatypes.o
                0x0801b088                init_dinServiceTagListType
 .text.init_dinEVSEStatusType
                0x0801b090        0x2 obj/dinEXIDatatypes.o
                0x0801b090                init_dinEVSEStatusType
 .text.init_dinSessionSetupResType
                0x0801b092        0xe obj/dinEXIDatatypes.o
                0x0801b092                init_dinSessionSetupResType
 .text.init_dinEVPowerDeliveryParameterType
                0x0801b0a0        0x2 obj/dinEXIDatatypes.o
                0x0801b0a0                init_dinEVPowerDeliveryParameterType
 .text.init_dinX509IssuerSerialType
                0x0801b0a2        0x2 obj/dinEXIDatatypes.o
                0x0801b0a2                init_dinX509IssuerSerialType
 .text.init_dinSelectedServiceType
                0x0801b0a4        0xa obj/dinEXIDatatypes.o
                0x0801b0a4                init_dinSelectedServiceType
 .text.init_dinMeteringReceiptResType
                0x0801b0ae        0x2 obj/dinEXIDatatypes.o
                0x0801b0ae                init_dinMeteringReceiptResType
 .text.init_dinDC_EVStatusType
                0x0801b0b0       0x12 obj/dinEXIDatatypes.o
                0x0801b0b0                init_dinDC_EVStatusType
 .text.init_dinPhysicalValueType
                0x0801b0c2        0xa obj/dinEXIDatatypes.o
                0x0801b0c2                init_dinPhysicalValueType
 .text.init_dinManifestType
                0x0801b0cc       0x14 obj/dinEXIDatatypes.o
                0x0801b0cc                init_dinManifestType
 .text.init_dinPMaxScheduleEntryType
                0x0801b0e0       0x12 obj/dinEXIDatatypes.o
                0x0801b0e0                init_dinPMaxScheduleEntryType
 .text.init_dinServiceParameterListType
                0x0801b0f2        0xc obj/dinEXIDatatypes.o
                0x0801b0f2                init_dinServiceParameterListType
 .text.init_dinSignatureValueType
                0x0801b0fe        0xe obj/dinEXIDatatypes.o
                0x0801b0fe                init_dinSignatureValueType
 .text.init_dinPaymentOptionsType
                0x0801b10c        0x6 obj/dinEXIDatatypes.o
                0x0801b10c                init_dinPaymentOptionsType
 .text.init_dinServiceTagType
                0x0801b112       0x1a obj/dinEXIDatatypes.o
                0x0801b112                init_dinServiceTagType
 .text.init_dinAC_EVSEStatusType
                0x0801b12c        0x2 obj/dinEXIDatatypes.o
                0x0801b12c                init_dinAC_EVSEStatusType
 .text.init_dinCertificateUpdateReqType
                0x0801b12e        0xe obj/dinEXIDatatypes.o
                0x0801b12e                init_dinCertificateUpdateReqType
 .text.init_dinServicePaymentSelectionResType
                0x0801b13c        0x2 obj/dinEXIDatatypes.o
                0x0801b13c                init_dinServicePaymentSelectionResType
 .text.init_dinSAScheduleTupleType
                0x0801b13e        0xe obj/dinEXIDatatypes.o
                0x0801b13e                init_dinSAScheduleTupleType
 .text.init_dinChargingProfileType
                0x0801b14c        0x8 obj/dinEXIDatatypes.o
                0x0801b14c                init_dinChargingProfileType
 .text.init_dinServiceDiscoveryReqType
                0x0801b154       0x1a obj/dinEXIDatatypes.o
                0x0801b154                init_dinServiceDiscoveryReqType
 .text.init_dinAC_EVSEChargeParameterType
                0x0801b16e        0x2 obj/dinEXIDatatypes.o
                0x0801b16e                init_dinAC_EVSEChargeParameterType
 .text.init_dinKeyInfoType
                0x0801b170       0x40 obj/dinEXIDatatypes.o
                0x0801b170                init_dinKeyInfoType
 .text.init_dinPaymentDetailsReqType
                0x0801b1b0        0x2 obj/dinEXIDatatypes.o
                0x0801b1b0                init_dinPaymentDetailsReqType
 .text.init_dinCableCheckResType
                0x0801b1b2        0x2 obj/dinEXIDatatypes.o
                0x0801b1b2                init_dinCableCheckResType
 .text.init_dinObjectType
                0x0801b1b4       0x32 obj/dinEXIDatatypes.o
                0x0801b1b4                init_dinObjectType
 .text.init_dinSessionStopResType
                0x0801b1e6        0x2 obj/dinEXIDatatypes.o
                0x0801b1e6                init_dinSessionStopResType
 .text.init_dinSignedInfoType
                0x0801b1e8       0x14 obj/dinEXIDatatypes.o
                0x0801b1e8                init_dinSignedInfoType
 .text.init_dinSalesTariffType
                0x0801b1fc       0x14 obj/dinEXIDatatypes.o
                0x0801b1fc                init_dinSalesTariffType
 .text.init_dinCostType
                0x0801b210        0xa obj/dinEXIDatatypes.o
                0x0801b210                init_dinCostType
 .text.init_dinServiceChargeType
                0x0801b21a        0x2 obj/dinEXIDatatypes.o
                0x0801b21a                init_dinServiceChargeType
 .text.init_dinDC_EVSEStatusType
                0x0801b21c        0xa obj/dinEXIDatatypes.o
                0x0801b21c                init_dinDC_EVSEStatusType
 .text.init_dinRetrievalMethodType
                0x0801b226       0x26 obj/dinEXIDatatypes.o
                0x0801b226                init_dinRetrievalMethodType
 .text.init_dinNotificationType
                0x0801b24c        0xe obj/dinEXIDatatypes.o
                0x0801b24c                init_dinNotificationType
 .text.init_dinPGPDataType
                0x0801b25a       0x26 obj/dinEXIDatatypes.o
                0x0801b25a                init_dinPGPDataType
 .text.init_dinCertificateInstallationResType
                0x0801b280        0x2 obj/dinEXIDatatypes.o
                0x0801b280                init_dinCertificateInstallationResType
 .text.init_dinSignaturePropertyType
                0x0801b282       0x1a obj/dinEXIDatatypes.o
                0x0801b282                init_dinSignaturePropertyType
 .text.init_dinMeterInfoType
                0x0801b29c       0x32 obj/dinEXIDatatypes.o
                0x0801b29c                init_dinMeterInfoType
 .text.init_dinSubCertificatesType
                0x0801b2ce        0xc obj/dinEXIDatatypes.o
                0x0801b2ce                init_dinSubCertificatesType
 .text.debugAddStringAndInt
                0x0801b2da        0x2 obj/projectExiConnector.o
                0x0801b2da                debugAddStringAndInt
 .text.projectExiConnector_decode_appHandExiDocument
                0x0801b2dc       0x28 obj/projectExiConnector.o
                0x0801b2dc                projectExiConnector_decode_appHandExiDocument
 .text.projectExiConnector_decode_DinExiDocument
                0x0801b304       0x28 obj/projectExiConnector.o
                0x0801b304                projectExiConnector_decode_DinExiDocument
 .text.projectExiConnector_prepare_DinExiDocument
                0x0801b32c       0x48 obj/projectExiConnector.o
                0x0801b32c                projectExiConnector_prepare_DinExiDocument
 .text.projectExiConnector_encode_DinExiDocument
                0x0801b374       0x38 obj/projectExiConnector.o
                0x0801b374                projectExiConnector_encode_DinExiDocument
 .text.adc_power_on
                0x0801b3ac       0x10 libopencm3/lib/libopencm3_stm32f1.a(adc.o)
                0x0801b3ac                adc_power_on
 .text.adc_start_conversion_direct
                0x0801b3bc       0x10 libopencm3/lib/libopencm3_stm32f1.a(adc.o)
                0x0801b3bc                adc_start_conversion_direct
 .text.adc_enable_temperature_sensor
                0x0801b3cc       0x14 libopencm3/lib/libopencm3_stm32f1.a(adc.o)
                0x0801b3cc                adc_enable_temperature_sensor
 .text.adc_reset_calibration
                0x0801b3e0       0x14 libopencm3/lib/libopencm3_stm32f1.a(adc.o)
                0x0801b3e0                adc_reset_calibration
 .text.adc_calibrate_async
                0x0801b3f4        0xa libopencm3/lib/libopencm3_stm32f1.a(adc.o)
                0x0801b3f4                adc_calibrate_async
 .text.adc_is_calibrating
                0x0801b3fe        0x8 libopencm3/lib/libopencm3_stm32f1.a(adc.o)
                0x0801b3fe                adc_is_calibrating
 .text.adc_calibrate
                0x0801b406       0x14 libopencm3/lib/libopencm3_stm32f1.a(adc.o)
                0x0801b406                adc_calibrate
 .text.adc_set_sample_time_on_all_channels
                0x0801b41a       0x2a libopencm3/lib/libopencm3_stm32f1.a(adc.o)
                0x0801b41a                adc_set_sample_time_on_all_channels
 .text.adc_power_off
                0x0801b444        0xa libopencm3/lib/libopencm3_stm32f1.a(adc_common_v1.o)
                0x0801b444                adc_power_off
 .text.adc_enable_scan_mode
                0x0801b44e        0xa libopencm3/lib/libopencm3_stm32f1.a(adc_common_v1.o)
                0x0801b44e                adc_enable_scan_mode
 .text.adc_set_right_aligned
                0x0801b458        0xa libopencm3/lib/libopencm3_stm32f1.a(adc_common_v1.o)
                0x0801b458                adc_set_right_aligned
 .text.adc_set_continuous_conversion_mode
                0x0801b462        0xa libopencm3/lib/libopencm3_stm32f1.a(adc_common_v1.o)
                0x0801b462                adc_set_continuous_conversion_mode
 .text.adc_set_regular_sequence
                0x0801b46c       0x5c libopencm3/lib/libopencm3_stm32f1.a(adc_common_v1.o)
                0x0801b46c                adc_set_regular_sequence
 .text.adc_enable_dma
                0x0801b4c8        0xa libopencm3/lib/libopencm3_stm32f1.a(adc_common_v1.o)
                0x0801b4c8                adc_enable_dma
 *fill*         0x0801b4d2        0x2 
 .text.can_reset
                0x0801b4d4       0x18 libopencm3/lib/libopencm3_stm32f1.a(can.o)
                0x0801b4d4                can_reset
 .text.can_init
                0x0801b4ec      0x12a libopencm3/lib/libopencm3_stm32f1.a(can.o)
                0x0801b4ec                can_init
 *fill*         0x0801b616        0x2 
 .text.can_filter_init
                0x0801b618       0x98 libopencm3/lib/libopencm3_stm32f1.a(can.o)
                0x0801b618                can_filter_init
 .text.can_filter_id_list_16bit_init
                0x0801b6b0       0x20 libopencm3/lib/libopencm3_stm32f1.a(can.o)
                0x0801b6b0                can_filter_id_list_16bit_init
 .text.can_filter_id_list_32bit_init
                0x0801b6d0       0x1a libopencm3/lib/libopencm3_stm32f1.a(can.o)
                0x0801b6d0                can_filter_id_list_32bit_init
 .text.can_enable_irq
                0x0801b6ea        0x8 libopencm3/lib/libopencm3_stm32f1.a(can.o)
                0x0801b6ea                can_enable_irq
 .text.can_disable_irq
                0x0801b6f2        0xa libopencm3/lib/libopencm3_stm32f1.a(can.o)
                0x0801b6f2                can_disable_irq
 .text.can_transmit
                0x0801b6fc       0xca libopencm3/lib/libopencm3_stm32f1.a(can.o)
                0x0801b6fc                can_transmit
 .text.can_fifo_release
                0x0801b7c6       0x16 libopencm3/lib/libopencm3_stm32f1.a(can.o)
                0x0801b7c6                can_fifo_release
 .text.can_fifo_pending
                0x0801b7dc        0xe libopencm3/lib/libopencm3_stm32f1.a(can.o)
                0x0801b7dc                can_fifo_pending
 .text.can_receive
                0x0801b7ea       0xb8 libopencm3/lib/libopencm3_stm32f1.a(can.o)
                0x0801b7ea                can_receive
 *fill*         0x0801b8a2        0x2 
 .text.crc_reset
                0x0801b8a4       0x10 libopencm3/lib/libopencm3_stm32f1.a(crc_common_all.o)
                0x0801b8a4                crc_reset
 .text.crc_calculate
                0x0801b8b4        0xc libopencm3/lib/libopencm3_stm32f1.a(crc_common_all.o)
                0x0801b8b4                crc_calculate
 .text.crc_calculate_block
                0x0801b8c0       0x1c libopencm3/lib/libopencm3_stm32f1.a(crc_common_all.o)
                0x0801b8c0                crc_calculate_block
 .text.desig_get_flash_size
                0x0801b8dc        0xc libopencm3/lib/libopencm3_stm32f1.a(desig_common_v1.o)
                0x0801b8dc                desig_get_flash_size
 .text.dma_channel_reset
                0x0801b8e8       0x20 libopencm3/lib/libopencm3_stm32f1.a(dma_common_l1f013.o)
                0x0801b8e8                dma_channel_reset
 .text.dma_clear_interrupt_flags
                0x0801b908        0xa libopencm3/lib/libopencm3_stm32f1.a(dma_common_l1f013.o)
                0x0801b908                dma_clear_interrupt_flags
 .text.dma_get_interrupt_flag
                0x0801b912       0x12 libopencm3/lib/libopencm3_stm32f1.a(dma_common_l1f013.o)
                0x0801b912                dma_get_interrupt_flag
 .text.dma_set_memory_size
                0x0801b924       0x18 libopencm3/lib/libopencm3_stm32f1.a(dma_common_l1f013.o)
                0x0801b924                dma_set_memory_size
 .text.dma_set_peripheral_size
                0x0801b93c       0x18 libopencm3/lib/libopencm3_stm32f1.a(dma_common_l1f013.o)
                0x0801b93c                dma_set_peripheral_size
 .text.dma_enable_memory_increment_mode
                0x0801b954       0x12 libopencm3/lib/libopencm3_stm32f1.a(dma_common_l1f013.o)
                0x0801b954                dma_enable_memory_increment_mode
 .text.dma_enable_circular_mode
                0x0801b966       0x1a libopencm3/lib/libopencm3_stm32f1.a(dma_common_l1f013.o)
                0x0801b966                dma_enable_circular_mode
 .text.dma_set_read_from_memory
                0x0801b980       0x12 libopencm3/lib/libopencm3_stm32f1.a(dma_common_l1f013.o)
                0x0801b980                dma_set_read_from_memory
 .text.dma_enable_channel
                0x0801b992       0x12 libopencm3/lib/libopencm3_stm32f1.a(dma_common_l1f013.o)
                0x0801b992                dma_enable_channel
 .text.dma_disable_channel
                0x0801b9a4       0x12 libopencm3/lib/libopencm3_stm32f1.a(dma_common_l1f013.o)
                0x0801b9a4                dma_disable_channel
 .text.dma_set_peripheral_address
                0x0801b9b6       0x12 libopencm3/lib/libopencm3_stm32f1.a(dma_common_l1f013.o)
                0x0801b9b6                dma_set_peripheral_address
 .text.dma_set_memory_address
                0x0801b9c8       0x12 libopencm3/lib/libopencm3_stm32f1.a(dma_common_l1f013.o)
                0x0801b9c8                dma_set_memory_address
 .text.dma_set_number_of_data
                0x0801b9da        0xc libopencm3/lib/libopencm3_stm32f1.a(dma_common_l1f013.o)
                0x0801b9da                dma_set_number_of_data
 *fill*         0x0801b9e6        0x2 
 .text.flash_get_status_flags
                0x0801b9e8       0x20 libopencm3/lib/libopencm3_stm32f1.a(flash.o)
                0x0801b9e8                flash_get_status_flags
 .text.flash_program_half_word
                0x0801ba08       0x74 libopencm3/lib/libopencm3_stm32f1.a(flash.o)
                0x0801ba08                flash_program_half_word
 .text.flash_erase_page
                0x0801ba7c       0x80 libopencm3/lib/libopencm3_stm32f1.a(flash.o)
                0x0801ba7c                flash_erase_page
 .text.flash_set_ws
                0x0801bafc       0x14 libopencm3/lib/libopencm3_stm32f1.a(flash_common_all.o)
                0x0801bafc                flash_set_ws
 .text.flash_unlock
                0x0801bb10       0x18 libopencm3/lib/libopencm3_stm32f1.a(flash_common_f.o)
                0x0801bb10                flash_unlock
 .text.flash_lock
                0x0801bb28       0x10 libopencm3/lib/libopencm3_stm32f1.a(flash_common_f.o)
                0x0801bb28                flash_lock
 .text.flash_wait_for_last_operation
                0x0801bb38        0xc libopencm3/lib/libopencm3_stm32f1.a(flash_common_f01.o)
                0x0801bb38                flash_wait_for_last_operation
 .text.flash_program_word
                0x0801bb44       0x18 libopencm3/lib/libopencm3_stm32f1.a(flash_common_f01.o)
                0x0801bb44                flash_program_word
 .text.gpio_set_mode
                0x0801bb5c       0x6a libopencm3/lib/libopencm3_stm32f1.a(gpio.o)
                0x0801bb5c                gpio_set_mode
 .text.gpio_set
                0x0801bbc6        0x4 libopencm3/lib/libopencm3_stm32f1.a(gpio_common_all.o)
                0x0801bbc6                gpio_set
 .text.gpio_toggle
                0x0801bbca       0x12 libopencm3/lib/libopencm3_stm32f1.a(gpio_common_all.o)
                0x0801bbca                gpio_toggle
 .text.iwdg_reset
                0x0801bbdc       0x10 libopencm3/lib/libopencm3_stm32f1.a(iwdg_common_all.o)
                0x0801bbdc                iwdg_reset
 .text.rcc_is_osc_ready
                0x0801bbec       0x58 libopencm3/lib/libopencm3_stm32f1.a(rcc.o)
                0x0801bbec                rcc_is_osc_ready
 .text.rcc_wait_for_osc_ready
                0x0801bc44       0x10 libopencm3/lib/libopencm3_stm32f1.a(rcc.o)
                0x0801bc44                rcc_wait_for_osc_ready
 .text.rcc_osc_on
                0x0801bc54       0x60 libopencm3/lib/libopencm3_stm32f1.a(rcc.o)
                0x0801bc54                rcc_osc_on
 .text.rcc_set_sysclk_source
                0x0801bcb4       0x14 libopencm3/lib/libopencm3_stm32f1.a(rcc.o)
                0x0801bcb4                rcc_set_sysclk_source
 .text.rcc_set_pll_multiplication_factor
                0x0801bcc8       0x14 libopencm3/lib/libopencm3_stm32f1.a(rcc.o)
                0x0801bcc8                rcc_set_pll_multiplication_factor
 .text.rcc_set_pll2_multiplication_factor
                0x0801bcdc       0x14 libopencm3/lib/libopencm3_stm32f1.a(rcc.o)
                0x0801bcdc                rcc_set_pll2_multiplication_factor
 .text.rcc_set_pll3_multiplication_factor
                0x0801bcf0       0x14 libopencm3/lib/libopencm3_stm32f1.a(rcc.o)
                0x0801bcf0                rcc_set_pll3_multiplication_factor
 .text.rcc_set_pll_source
                0x0801bd04       0x14 libopencm3/lib/libopencm3_stm32f1.a(rcc.o)
                0x0801bd04                rcc_set_pll_source
 .text.rcc_set_pllxtpre
                0x0801bd18       0x14 libopencm3/lib/libopencm3_stm32f1.a(rcc.o)
                0x0801bd18                rcc_set_pllxtpre
 .text.rcc_rtc_clock_enabled_flag
                0x0801bd2c       0x10 libopencm3/lib/libopencm3_stm32f1.a(rcc.o)
                0x0801bd2c                rcc_rtc_clock_enabled_flag
 .text.rcc_enable_rtc_clock
                0x0801bd3c       0x10 libopencm3/lib/libopencm3_stm32f1.a(rcc.o)
                0x0801bd3c                rcc_enable_rtc_clock
 .text.rcc_set_rtc_clock_source
                0x0801bd4c       0x84 libopencm3/lib/libopencm3_stm32f1.a(rcc.o)
                0x0801bd4c                rcc_set_rtc_clock_source
 .text.rcc_set_adcpre
                0x0801bdd0       0x14 libopencm3/lib/libopencm3_stm32f1.a(rcc.o)
                0x0801bdd0                rcc_set_adcpre
 .text.rcc_set_ppre2
                0x0801bde4       0x14 libopencm3/lib/libopencm3_stm32f1.a(rcc.o)
                0x0801bde4                rcc_set_ppre2
 .text.rcc_set_ppre1
                0x0801bdf8       0x14 libopencm3/lib/libopencm3_stm32f1.a(rcc.o)
                0x0801bdf8                rcc_set_ppre1
 .text.rcc_set_hpre
                0x0801be0c       0x14 libopencm3/lib/libopencm3_stm32f1.a(rcc.o)
                0x0801be0c                rcc_set_hpre
 .text.rcc_set_usbpre
                0x0801be20       0x18 libopencm3/lib/libopencm3_stm32f1.a(rcc.o)
                0x0801be20                rcc_set_usbpre
 .text.rcc_set_prediv1
                0x0801be38       0x14 libopencm3/lib/libopencm3_stm32f1.a(rcc.o)
                0x0801be38                rcc_set_prediv1
 .text.rcc_set_prediv2