Archive member included to satisfy reference by file (symbol)

c:/st/stm32cubeide_1.12.1/stm32cubeide/plugins/com.st.stm32cube.ide.mcu.externaltools.gnu-tools-for-stm32.10.3-2021.10.win32_1.0.200.202301161003/tools/bin/../lib/gcc/arm-none-eabi/10.3.1/../../../../arm-none-eabi/lib/thumb/v7-m/nofp\libc_nano.a(lib_a-errno.o)
                              ./Core/Src/syscalls.o (__errno)
c:/st/stm32cubeide_1.12.1/stm32cubeide/plugins/com.st.stm32cube.ide.mcu.externaltools.gnu-tools-for-stm32.10.3-2021.10.win32_1.0.200.202301161003/tools/bin/../lib/gcc/arm-none-eabi/10.3.1/../../../../arm-none-eabi/lib/thumb/v7-m/nofp\libc_nano.a(lib_a-exit.o)
                              c:/st/stm32cubeide_1.12.1/stm32cubeide/plugins/com.st.stm32cube.ide.mcu.externaltools.gnu-tools-for-stm32.10.3-2021.10.win32_1.0.200.202301161003/tools/bin/../lib/gcc/arm-none-eabi/10.3.1/../../../../arm-none-eabi/lib/thumb/v7-m/nofp/crt0.o (exit)
c:/st/stm32cubeide_1.12.1/stm32cubeide/plugins/com.st.stm32cube.ide.mcu.externaltools.gnu-tools-for-stm32.10.3-2021.10.win32_1.0.200.202301161003/tools/bin/../lib/gcc/arm-none-eabi/10.3.1/../../../../arm-none-eabi/lib/thumb/v7-m/nofp\libc_nano.a(lib_a-fclose.o)
                              ./Core/Src/sharedsource/exi/ByteStream.o (fclose)
c:/st/stm32cubeide_1.12.1/stm32cubeide/plugins/com.st.stm32cube.ide.mcu.externaltools.gnu-tools-for-stm32.10.3-2021.10.win32_1.0.200.202301161003/tools/bin/../lib/gcc/arm-none-eabi/10.3.1/../../../../arm-none-eabi/lib/thumb/v7-m/nofp\libc_nano.a(lib_a-fflush.o)
                              c:/st/stm32cubeide_1.12.1/stm32cubeide/plugins/com.st.stm32cube.ide.mcu.externaltools.gnu-tools-for-stm32.10.3-2021.10.win32_1.0.200.202301161003/tools/bin/../lib/gcc/arm-none-eabi/10.3.1/../../../../arm-none-eabi/lib/thumb/v7-m/nofp\libc_nano.a(lib_a-fclose.o) (__sflush_r)
c:/st/stm32cubeide_1.12.1/stm32cubeide/plugins/com.st.stm32cube.ide.mcu.externaltools.gnu-tools-for-stm32.10.3-2021.10.win32_1.0.200.202301161003/tools/bin/../lib/gcc/arm-none-eabi/10.3.1/../../../../arm-none-eabi/lib/thumb/v7-m/nofp\libc_nano.a(lib_a-findfp.o)
                              c:/st/stm32cubeide_1.12.1/stm32cubeide/plugins/com.st.stm32cube.ide.mcu.externaltools.gnu-tools-for-stm32.10.3-2021.10.win32_1.0.200.202301161003/tools/bin/../lib/gcc/arm-none-eabi/10.3.1/../../../../arm-none-eabi/lib/thumb/v7-m/nofp\libc_nano.a(lib_a-fclose.o) (__sfp_lock_acquire)
c:/st/stm32cubeide_1.12.1/stm32cubeide/plugins/com.st.stm32cube.ide.mcu.externaltools.gnu-tools-for-stm32.10.3-2021.10.win32_1.0.200.202301161003/tools/bin/../lib/gcc/arm-none-eabi/10.3.1/../../../../arm-none-eabi/lib/thumb/v7-m/nofp\libc_nano.a(lib_a-fopen.o)
                              ./Core/Src/sharedsource/exi/ByteStream.o (fopen)
c:/st/stm32cubeide_1.12.1/stm32cubeide/plugins/com.st.stm32cube.ide.mcu.externaltools.gnu-tools-for-stm32.10.3-2021.10.win32_1.0.200.202301161003/tools/bin/../lib/gcc/arm-none-eabi/10.3.1/../../../../arm-none-eabi/lib/thumb/v7-m/nofp\libc_nano.a(lib_a-fseek.o)
                              c:/st/stm32cubeide_1.12.1/stm32cubeide/plugins/com.st.stm32cube.ide.mcu.externaltools.gnu-tools-for-stm32.10.3-2021.10.win32_1.0.200.202301161003/tools/bin/../lib/gcc/arm-none-eabi/10.3.1/../../../../arm-none-eabi/lib/thumb/v7-m/nofp\libc_nano.a(lib_a-fopen.o) (_fseek_r)
c:/st/stm32cubeide_1.12.1/stm32cubeide/plugins/com.st.stm32cube.ide.mcu.externaltools.gnu-tools-for-stm32.10.3-2021.10.win32_1.0.200.202301161003/tools/bin/../lib/gcc/arm-none-eabi/10.3.1/../../../../arm-none-eabi/lib/thumb/v7-m/nofp\libc_nano.a(lib_a-fseeko.o)
                              c:/st/stm32cubeide_1.12.1/stm32cubeide/plugins/com.st.stm32cube.ide.mcu.externaltools.gnu-tools-for-stm32.10.3-2021.10.win32_1.0.200.202301161003/tools/bin/../lib/gcc/arm-none-eabi/10.3.1/../../../../arm-none-eabi/lib/thumb/v7-m/nofp\libc_nano.a(lib_a-fseek.o) (_fseeko_r)
c:/st/stm32cubeide_1.12.1/stm32cubeide/plugins/com.st.stm32cube.ide.mcu.externaltools.gnu-tools-for-stm32.10.3-2021.10.win32_1.0.200.202301161003/tools/bin/../lib/gcc/arm-none-eabi/10.3.1/../../../../arm-none-eabi/lib/thumb/v7-m/nofp\libc_nano.a(lib_a-fwalk.o)
                              c:/st/stm32cubeide_1.12.1/stm32cubeide/plugins/com.st.stm32cube.ide.mcu.externaltools.gnu-tools-for-stm32.10.3-2021.10.win32_1.0.200.202301161003/tools/bin/../lib/gcc/arm-none-eabi/10.3.1/../../../../arm-none-eabi/lib/thumb/v7-m/nofp\libc_nano.a(lib_a-findfp.o) (_fwalk)
c:/st/stm32cubeide_1.12.1/stm32cubeide/plugins/com.st.stm32cube.ide.mcu.externaltools.gnu-tools-for-stm32.10.3-2021.10.win32_1.0.200.202301161003/tools/bin/../lib/gcc/arm-none-eabi/10.3.1/../../../../arm-none-eabi/lib/thumb/v7-m/nofp\libc_nano.a(lib_a-fwrite.o)
                              ./Core/Src/sharedsource/exi/ByteStream.o (fwrite)
[...]
Memory Configuration

Name             Origin             Length             Attributes
RAM              0x0000000020000000 0x0000000000010000 xrw
FLASH            0x0000000008000000 0x0000000000080000 xr
*default*        0x0000000000000000 0xffffffffffffffff

Linker script and memory map

LOAD c:/st/stm32cubeide_1.12.1/stm32cubeide/plugins/com.st.stm32cube.ide.mcu.externaltools.gnu-tools-for-stm32.10.3-2021.10.win32_1.0.200.202301161003/tools/bin/../lib/gcc/arm-none-eabi/10.3.1/thumb/v7-m/nofp/crti.o
LOAD c:/st/stm32cubeide_1.12.1/stm32cubeide/plugins/com.st.stm32cube.ide.mcu.externaltools.gnu-tools-for-stm32.10.3-2021.10.win32_1.0.200.202301161003/tools/bin/../lib/gcc/arm-none-eabi/10.3.1/thumb/v7-m/nofp/crtbegin.o
LOAD c:/st/stm32cubeide_1.12.1/stm32cubeide/plugins/com.st.stm32cube.ide.mcu.externaltools.gnu-tools-for-stm32.10.3-2021.10.win32_1.0.200.202301161003/tools/bin/../lib/gcc/arm-none-eabi/10.3.1/../../../../arm-none-eabi/lib/thumb/v7-m/nofp/crt0.o
LOAD ./Core/Src/main.o
LOAD ./Core/Src/stm32f1xx_hal_msp.o
LOAD ./Core/Src/stm32f1xx_it.o
LOAD ./Core/Src/syscalls.o
LOAD ./Core/Src/sysmem.o
LOAD ./Core/Src/system_stm32f1xx.o
LOAD ./Core/Src/sharedsource/ccs/canbus.o
LOAD ./Core/Src/sharedsource/ccs/connMgr.o
LOAD ./Core/Src/sharedsource/ccs/hardwareInterface.o
LOAD ./Core/Src/sharedsource/ccs/homeplug.o
LOAD ./Core/Src/sharedsource/ccs/ipv6.o
LOAD ./Core/Src/sharedsource/ccs/modemFinder.o
LOAD ./Core/Src/sharedsource/ccs/myAdc.o
LOAD ./Core/Src/sharedsource/ccs/myHelpers.o
LOAD ./Core/Src/sharedsource/ccs/myScheduler.o
LOAD ./Core/Src/sharedsource/ccs/pevStateMachine.o
LOAD ./Core/Src/sharedsource/ccs/qca7000.o
LOAD ./Core/Src/sharedsource/ccs/tcp.o
LOAD ./Core/Src/sharedsource/ccs/temperatures.o
LOAD ./Core/Src/sharedsource/ccs/udpChecksum.o
LOAD ./Core/Src/sharedsource/exi/BitInputStream.o
LOAD ./Core/Src/sharedsource/exi/BitOutputStream.o
LOAD ./Core/Src/sharedsource/exi/ByteStream.o
LOAD ./Core/Src/sharedsource/exi/DecoderChannel.o
LOAD ./Core/Src/sharedsource/exi/EXIHeaderDecoder.o
LOAD ./Core/Src/sharedsource/exi/EXIHeaderEncoder.o
LOAD ./Core/Src/sharedsource/exi/EncoderChannel.o
LOAD ./Core/Src/sharedsource/exi/MethodsBag.o
LOAD ./Core/Src/sharedsource/exi/appHandEXIDatatypes.o
LOAD ./Core/Src/sharedsource/exi/appHandEXIDatatypesDecoder.o
LOAD ./Core/Src/sharedsource/exi/appHandEXIDatatypesEncoder.o
LOAD ./Core/Src/sharedsource/exi/dinEXIDatatypes.o
LOAD ./Core/Src/sharedsource/exi/dinEXIDatatypesDecoder.o
LOAD ./Core/Src/sharedsource/exi/dinEXIDatatypesEncoder.o
LOAD ./Core/Src/sharedsource/exi/projectExiConnector.o
LOAD ./Core/Startup/startup_stm32f103retx.o
LOAD ./Drivers/STM32F1xx_HAL_Driver/Src/stm32f1xx_hal.o
LOAD ./Drivers/STM32F1xx_HAL_Driver/Src/stm32f1xx_hal_adc.o
LOAD ./Drivers/STM32F1xx_HAL_Driver/Src/stm32f1xx_hal_adc_ex.o
LOAD ./Drivers/STM32F1xx_HAL_Driver/Src/stm32f1xx_hal_can.o
LOAD ./Drivers/STM32F1xx_HAL_Driver/Src/stm32f1xx_hal_cortex.o
LOAD ./Drivers/STM32F1xx_HAL_Driver/Src/stm32f1xx_hal_dma.o
LOAD ./Drivers/STM32F1xx_HAL_Driver/Src/stm32f1xx_hal_exti.o
LOAD ./Drivers/STM32F1xx_HAL_Driver/Src/stm32f1xx_hal_flash.o
LOAD ./Drivers/STM32F1xx_HAL_Driver/Src/stm32f1xx_hal_flash_ex.o
LOAD ./Drivers/STM32F1xx_HAL_Driver/Src/stm32f1xx_hal_gpio.o
LOAD ./Drivers/STM32F1xx_HAL_Driver/Src/stm32f1xx_hal_gpio_ex.o
LOAD ./Drivers/STM32F1xx_HAL_Driver/Src/stm32f1xx_hal_pwr.o
LOAD ./Drivers/STM32F1xx_HAL_Driver/Src/stm32f1xx_hal_rcc.o
LOAD ./Drivers/STM32F1xx_HAL_Driver/Src/stm32f1xx_hal_rcc_ex.o
LOAD ./Drivers/STM32F1xx_HAL_Driver/Src/stm32f1xx_hal_spi.o
LOAD ./Drivers/STM32F1xx_HAL_Driver/Src/stm32f1xx_hal_tim.o
LOAD ./Drivers/STM32F1xx_HAL_Driver/Src/stm32f1xx_hal_tim_ex.o
LOAD ./Drivers/STM32F1xx_HAL_Driver/Src/stm32f1xx_hal_uart.o
START GROUP
LOAD c:/st/stm32cubeide_1.12.1/stm32cubeide/plugins/com.st.stm32cube.ide.mcu.externaltools.gnu-tools-for-stm32.10.3-2021.10.win32_1.0.200.202301161003/tools/bin/../lib/gcc/arm-none-eabi/10.3.1/../../../../arm-none-eabi/lib/thumb/v7-m/nofp\libc_nano.a
LOAD c:/st/stm32cubeide_1.12.1/stm32cubeide/plugins/com.st.stm32cube.ide.mcu.externaltools.gnu-tools-for-stm32.10.3-2021.10.win32_1.0.200.202301161003/tools/bin/../lib/gcc/arm-none-eabi/10.3.1/../../../../arm-none-eabi/lib/thumb/v7-m/nofp\libm.a
END GROUP
START GROUP
LOAD c:/st/stm32cubeide_1.12.1/stm32cubeide/plugins/com.st.stm32cube.ide.mcu.externaltools.gnu-tools-for-stm32.10.3-2021.10.win32_1.0.200.202301161003/tools/bin/../lib/gcc/arm-none-eabi/10.3.1/thumb/v7-m/nofp\libgcc.a
LOAD c:/st/stm32cubeide_1.12.1/stm32cubeide/plugins/com.st.stm32cube.ide.mcu.externaltools.gnu-tools-for-stm32.10.3-2021.10.win32_1.0.200.202301161003/tools/bin/../lib/gcc/arm-none-eabi/10.3.1/../../../../arm-none-eabi/lib/thumb/v7-m/nofp\libc_nano.a
END GROUP
START GROUP
LOAD c:/st/stm32cubeide_1.12.1/stm32cubeide/plugins/com.st.stm32cube.ide.mcu.externaltools.gnu-tools-for-stm32.10.3-2021.10.win32_1.0.200.202301161003/tools/bin/../lib/gcc/arm-none-eabi/10.3.1/thumb/v7-m/nofp\libgcc.a
LOAD c:/st/stm32cubeide_1.12.1/stm32cubeide/plugins/com.st.stm32cube.ide.mcu.externaltools.gnu-tools-for-stm32.10.3-2021.10.win32_1.0.200.202301161003/tools/bin/../lib/gcc/arm-none-eabi/10.3.1/../../../../arm-none-eabi/lib/thumb/v7-m/nofp\libc_nano.a
LOAD c:/st/stm32cubeide_1.12.1/stm32cubeide/plugins/com.st.stm32cube.ide.mcu.externaltools.gnu-tools-for-stm32.10.3-2021.10.win32_1.0.200.202301161003/tools/bin/../lib/gcc/arm-none-eabi/10.3.1/../../../../arm-none-eabi/lib/thumb/v7-m/nofp\libnosys.a
END GROUP
START GROUP
LOAD c:/st/stm32cubeide_1.12.1/stm32cubeide/plugins/com.st.stm32cube.ide.mcu.externaltools.gnu-tools-for-stm32.10.3-2021.10.win32_1.0.200.202301161003/tools/bin/../lib/gcc/arm-none-eabi/10.3.1/thumb/v7-m/nofp\libgcc.a
LOAD c:/st/stm32cubeide_1.12.1/stm32cubeide/plugins/com.st.stm32cube.ide.mcu.externaltools.gnu-tools-for-stm32.10.3-2021.10.win32_1.0.200.202301161003/tools/bin/../lib/gcc/arm-none-eabi/10.3.1/../../../../arm-none-eabi/lib/thumb/v7-m/nofp\libc_nano.a
LOAD c:/st/stm32cubeide_1.12.1/stm32cubeide/plugins/com.st.stm32cube.ide.mcu.externaltools.gnu-tools-for-stm32.10.3-2021.10.win32_1.0.200.202301161003/tools/bin/../lib/gcc/arm-none-eabi/10.3.1/../../../../arm-none-eabi/lib/thumb/v7-m/nofp\libnosys.a
END GROUP
LOAD c:/st/stm32cubeide_1.12.1/stm32cubeide/plugins/com.st.stm32cube.ide.mcu.externaltools.gnu-tools-for-stm32.10.3-2021.10.win32_1.0.200.202301161003/tools/bin/../lib/gcc/arm-none-eabi/10.3.1/thumb/v7-m/nofp/crtend.o
LOAD c:/st/stm32cubeide_1.12.1/stm32cubeide/plugins/com.st.stm32cube.ide.mcu.externaltools.gnu-tools-for-stm32.10.3-2021.10.win32_1.0.200.202301161003/tools/bin/../lib/gcc/arm-none-eabi/10.3.1/thumb/v7-m/nofp/crtn.o
                0x0000000020010000                _estack = (ORIGIN (RAM) + LENGTH (RAM))
                0x0000000000000200                _Min_Heap_Size = 0x200
                0x0000000000000400                _Min_Stack_Size = 0x400

.isr_vector     0x0000000008000000      0x1e4
                0x0000000008000000                . = ALIGN (0x4)
 *(.isr_vector)
 .isr_vector    0x0000000008000000      0x1e4 ./Core/Startup/startup_stm32f103retx.o
                0x0000000008000000                g_pfnVectors
                0x00000000080001e4                . = ALIGN (0x4)

.text           0x00000000080001e8    0x34c08
                0x00000000080001e8                . = ALIGN (0x4)
 *(.text)
 .text          0x00000000080001e8       0x40 c:/st/stm32cubeide_1.12.1/stm32cubeide/plugins/com.st.stm32cube.ide.mcu.externaltools.gnu-tools-for-stm32.10.3-2021.10.win32_1.0.200.202301161003/tools/bin/../lib/gcc/arm-none-eabi/10.3.1/thumb/v7-m/nofp/crtbegin.o
 .text          0x0000000008000228       0x10 c:/st/stm32cubeide_1.12.1/stm32cubeide/plugins/com.st.stm32cube.ide.mcu.externaltools.gnu-tools-for-stm32.10.3-2021.10.win32_1.0.200.202301161003/tools/bin/../lib/gcc/arm-none-eabi/10.3.1/../../../../arm-none-eabi/lib/thumb/v7-m/nofp\libc_nano.a(lib_a-strlen.o)
                0x0000000008000228                strlen
 .text          0x0000000008000238      0x378 c:/st/stm32cubeide_1.12.1/stm32cubeide/plugins/com.st.stm32cube.ide.mcu.externaltools.gnu-tools-for-stm32.10.3-2021.10.win32_1.0.200.202301161003/tools/bin/../lib/gcc/arm-none-eabi/10.3.1/thumb/v7-m/nofp\libgcc.a(_arm_addsubdf3.o)
                0x0000000008000238                __aeabi_drsub
                0x0000000008000240                __aeabi_dsub
                0x0000000008000240                __subdf3
                0x0000000008000244                __aeabi_dadd
                0x0000000008000244                __adddf3
                0x00000000080004bc                __floatunsidf
                0x00000000080004bc                __aeabi_ui2d
                0x00000000080004dc                __floatsidf
                0x00000000080004dc                __aeabi_i2d
                0x0000000008000500                __aeabi_f2d
                0x0000000008000500                __extendsfdf2
                0x0000000008000544                __floatundidf
                0x0000000008000544                __aeabi_ul2d
                0x0000000008000554                __floatdidf
                0x0000000008000554                __aeabi_l2d
 .text          0x00000000080005b0      0x424 c:/st/stm32cubeide_1.12.1/stm32cubeide/plugins/com.st.stm32cube.ide.mcu.externaltools.gnu-tools-for-stm32.10.3-2021.10.win32_1.0.200.202301161003/tools/bin/../lib/gcc/arm-none-eabi/10.3.1/thumb/v7-m/nofp\libgcc.a(_arm_muldivdf3.o)
                0x00000000080005b0                __aeabi_dmul
                0x00000000080005b0                __muldf3
                0x0000000008000804                __divdf3
                0x0000000008000804                __aeabi_ddiv
 .text          0x00000000080009d4      0x110 c:/st/stm32cubeide_1.12.1/stm32cubeide/plugins/com.st.stm32cube.ide.mcu.externaltools.gnu-tools-for-stm32.10.3-2021.10.win32_1.0.200.202301161003/tools/bin/../lib/gcc/arm-none-eabi/10.3.1/thumb/v7-m/nofp\libgcc.a(_arm_cmpdf2.o)
                0x00000000080009d4                __gtdf2
                0x00000000080009d4                __gedf2
                0x00000000080009dc                __ltdf2
                0x00000000080009dc                __ledf2
                0x00000000080009e4                __nedf2
                0x00000000080009e4                __eqdf2
                0x00000000080009e4                __cmpdf2
                0x0000000008000a60                __aeabi_cdrcmple
                0x0000000008000a70                __aeabi_cdcmpeq
                0x0000000008000a70                __aeabi_cdcmple
                0x0000000008000a80                __aeabi_dcmpeq
                0x0000000008000a94                __aeabi_dcmplt
                0x0000000008000aa8                __aeabi_dcmple
                0x0000000008000abc                __aeabi_dcmpge
                0x0000000008000ad0                __aeabi_dcmpgt
 .text          0x0000000008000ae4       0x2c c:/st/stm32cubeide_1.12.1/stm32cubeide/plugins/com.st.stm32cube.ide.mcu.externaltools.gnu-tools-for-stm32.10.3-2021.10.win32_1.0.200.202301161003/tools/bin/../lib/gcc/arm-none-eabi/10.3.1/thumb/v7-m/nofp\libgcc.a(_arm_unorddf2.o)
                0x0000000008000ae4                __unorddf2
                0x0000000008000ae4                __aeabi_dcmpun
 .text          0x0000000008000b10       0x50 c:/st/stm32cubeide_1.12.1/stm32cubeide/plugins/com.st.stm32cube.ide.mcu.externaltools.gnu-tools-for-stm32.10.3-2021.10.win32_1.0.200.202301161003/tools/bin/../lib/gcc/arm-none-eabi/10.3.1/thumb/v7-m/nofp\libgcc.a(_arm_fixdfsi.o)
                0x0000000008000b10                __aeabi_d2iz
                0x0000000008000b10                __fixdfsi
 .text          0x0000000008000b60       0xa0 c:/st/stm32cubeide_1.12.1/stm32cubeide/plugins/com.st.stm32cube.ide.mcu.externaltools.gnu-tools-for-stm32.10.3-2021.10.win32_1.0.200.202301161003/tools/bin/../lib/gcc/arm-none-eabi/10.3.1/thumb/v7-m/nofp\libgcc.a(_arm_truncdfsf2.o)
                0x0000000008000b60                __truncdfsf2
                0x0000000008000b60                __aeabi_d2f
 .text          0x0000000008000c00      0x21c c:/st/stm32cubeide_1.12.1/stm32cubeide/plugins/com.st.stm32cube.ide.mcu.externaltools.gnu-tools-for-stm32.10.3-2021.10.win32_1.0.200.202301161003/tools/bin/../lib/gcc/arm-none-eabi/10.3.1/thumb/v7-m/nofp\libgcc.a(_arm_addsubsf3.o)
                0x0000000008000c00                __aeabi_frsub
                0x0000000008000c08                __subsf3
                0x0000000008000c08                __aeabi_fsub
                0x0000000008000c0c                __aeabi_fadd
                0x0000000008000c0c                __addsf3
                0x0000000008000d6c                __aeabi_ui2f
                0x0000000008000d6c                __floatunsisf
                0x0000000008000d74                __aeabi_i2f
                0x0000000008000d74                __floatsisf
                0x0000000008000d90                __aeabi_ul2f
                0x0000000008000d90                __floatundisf
                0x0000000008000da0                __aeabi_l2f
                0x0000000008000da0                __floatdisf
 .text          0x0000000008000e1c      0x2a0 c:/st/stm32cubeide_1.12.1/stm32cubeide/plugins/com.st.stm32cube.ide.mcu.externaltools.gnu-tools-for-stm32.10.3-2021.10.win32_1.0.200.202301161003/tools/bin/../lib/gcc/arm-none-eabi/10.3.1/thumb/v7-m/nofp\libgcc.a(_arm_muldivsf3.o)
                0x0000000008000e1c                __mulsf3
                0x0000000008000e1c                __aeabi_fmul
                0x0000000008000f84                __aeabi_fdiv
                0x0000000008000f84                __divsf3
 .text          0x00000000080010bc       0x4c c:/st/stm32cubeide_1.12.1/stm32cubeide/plugins/com.st.stm32cube.ide.mcu.externaltools.gnu-tools-for-stm32.10.3-2021.10.win32_1.0.200.202301161003/tools/bin/../lib/gcc/arm-none-eabi/10.3.1/thumb/v7-m/nofp\libgcc.a(_arm_fixsfsi.o)
                0x00000000080010bc                __aeabi_f2iz
                0x00000000080010bc                __fixsfsi
 *(.text*)
 .text.mySerialPrint
                0x0000000008001108       0x24 ./Core/Src/main.o
                0x0000000008001108                mySerialPrint
 .text.mySpiTransmitReceive
                0x000000000800112c       0x48 ./Core/Src/main.o
                0x000000000800112c                mySpiTransmitReceive
 .text.main     0x0000000008001174       0x32 ./Core/Src/main.o
                0x0000000008001174                main
 .text.SystemClock_Config
                0x00000000080011a6       0xba ./Core/Src/main.o
                0x00000000080011a6                SystemClock_Config
 .text.MX_ADC1_Init
                0x0000000008001260       0xf0 ./Core/Src/main.o
 .text.MX_CAN_Init
                0x0000000008001350       0x6c ./Core/Src/main.o
 .text.MX_SPI1_Init
                0x00000000080013bc       0x6c ./Core/Src/main.o
 .text.MX_UART4_Init
                0x0000000008001428       0x54 ./Core/Src/main.o
 .text.MX_GPIO_Init
                0x000000000800147c       0xd4 ./Core/Src/main.o
 .text.Error_Handler
                0x0000000008001550        0xa ./Core/Src/main.o
                0x0000000008001550                Error_Handler
 *fill*         0x000000000800155a        0x2 
 .text.HAL_MspInit
                0x000000000800155c       0x64 ./Core/Src/stm32f1xx_hal_msp.o
                0x000000000800155c                HAL_MspInit
 .text.HAL_ADC_MspInit
                0x00000000080015c0       0x78 ./Core/Src/stm32f1xx_hal_msp.o
                0x00000000080015c0                HAL_ADC_MspInit
 .text.HAL_CAN_MspInit
                0x0000000008001638       0x98 ./Core/Src/stm32f1xx_hal_msp.o
                0x0000000008001638                HAL_CAN_MspInit
 .text.HAL_SPI_MspInit
                0x00000000080016d0       0x94 ./Core/Src/stm32f1xx_hal_msp.o
                0x00000000080016d0                HAL_SPI_MspInit
 .text.HAL_UART_MspInit
                0x0000000008001764       0x98 ./Core/Src/stm32f1xx_hal_msp.o
                0x0000000008001764                HAL_UART_MspInit
 .text.NMI_Handler
                0x00000000080017fc        0x6 ./Core/Src/stm32f1xx_it.o
                0x00000000080017fc                NMI_Handler
 .text.HardFault_Handler
                0x0000000008001802        0x6 ./Core/Src/stm32f1xx_it.o
                0x0000000008001802                HardFault_Handler
 .text.MemManage_Handler
                0x0000000008001808        0x6 ./Core/Src/stm32f1xx_it.o
                0x0000000008001808                MemManage_Handler
 .text.BusFault_Handler
                0x000000000800180e        0x6 ./Core/Src/stm32f1xx_it.o
                0x000000000800180e                BusFault_Handler
 .text.UsageFault_Handler
                0x0000000008001814        0x6 ./Core/Src/stm32f1xx_it.o
                0x0000000008001814                UsageFault_Handler
 .text.SVC_Handler
                0x000000000800181a        0xc ./Core/Src/stm32f1xx_it.o
                0x000000000800181a                SVC_Handler
 .text.DebugMon_Handler
                0x0000000008001826        0xc ./Core/Src/stm32f1xx_it.o
                0x0000000008001826                DebugMon_Handler
 .text.PendSV_Handler
                0x0000000008001832        0xc ./Core/Src/stm32f1xx_it.o
                0x0000000008001832                PendSV_Handler
 .text.SysTick_Handler
                0x000000000800183e        0xc ./Core/Src/stm32f1xx_it.o
                0x000000000800183e                SysTick_Handler
 .text._getpid  0x000000000800184a        0xe ./Core/Src/syscalls.o
                0x000000000800184a                _getpid
 .text._kill    0x0000000008001858       0x20 ./Core/Src/syscalls.o
                0x0000000008001858                _kill
 .text._exit    0x0000000008001878       0x14 ./Core/Src/syscalls.o
                0x0000000008001878                _exit
 .text._read    0x000000000800188c       0x3a ./Core/Src/syscalls.o
                0x000000000800188c                _read
 .text._write   0x00000000080018c6       0x38 ./Core/Src/syscalls.o
                0x00000000080018c6                _write
 .text._close   0x00000000080018fe       0x16 ./Core/Src/syscalls.o
                0x00000000080018fe                _close
 .text._fstat   0x0000000008001914       0x1e ./Core/Src/syscalls.o
                0x0000000008001914                _fstat
 .text._isatty  0x0000000008001932       0x14 ./Core/Src/syscalls.o
                0x0000000008001932                _isatty
 .text._lseek   0x0000000008001946       0x18 ./Core/Src/syscalls.o
                0x0000000008001946                _lseek
 *fill*         0x000000000800195e        0x2 
 .text._sbrk    0x0000000008001960       0x6c ./Core/Src/sysmem.o
                0x0000000008001960                _sbrk
 .text.SystemInit
                0x00000000080019cc        0xc ./Core/Src/system_stm32f1xx.o
                0x00000000080019cc                SystemInit
 .text.canbus_demoTransmit
                0x00000000080019d8       0xc4 ./Core/Src/sharedsource/ccs/canbus.o
                0x00000000080019d8                canbus_demoTransmit
 .text.canbus_demoTransmit568
                0x0000000008001a9c       0x9c ./Core/Src/sharedsource/ccs/canbus.o
                0x0000000008001a9c                canbus_demoTransmit568
 .text.canbus_demoTransmit569
                0x0000000008001b38       0x90 ./Core/Src/sharedsource/ccs/canbus.o
                0x0000000008001b38                canbus_demoTransmit569
 .text.canbus_Init
                0x0000000008001bc8       0x14 ./Core/Src/sharedsource/ccs/canbus.o
                0x0000000008001bc8                canbus_Init
 .text.canbus_Mainfunction200ms
                0x0000000008001bdc       0x34 ./Core/Src/sharedsource/ccs/canbus.o
                0x0000000008001bdc                canbus_Mainfunction200ms
 .text.connMgr_getConnectionLevel
                0x0000000008001c10       0x18 ./Core/Src/sharedsource/ccs/connMgr.o
                0x0000000008001c10                connMgr_getConnectionLevel
 .text.connMgr_printDebugInfos
                0x0000000008001c28       0x84 ./Core/Src/sharedsource/ccs/connMgr.o
                0x0000000008001c28                connMgr_printDebugInfos
 .text.connMgr_Mainfunction
                0x0000000008001cac      0x19c ./Core/Src/sharedsource/ccs/connMgr.o
                0x0000000008001cac                connMgr_Mainfunction
 .text.connMgr_ModemFinderOk
                0x0000000008001e48       0x38 ./Core/Src/sharedsource/ccs/connMgr.o
                0x0000000008001e48                connMgr_ModemFinderOk
 .text.connMgr_SlacOk
                0x0000000008001e80       0x18 ./Core/Src/sharedsource/ccs/connMgr.o
                0x0000000008001e80                connMgr_SlacOk
 .text.connMgr_SdpOk
                0x0000000008001e98       0x18 ./Core/Src/sharedsource/ccs/connMgr.o
                0x0000000008001e98                connMgr_SdpOk
 .text.connMgr_TcpOk
                0x0000000008001eb0       0x18 ./Core/Src/sharedsource/ccs/connMgr.o
                0x0000000008001eb0                connMgr_TcpOk
 .text.connMgr_ApplOk
                0x0000000008001ec8       0x28 ./Core/Src/sharedsource/ccs/connMgr.o
                0x0000000008001ec8                connMgr_ApplOk
 .text.hardwareInterface_simulatePreCharge
                0x0000000008001ef0        0xc ./Core/Src/sharedsource/ccs/hardwareInterface.o
                0x0000000008001ef0                hardwareInterface_simulatePreCharge
 .text.hardwareInterface_simulateCharging
                0x0000000008001efc       0x28 ./Core/Src/sharedsource/ccs/hardwareInterface.o
                0x0000000008001efc                hardwareInterface_simulateCharging
 .text.hardwareInterface_getAccuVoltage
                0x0000000008001f24        0xe ./Core/Src/sharedsource/ccs/hardwareInterface.o
                0x0000000008001f24                hardwareInterface_getAccuVoltage
 .text.hardwareInterface_getChargingTargetVoltage
                0x0000000008001f32        0xe ./Core/Src/sharedsource/ccs/hardwareInterface.o
                0x0000000008001f32                hardwareInterface_getChargingTargetVoltage
 .text.hardwareInterface_getChargingTargetCurrent
                0x0000000008001f40        0xe ./Core/Src/sharedsource/ccs/hardwareInterface.o
                0x0000000008001f40                hardwareInterface_getChargingTargetCurrent
 *fill*         0x0000000008001f4e        0x2 
 .text.hardwareInterface_getSoc
                0x0000000008001f50       0x24 ./Core/Src/sharedsource/ccs/hardwareInterface.o
                0x0000000008001f50                hardwareInterface_getSoc
 .text.hardwareInterface_getIsAccuFull
                0x0000000008001f74       0x24 ./Core/Src/sharedsource/ccs/hardwareInterface.o
                0x0000000008001f74                hardwareInterface_getIsAccuFull
 .text.hardwareInterface_setPowerRelayOn
                0x0000000008001f98       0x18 ./Core/Src/sharedsource/ccs/hardwareInterface.o
                0x0000000008001f98                hardwareInterface_setPowerRelayOn
 .text.hardwareInterface_setPowerRelayOff
                0x0000000008001fb0       0x18 ./Core/Src/sharedsource/ccs/hardwareInterface.o
                0x0000000008001fb0                hardwareInterface_setPowerRelayOff
 .text.hardwareInterface_setRelay2On
                0x0000000008001fc8       0x18 ./Core/Src/sharedsource/ccs/hardwareInterface.o
                0x0000000008001fc8                hardwareInterface_setRelay2On
 .text.hardwareInterface_setRelay2Off
                0x0000000008001fe0       0x18 ./Core/Src/sharedsource/ccs/hardwareInterface.o
                0x0000000008001fe0                hardwareInterface_setRelay2Off
 .text.hardwareInterface_setStateB
                0x0000000008001ff8       0x18 ./Core/Src/sharedsource/ccs/hardwareInterface.o
                0x0000000008001ff8                hardwareInterface_setStateB
 .text.hardwareInterface_setStateC
                0x0000000008002010       0x18 ./Core/Src/sharedsource/ccs/hardwareInterface.o
                0x0000000008002010                hardwareInterface_setStateC
 .text.hardwareInterface_triggerConnectorLocking
                0x0000000008002028        0xc ./Core/Src/sharedsource/ccs/hardwareInterface.o
                0x0000000008002028                hardwareInterface_triggerConnectorLocking
 .text.hardwareInterface_triggerConnectorUnlocking
                0x0000000008002034        0xc ./Core/Src/sharedsource/ccs/hardwareInterface.o
                0x0000000008002034                hardwareInterface_triggerConnectorUnlocking
 .text.hardwareInterface_isConnectorLocked
                0x0000000008002040        0xe ./Core/Src/sharedsource/ccs/hardwareInterface.o
                0x0000000008002040                hardwareInterface_isConnectorLocked
 *fill*         0x000000000800204e        0x2 
 .text.hardwareInterface_resetSimulation
                0x0000000008002050       0x18 ./Core/Src/sharedsource/ccs/hardwareInterface.o
                0x0000000008002050                hardwareInterface_resetSimulation
 .text.hardwareInterface_cyclic
                0x0000000008002068        0xc ./Core/Src/sharedsource/ccs/hardwareInterface.o
                0x0000000008002068                hardwareInterface_cyclic
 .text.getEtherType
                0x0000000008002074       0x30 ./Core/Src/sharedsource/ccs/homeplug.o
                0x0000000008002074                getEtherType
 .text.fillSourceMac
                0x00000000080020a4       0x28 ./Core/Src/sharedsource/ccs/homeplug.o
                0x00000000080020a4                fillSourceMac
 .text.fillDestinationMac
                0x00000000080020cc       0x28 ./Core/Src/sharedsource/ccs/homeplug.o
                0x00000000080020cc                fillDestinationMac
 .text.cleanTransmitBuffer
                0x00000000080020f4       0x34 ./Core/Src/sharedsource/ccs/homeplug.o
                0x00000000080020f4                cleanTransmitBuffer
 .text.setNmkAt
                0x0000000008002128       0x40 ./Core/Src/sharedsource/ccs/homeplug.o
                0x0000000008002128                setNmkAt
 .text.setNidAt
                0x0000000008002168       0x40 ./Core/Src/sharedsource/ccs/homeplug.o
                0x0000000008002168                setNidAt
 .text.getManagementMessageType
                0x00000000080021a8       0x24 ./Core/Src/sharedsource/ccs/homeplug.o
                0x00000000080021a8                getManagementMessageType
 .text.composeGetSwReq
                0x00000000080021cc       0x64 ./Core/Src/sharedsource/ccs/homeplug.o
                0x00000000080021cc                composeGetSwReq
 .text.composeSlacParamReq
                0x0000000008002230       0x7c ./Core/Src/sharedsource/ccs/homeplug.o
                0x0000000008002230                composeSlacParamReq
 .text.evaluateSlacParamCnf
                0x00000000080022ac       0x38 ./Core/Src/sharedsource/ccs/homeplug.o
                0x00000000080022ac                evaluateSlacParamCnf
 .text.composeStartAttenCharInd
                0x00000000080022e4       0x8c ./Core/Src/sharedsource/ccs/homeplug.o
                0x00000000080022e4                composeStartAttenCharInd
 .text.composeNmbcSoundInd
                0x0000000008002370       0xb0 ./Core/Src/sharedsource/ccs/homeplug.o
                0x0000000008002370                composeNmbcSoundInd
 .text.evaluateAttenCharInd
                0x0000000008002420       0x7c ./Core/Src/sharedsource/ccs/homeplug.o
                0x0000000008002420                evaluateAttenCharInd
 .text.composeAttenCharRsp
                0x000000000800249c       0x78 ./Core/Src/sharedsource/ccs/homeplug.o
                0x000000000800249c                composeAttenCharRsp
 .text.composeSlacMatchReq
                0x0000000008002514       0x8c ./Core/Src/sharedsource/ccs/homeplug.o
                0x0000000008002514                composeSlacMatchReq
 .text.evaluateSlacMatchCnf
                0x00000000080025a0       0xa0 ./Core/Src/sharedsource/ccs/homeplug.o
                0x00000000080025a0                evaluateSlacMatchCnf
 .text.composeSetKey
                0x0000000008002640       0xd4 ./Core/Src/sharedsource/ccs/homeplug.o
                0x0000000008002640                composeSetKey
 .text.evaluateSetKeyCnf
                0x0000000008002714       0x54 ./Core/Src/sharedsource/ccs/homeplug.o
                0x0000000008002714                evaluateSetKeyCnf
 .text.composeGetKey
                0x0000000008002768       0xa8 ./Core/Src/sharedsource/ccs/homeplug.o
                0x0000000008002768                composeGetKey
 .text.evaluateGetKeyCnf
                0x0000000008002810        0xc ./Core/Src/sharedsource/ccs/homeplug.o
                0x0000000008002810                evaluateGetKeyCnf
 .text.evaluateGetSwCnf
                0x000000000800281c       0xc0 ./Core/Src/sharedsource/ccs/homeplug.o
                0x000000000800281c                evaluateGetSwCnf
 .text.isEvseModemFound
                0x00000000080028dc       0x20 ./Core/Src/sharedsource/ccs/homeplug.o
                0x00000000080028dc                isEvseModemFound
 .text.slac_enterState
                0x00000000080028fc       0x44 ./Core/Src/sharedsource/ccs/homeplug.o
                0x00000000080028fc                slac_enterState
 .text.isTooLong
                0x0000000008002940       0x20 ./Core/Src/sharedsource/ccs/homeplug.o
                0x0000000008002940                isTooLong
 .text.runSlacSequencer
                0x0000000008002960      0x330 ./Core/Src/sharedsource/ccs/homeplug.o
                0x0000000008002960                runSlacSequencer
 .text.runSdpStateMachine
                0x0000000008002c90       0xb4 ./Core/Src/sharedsource/ccs/homeplug.o
                0x0000000008002c90                runSdpStateMachine
 .text.evaluateReceivedHomeplugPacket
                0x0000000008002d44       0x82 ./Core/Src/sharedsource/ccs/homeplug.o
                0x0000000008002d44                evaluateReceivedHomeplugPacket
 *fill*         0x0000000008002dc6        0x2 
 .text.evaluateUdpPayload
                0x0000000008002dc8      0x148 ./Core/Src/sharedsource/ccs/ipv6.o
                0x0000000008002dc8                evaluateUdpPayload
 .text.ipv6_evaluateReceivedPacket
                0x0000000008002f10      0x194 ./Core/Src/sharedsource/ccs/ipv6.o
                0x0000000008002f10                ipv6_evaluateReceivedPacket
 .text.ipv6_initiateSdpRequest
                0x00000000080030a4       0x60 ./Core/Src/sharedsource/ccs/ipv6.o
                0x00000000080030a4                ipv6_initiateSdpRequest
 .text.ipv6_packRequestIntoUdp
                0x0000000008003104       0xd4 ./Core/Src/sharedsource/ccs/ipv6.o
                0x0000000008003104                ipv6_packRequestIntoUdp
 .text.ipv6_packRequestIntoIp
                0x00000000080031d8       0xd8 ./Core/Src/sharedsource/ccs/ipv6.o
                0x00000000080031d8                ipv6_packRequestIntoIp
 .text.ipv6_packRequestIntoEthernet
                0x00000000080032b0       0x90 ./Core/Src/sharedsource/ccs/ipv6.o
                0x00000000080032b0                ipv6_packRequestIntoEthernet
 .text.evaluateNeighborSolicitation
                0x0000000008003340      0x18c ./Core/Src/sharedsource/ccs/ipv6.o
                0x0000000008003340                evaluateNeighborSolicitation
 .text.modemFinder_Mainfunction
                0x00000000080034cc       0xc8 ./Core/Src/sharedsource/ccs/modemFinder.o
                0x00000000080034cc                modemFinder_Mainfunction
 .text.myAdc_SelectChannel_Temp1
                0x0000000008003594       0x34 ./Core/Src/sharedsource/ccs/myAdc.o
                0x0000000008003594                myAdc_SelectChannel_Temp1
 .text.myAdc_SelectChannel_Temp2
                0x00000000080035c8       0x30 ./Core/Src/sharedsource/ccs/myAdc.o
                0x00000000080035c8                myAdc_SelectChannel_Temp2
 .text.myAdc_SelectChannel_Temp3
                0x00000000080035f8       0x30 ./Core/Src/sharedsource/ccs/myAdc.o
                0x00000000080035f8                myAdc_SelectChannel_Temp3
 .text.myAdc_SelectChannel_DcVoltage
                0x0000000008003628       0x30 ./Core/Src/sharedsource/ccs/myAdc.o
                0x0000000008003628                myAdc_SelectChannel_DcVoltage
 .text.myAdc_SelectChannel_TEMP
                0x0000000008003658       0x30 ./Core/Src/sharedsource/ccs/myAdc.o
                0x0000000008003658                myAdc_SelectChannel_TEMP
 .text.myAdc_analogRead
                0x0000000008003688       0x78 ./Core/Src/sharedsource/ccs/myAdc.o
                0x0000000008003688                myAdc_analogRead
 .text.myAdc_measureCpuTemperature
                0x0000000008003700       0x88 ./Core/Src/sharedsource/ccs/myAdc.o
                0x0000000008003700                myAdc_measureCpuTemperature
 .text.myAdc_calculateDcVoltage
                0x0000000008003788       0x50 ./Core/Src/sharedsource/ccs/myAdc.o
                0x0000000008003788                myAdc_calculateDcVoltage
 .text.myAdc_calibrate
                0x00000000080037d8       0x14 ./Core/Src/sharedsource/ccs/myAdc.o
                0x00000000080037d8                myAdc_calibrate
 .text.myAdc_cyclic
                0x00000000080037ec      0x110 ./Core/Src/sharedsource/ccs/myAdc.o
                0x00000000080037ec                myAdc_cyclic
 .text.addToTrace
                0x00000000080038fc       0x2c ./Core/Src/sharedsource/ccs/myHelpers.o
                0x00000000080038fc                addToTrace
 .text.showAsHex
                0x0000000008003928       0x6c ./Core/Src/sharedsource/ccs/myHelpers.o
                0x0000000008003928                showAsHex
 .text.sanityCheck
                0x0000000008003994       0x12 ./Core/Src/sharedsource/ccs/myHelpers.o
                0x0000000008003994                sanityCheck
 *fill*         0x00000000080039a6        0x2 
 .text.task30ms
                0x00000000080039a8       0x44 ./Core/Src/sharedsource/ccs/myScheduler.o
                0x00000000080039a8                task30ms
 .text.task200ms
                0x00000000080039ec        0xc ./Core/Src/sharedsource/ccs/myScheduler.o
                0x00000000080039ec                task200ms
 .text.task1s   0x00000000080039f8       0xd8 ./Core/Src/sharedsource/ccs/myScheduler.o
                0x00000000080039f8                task1s
 .text.initMyScheduler
                0x0000000008003ad0       0x48 ./Core/Src/sharedsource/ccs/myScheduler.o
                0x0000000008003ad0                initMyScheduler
 .text.runMyScheduler
                0x0000000008003b18       0xa8 ./Core/Src/sharedsource/ccs/myScheduler.o
                0x0000000008003b18                runMyScheduler
 .text.combineValueAndMultiplier
                0x0000000008003bc0       0x68 ./Core/Src/sharedsource/ccs/pevStateMachine.o
                0x0000000008003bc0                combineValueAndMultiplier
 .text.addV2GTPHeaderAndTransmit
                0x0000000008003c28       0x9c ./Core/Src/sharedsource/ccs/pevStateMachine.o
                0x0000000008003c28                addV2GTPHeaderAndTransmit
 .text.encodeAndTransmit
                0x0000000008003cc4       0x2c ./Core/Src/sharedsource/ccs/pevStateMachine.o
                0x0000000008003cc4                encodeAndTransmit
 .text.routeDecoderInputData
                0x0000000008003cf0       0x2c ./Core/Src/sharedsource/ccs/pevStateMachine.o
                0x0000000008003cf0                routeDecoderInputData
 .text.pev_sendChargeParameterDiscoveryReq
                0x0000000008003d1c      0x178 ./Core/Src/sharedsource/ccs/pevStateMachine.o
                0x0000000008003d1c                pev_sendChargeParameterDiscoveryReq
 .text.pev_sendCableCheckReq
                0x0000000008003e94       0x64 ./Core/Src/sharedsource/ccs/pevStateMachine.o
                0x0000000008003e94                pev_sendCableCheckReq
 .text.pev_sendPreChargeReq
                0x0000000008003ef8       0xd4 ./Core/Src/sharedsource/ccs/pevStateMachine.o
                0x0000000008003ef8                pev_sendPreChargeReq
 .text.pev_sendPowerDeliveryReq
                0x0000000008003fcc       0xfc ./Core/Src/sharedsource/ccs/pevStateMachine.o
                0x0000000008003fcc                pev_sendPowerDeliveryReq
 .text.pev_sendCurrentDemandReq
                0x00000000080040c8      0x1a8 ./Core/Src/sharedsource/ccs/pevStateMachine.o
                0x00000000080040c8                pev_sendCurrentDemandReq
 .text.pev_sendWeldingDetectionReq
                0x0000000008004270       0x60 ./Core/Src/sharedsource/ccs/pevStateMachine.o
                0x0000000008004270                pev_sendWeldingDetectionReq
 .text.stateFunctionConnected
                0x00000000080042d0       0x34 ./Core/Src/sharedsource/ccs/pevStateMachine.o
                0x00000000080042d0                stateFunctionConnected
 .text.stateFunctionWaitForSupportedApplicationProtocolResponse
                0x0000000008004304      0x160 ./Core/Src/sharedsource/ccs/pevStateMachine.o
                0x0000000008004304                stateFunctionWaitForSupportedApplicationProtocolResponse
 .text.stateFunctionWaitForSessionSetupResponse
                0x0000000008004464       0xf0 ./Core/Src/sharedsource/ccs/pevStateMachine.o
                0x0000000008004464                stateFunctionWaitForSessionSetupResponse
 .text.stateFunctionWaitForServiceDiscoveryResponse
                0x0000000008004554       0xd8 ./Core/Src/sharedsource/ccs/pevStateMachine.o
                0x0000000008004554                stateFunctionWaitForServiceDiscoveryResponse
 .text.stateFunctionWaitForServicePaymentSelectionResponse
                0x000000000800462c       0xbc ./Core/Src/sharedsource/ccs/pevStateMachine.o
                0x000000000800462c                stateFunctionWaitForServicePaymentSelectionResponse
 .text.stateFunctionWaitForContractAuthenticationResponse
                0x00000000080046e8       0xf4 ./Core/Src/sharedsource/ccs/pevStateMachine.o
                0x00000000080046e8                stateFunctionWaitForContractAuthenticationResponse
 .text.stateFunctionWaitForChargeParameterDiscoveryResponse
                0x00000000080047dc       0xf8 ./Core/Src/sharedsource/ccs/pevStateMachine.o
                0x00000000080047dc                stateFunctionWaitForChargeParameterDiscoveryResponse
 .text.stateFunctionWaitForConnectorLock
                0x00000000080048d4       0x4c ./Core/Src/sharedsource/ccs/pevStateMachine.o
                0x00000000080048d4                stateFunctionWaitForConnectorLock
 .text.stateFunctionWaitForCableCheckResponse
                0x0000000008004920      0x114 ./Core/Src/sharedsource/ccs/pevStateMachine.o
                0x0000000008004920                stateFunctionWaitForCableCheckResponse
 .text.stateFunctionWaitForPreChargeResponse
                0x0000000008004a34      0x128 ./Core/Src/sharedsource/ccs/pevStateMachine.o
                0x0000000008004a34                stateFunctionWaitForPreChargeResponse
 .text.stateFunctionWaitForContactorsClosed
                0x0000000008004b5c       0x64 ./Core/Src/sharedsource/ccs/pevStateMachine.o
                0x0000000008004b5c                stateFunctionWaitForContactorsClosed
 .text.stateFunctionWaitForPowerDeliveryResponse
                0x0000000008004bc0       0xd4 ./Core/Src/sharedsource/ccs/pevStateMachine.o
                0x0000000008004bc0                stateFunctionWaitForPowerDeliveryResponse
 .text.stateFunctionWaitForCurrentDemandResponse
                0x0000000008004c94      0x184 ./Core/Src/sharedsource/ccs/pevStateMachine.o
                0x0000000008004c94                stateFunctionWaitForCurrentDemandResponse
 .text.stateFunctionWaitForWeldingDetectionResponse
                0x0000000008004e18       0xb4 ./Core/Src/sharedsource/ccs/pevStateMachine.o
                0x0000000008004e18                stateFunctionWaitForWeldingDetectionResponse
 .text.stateFunctionWaitForSessionStopResponse
                0x0000000008004ecc       0x7c ./Core/Src/sharedsource/ccs/pevStateMachine.o
                0x0000000008004ecc                stateFunctionWaitForSessionStopResponse
 .text.stateFunctionChargingFinished
                0x0000000008004f48       0x20 ./Core/Src/sharedsource/ccs/pevStateMachine.o
                0x0000000008004f48                stateFunctionChargingFinished
 .text.stateFunctionSequenceTimeout
                0x0000000008004f68       0x34 ./Core/Src/sharedsource/ccs/pevStateMachine.o
                0x0000000008004f68                stateFunctionSequenceTimeout
 .text.stateFunctionUnrecoverableError
                0x0000000008004f9c       0x34 ./Core/Src/sharedsource/ccs/pevStateMachine.o
                0x0000000008004f9c                stateFunctionUnrecoverableError
 .text.stateFunctionSafeShutDownWaitForChargerShutdown
                0x0000000008004fd0       0x4c ./Core/Src/sharedsource/ccs/pevStateMachine.o
                0x0000000008004fd0                stateFunctionSafeShutDownWaitForChargerShutdown
 .text.stateFunctionSafeShutDownWaitForContactorsOpen
                0x000000000800501c       0x44 ./Core/Src/sharedsource/ccs/pevStateMachine.o
                0x000000000800501c                stateFunctionSafeShutDownWaitForContactorsOpen
 .text.stateFunctionEnd
                0x0000000008005060        0xc ./Core/Src/sharedsource/ccs/pevStateMachine.o
                0x0000000008005060                stateFunctionEnd
 .text.pev_enterState
                0x000000000800506c       0x44 ./Core/Src/sharedsource/ccs/pevStateMachine.o
                0x000000000800506c                pev_enterState
 .text.pev_isTooLong
                0x00000000080050b0       0x6c ./Core/Src/sharedsource/ccs/pevStateMachine.o
                0x00000000080050b0                pev_isTooLong
 .text.pev_runFsm
                0x000000000800511c      0x2cc ./Core/Src/sharedsource/ccs/pevStateMachine.o
                0x000000000800511c                pev_runFsm
 .text.pevStateMachine_Mainfunction
                0x00000000080053e8       0x1c ./Core/Src/sharedsource/ccs/pevStateMachine.o
                0x00000000080053e8                pevStateMachine_Mainfunction
 .text.spiQCA7000DemoWriteBFR_SIZE
                0x0000000008005404       0x64 ./Core/Src/sharedsource/ccs/qca7000.o
                0x0000000008005404                spiQCA7000DemoWriteBFR_SIZE
 .text.spiQCA7000DemoReadRDBUF_BYTE_AVA
                0x0000000008005468       0x74 ./Core/Src/sharedsource/ccs/qca7000.o
                0x0000000008005468                spiQCA7000DemoReadRDBUF_BYTE_AVA
 .text.QCA7000checkRxDataAndDistribute
                0x00000000080054dc      0x150 ./Core/Src/sharedsource/ccs/qca7000.o
                0x00000000080054dc                QCA7000checkRxDataAndDistribute
 .text.spiQCA7000checkForReceivedData
                0x000000000800562c       0xbc ./Core/Src/sharedsource/ccs/qca7000.o
                0x000000000800562c                spiQCA7000checkForReceivedData
 .text.spiQCA7000SendEthFrame
                0x00000000080056e8       0xa8 ./Core/Src/sharedsource/ccs/qca7000.o
                0x00000000080056e8                spiQCA7000SendEthFrame
 .text.myEthTransmit
                0x0000000008005790       0x24 ./Core/Src/sharedsource/ccs/qca7000.o
                0x0000000008005790                myEthTransmit
 .text.evaluateTcpPacket
                0x00000000080057b4      0x1d8 ./Core/Src/sharedsource/ccs/tcp.o
                0x00000000080057b4                evaluateTcpPacket
 .text.tcp_connect
                0x000000000800598c       0x9c ./Core/Src/sharedsource/ccs/tcp.o
                0x000000000800598c                tcp_connect
 .text.tcp_sendFirstAck
                0x0000000008005a28       0x30 ./Core/Src/sharedsource/ccs/tcp.o
                0x0000000008005a28                tcp_sendFirstAck
 .text.tcp_sendAck
                0x0000000008005a58       0x28 ./Core/Src/sharedsource/ccs/tcp.o
                0x0000000008005a58                tcp_sendAck
 .text.tcp_transmit
                0x0000000008005a80       0x68 ./Core/Src/sharedsource/ccs/tcp.o
                0x0000000008005a80                tcp_transmit
 .text.tcp_prepareTcpHeader
                0x0000000008005ae8      0x13c ./Core/Src/sharedsource/ccs/tcp.o
                0x0000000008005ae8                tcp_prepareTcpHeader
 .text.tcp_packRequestIntoIp
                0x0000000008005c24       0xd8 ./Core/Src/sharedsource/ccs/tcp.o
                0x0000000008005c24                tcp_packRequestIntoIp
 .text.tcp_packRequestIntoEthernet
                0x0000000008005cfc       0x78 ./Core/Src/sharedsource/ccs/tcp.o
                0x0000000008005cfc                tcp_packRequestIntoEthernet
 .text.tcp_Mainfunction
                0x0000000008005d74       0x58 ./Core/Src/sharedsource/ccs/tcp.o
                0x0000000008005d74                tcp_Mainfunction
 *fill*         0x0000000008005dcc        0x4 
 .text.ohmToCelsius
                0x0000000008005dd0       0xb8 ./Core/Src/sharedsource/ccs/temperatures.o
                0x0000000008005dd0                ohmToCelsius
 .text.temperatures_convertFloatToM40
                0x0000000008005e88       0x44 ./Core/Src/sharedsource/ccs/temperatures.o
                0x0000000008005e88                temperatures_convertFloatToM40
 .text.temperatures_calculateTemperatures
                0x0000000008005ecc      0x15c ./Core/Src/sharedsource/ccs/temperatures.o
                0x0000000008005ecc                temperatures_calculateTemperatures
 .text.calculateUdpAndTcpChecksumForIPv6
                0x0000000008006028      0x188 ./Core/Src/sharedsource/ccs/udpChecksum.o
                0x0000000008006028                calculateUdpAndTcpChecksumForIPv6
 .text.readBuffer
                0x00000000080061b0       0x52 ./Core/Src/sharedsource/exi/BitInputStream.o
 .text.readBits
                0x0000000008006202      0x10c ./Core/Src/sharedsource/exi/BitInputStream.o
                0x0000000008006202                readBits
 .text.writeBits
                0x000000000800630e      0x180 ./Core/Src/sharedsource/exi/BitOutputStream.o
                0x000000000800630e                writeBits
 .text.flush    0x000000000800648e       0x2e ./Core/Src/sharedsource/exi/BitOutputStream.o
                0x000000000800648e                flush
 .text.decodeUnsignedInteger16
                0x00000000080064bc       0x64 ./Core/Src/sharedsource/exi/DecoderChannel.o
                0x00000000080064bc                decodeUnsignedInteger16
 .text.decodeUnsignedInteger32
                0x0000000008006520       0x60 ./Core/Src/sharedsource/exi/DecoderChannel.o
                0x0000000008006520                decodeUnsignedInteger32
 .text.decodeUnsignedInteger64
                0x0000000008006580       0x98 ./Core/Src/sharedsource/exi/DecoderChannel.o
                0x0000000008006580                decodeUnsignedInteger64
 .text.decodeInteger16
                0x0000000008006618       0x60 ./Core/Src/sharedsource/exi/DecoderChannel.o
                0x0000000008006618                decodeInteger16
 .text.decodeInteger32
                0x0000000008006678       0x5e ./Core/Src/sharedsource/exi/DecoderChannel.o
                0x0000000008006678                decodeInteger32
 .text.decodeInteger64
                0x00000000080066d6       0x78 ./Core/Src/sharedsource/exi/DecoderChannel.o
                0x00000000080066d6                decodeInteger64
 .text.decodeCharacters
                0x000000000800674e       0x62 ./Core/Src/sharedsource/exi/DecoderChannel.o
                0x000000000800674e                decodeCharacters
 .text.decodeBytes
                0x00000000080067b0       0x50 ./Core/Src/sharedsource/exi/DecoderChannel.o
                0x00000000080067b0                decodeBytes
 .text.decode   0x0000000008006800       0x42 ./Core/Src/sharedsource/exi/DecoderChannel.o
                0x0000000008006800                decode
 .text.decodeBoolean
                0x0000000008006842       0x36 ./Core/Src/sharedsource/exi/DecoderChannel.o
                0x0000000008006842                decodeBoolean
 .text.decodeNBitUnsignedInteger
                0x0000000008006878       0x34 ./Core/Src/sharedsource/exi/DecoderChannel.o
                0x0000000008006878                decodeNBitUnsignedInteger
 .text.readEXIHeader
                0x00000000080068ac       0x5c ./Core/Src/sharedsource/exi/EXIHeaderDecoder.o
                0x00000000080068ac                readEXIHeader
 .text.writeEXIHeader
                0x0000000008006908       0x28 ./Core/Src/sharedsource/exi/EXIHeaderEncoder.o
                0x0000000008006908                writeEXIHeader
 .text.encodeUnsignedInteger16
                0x0000000008006930       0xa6 ./Core/Src/sharedsource/exi/EncoderChannel.o
                0x0000000008006930                encodeUnsignedInteger16
 *fill*         0x00000000080069d6        0x2 
 .text.encodeUnsignedInteger32
                0x00000000080069d8       0xf8 ./Core/Src/sharedsource/exi/EncoderChannel.o
                0x00000000080069d8                encodeUnsignedInteger32
 .text.encodeUnsignedInteger64
                0x0000000008006ad0       0x86 ./Core/Src/sharedsource/exi/EncoderChannel.o
                0x0000000008006ad0                encodeUnsignedInteger64
 .text.encodeInteger16
                0x0000000008006b56       0x4c ./Core/Src/sharedsource/exi/EncoderChannel.o
                0x0000000008006b56                encodeInteger16
 .text.encodeInteger32
                0x0000000008006ba2       0x48 ./Core/Src/sharedsource/exi/EncoderChannel.o
                0x0000000008006ba2                encodeInteger32
 .text.encodeInteger64
                0x0000000008006bea       0x52 ./Core/Src/sharedsource/exi/EncoderChannel.o
                0x0000000008006bea                encodeInteger64
 .text.encodeCharacters
                0x0000000008006c3c       0x48 ./Core/Src/sharedsource/exi/EncoderChannel.o
                0x0000000008006c3c                encodeCharacters
 .text.encodeBytes
                0x0000000008006c84       0x46 ./Core/Src/sharedsource/exi/EncoderChannel.o
                0x0000000008006c84                encodeBytes
 .text.encode   0x0000000008006cca       0x22 ./Core/Src/sharedsource/exi/EncoderChannel.o
                0x0000000008006cca                encode
 .text.encodeBoolean
                0x0000000008006cec       0x2e ./Core/Src/sharedsource/exi/EncoderChannel.o
                0x0000000008006cec                encodeBoolean
 .text.encodeNBitUnsignedInteger
                0x0000000008006d1a       0x2c ./Core/Src/sharedsource/exi/EncoderChannel.o
                0x0000000008006d1a                encodeNBitUnsignedInteger
 .text.encodeFinish
                0x0000000008006d46       0x18 ./Core/Src/sharedsource/exi/EncoderChannel.o
                0x0000000008006d46                encodeFinish
 .text.numberOf7BitBlocksToRepresent
                0x0000000008006d5e       0x42 ./Core/Src/sharedsource/exi/MethodsBag.o
                0x0000000008006d5e                numberOf7BitBlocksToRepresent
 .text.init_appHandEXIDocument
                0x0000000008006da0       0x2e ./Core/Src/sharedsource/exi/appHandEXIDatatypes.o
                0x0000000008006da0                init_appHandEXIDocument
 .text.init_appHandAppProtocolType
                0x0000000008006dce       0x12 ./Core/Src/sharedsource/exi/appHandEXIDatatypes.o
                0x0000000008006dce                init_appHandAppProtocolType
 .text.init_appHandAnonType_supportedAppProtocolReq
                0x0000000008006de0       0x1a ./Core/Src/sharedsource/exi/appHandEXIDatatypes.o
                0x0000000008006de0                init_appHandAnonType_supportedAppProtocolReq
 .text.init_appHandAnonType_supportedAppProtocolRes
                0x0000000008006dfa       0x1c ./Core/Src/sharedsource/exi/appHandEXIDatatypes.o
                0x0000000008006dfa                init_appHandAnonType_supportedAppProtocolRes
 *fill*         0x0000000008006e16        0x2 
 .text.decode_appHandAppProtocolType
                0x0000000008006e18      0x430 ./Core/Src/sharedsource/exi/appHandEXIDatatypesDecoder.o
 .text.decode_appHandAnonType_supportedAppProtocolReq
                0x0000000008007248      0xb60 ./Core/Src/sharedsource/exi/appHandEXIDatatypesDecoder.o
 .text.decode_appHandAnonType_supportedAppProtocolRes
                0x0000000008007da8      0x20c ./Core/Src/sharedsource/exi/appHandEXIDatatypesDecoder.o
 .text.decode_appHandExiDocument
                0x0000000008007fb4       0xac ./Core/Src/sharedsource/exi/appHandEXIDatatypesDecoder.o
                0x0000000008007fb4                decode_appHandExiDocument
 .text.init_dinEXIDocument
                0x0000000008008060      0x666 ./Core/Src/sharedsource/exi/dinEXIDatatypes.o
                0x0000000008008060                init_dinEXIDocument
 .text.init_dinMeteringReceiptReqType
                0x00000000080086c6       0x2e ./Core/Src/sharedsource/exi/dinEXIDatatypes.o
                0x00000000080086c6                init_dinMeteringReceiptReqType
 .text.init_dinBodyType
                0x00000000080086f4      0x2ce ./Core/Src/sharedsource/exi/dinEXIDatatypes.o
                0x00000000080086f4                init_dinBodyType
 .text.init_dinSessionSetupReqType
                0x00000000080089c2       0x12 ./Core/Src/sharedsource/exi/dinEXIDatatypes.o
                0x00000000080089c2                init_dinSessionSetupReqType
 .text.init_dinPowerDeliveryResType
                0x00000000080089d4       0x34 ./Core/Src/sharedsource/exi/dinEXIDatatypes.o
                0x00000000080089d4                init_dinPowerDeliveryResType
 .text.init_dinServiceDetailResType
                0x0000000008008a08       0x26 ./Core/Src/sharedsource/exi/dinEXIDatatypes.o
                0x0000000008008a08                init_dinServiceDetailResType
 .text.init_dinWeldingDetectionResType
                0x0000000008008a2e       0x12 ./Core/Src/sharedsource/exi/dinEXIDatatypes.o
                0x0000000008008a2e                init_dinWeldingDetectionResType
 .text.init_dinContractAuthenticationResType
                0x0000000008008a40       0x12 ./Core/Src/sharedsource/exi/dinEXIDatatypes.o
                0x0000000008008a40                init_dinContractAuthenticationResType
 .text.init_dinCanonicalizationMethodType
                0x0000000008008a52       0x20 ./Core/Src/sharedsource/exi/dinEXIDatatypes.o
                0x0000000008008a52                init_dinCanonicalizationMethodType
 .text.init_dinSPKIDataType
                0x0000000008008a72       0x28 ./Core/Src/sharedsource/exi/dinEXIDatatypes.o
                0x0000000008008a72                init_dinSPKIDataType
 .text.init_dinListOfRootCertificateIDsType
                0x0000000008008a9a       0x1a ./Core/Src/sharedsource/exi/dinEXIDatatypes.o
                0x0000000008008a9a                init_dinListOfRootCertificateIDsType
 .text.init_dinSelectedServiceListType
                0x0000000008008ab4       0x1a ./Core/Src/sharedsource/exi/dinEXIDatatypes.o
                0x0000000008008ab4                init_dinSelectedServiceListType
 .text.init_dinCurrentDemandResType
                0x0000000008008ace       0x3c ./Core/Src/sharedsource/exi/dinEXIDatatypes.o
                0x0000000008008ace                init_dinCurrentDemandResType
 .text.init_dinTransformType
                0x0000000008008b0a       0x28 ./Core/Src/sharedsource/exi/dinEXIDatatypes.o
                0x0000000008008b0a                init_dinTransformType
 .text.init_dinAC_EVChargeParameterType
                0x0000000008008b32       0x12 ./Core/Src/sharedsource/exi/dinEXIDatatypes.o
                0x0000000008008b32                init_dinAC_EVChargeParameterType
 .text.init_dinX509DataType
                0x0000000008008b44       0x48 ./Core/Src/sharedsource/exi/dinEXIDatatypes.o
                0x0000000008008b44                init_dinX509DataType
 .text.init_dinChargingStatusResType
                0x0000000008008b8c       0x2e ./Core/Src/sharedsource/exi/dinEXIDatatypes.o
                0x0000000008008b8c                init_dinChargingStatusResType
 .text.init_dinWeldingDetectionReqType
                0x0000000008008bba       0x12 ./Core/Src/sharedsource/exi/dinEXIDatatypes.o
                0x0000000008008bba                init_dinWeldingDetectionReqType
 .text.init_dinSignaturePropertiesType
                0x0000000008008bcc       0x28 ./Core/Src/sharedsource/exi/dinEXIDatatypes.o
                0x0000000008008bcc                init_dinSignaturePropertiesType
 .text.init_dinContractAuthenticationReqType
                0x0000000008008bf4       0x2e ./Core/Src/sharedsource/exi/dinEXIDatatypes.o
                0x0000000008008bf4                init_dinContractAuthenticationReqType
 .text.init_dinDC_EVPowerDeliveryParameterType
                0x0000000008008c22       0x1c ./Core/Src/sharedsource/exi/dinEXIDatatypes.o
                0x0000000008008c22                init_dinDC_EVPowerDeliveryParameterType
 .text.init_dinEVSEChargeParameterType
                0x0000000008008c3e       0x12 ./Core/Src/sharedsource/exi/dinEXIDatatypes.o
                0x0000000008008c3e                init_dinEVSEChargeParameterType
 .text.init_dinCableCheckReqType
                0x0000000008008c50       0x12 ./Core/Src/sharedsource/exi/dinEXIDatatypes.o
                0x0000000008008c50                init_dinCableCheckReqType
 .text.init_dinDC_EVChargeParameterType
                0x0000000008008c62       0x58 ./Core/Src/sharedsource/exi/dinEXIDatatypes.o
                0x0000000008008c62                init_dinDC_EVChargeParameterType
 .text.init_dinSAScheduleListType
                0x0000000008008cba       0x1e ./Core/Src/sharedsource/exi/dinEXIDatatypes.o
                0x0000000008008cba                init_dinSAScheduleListType
 .text.init_dinPMaxScheduleType
                0x0000000008008cd8       0x1a ./Core/Src/sharedsource/exi/dinEXIDatatypes.o
                0x0000000008008cd8                init_dinPMaxScheduleType
 .text.init_dinServicePaymentSelectionReqType
                0x0000000008008cf2       0x12 ./Core/Src/sharedsource/exi/dinEXIDatatypes.o
                0x0000000008008cf2                init_dinServicePaymentSelectionReqType
 .text.init_dinRelativeTimeIntervalType
                0x0000000008008d04       0x1c ./Core/Src/sharedsource/exi/dinEXIDatatypes.o
                0x0000000008008d04                init_dinRelativeTimeIntervalType
 .text.init_dinEVStatusType
                0x0000000008008d20       0x12 ./Core/Src/sharedsource/exi/dinEXIDatatypes.o
                0x0000000008008d20                init_dinEVStatusType
 .text.init_dinPreChargeResType
                0x0000000008008d32       0x12 ./Core/Src/sharedsource/exi/dinEXIDatatypes.o
                0x0000000008008d32                init_dinPreChargeResType
 .text.init_dinDC_EVSEChargeParameterType
                0x0000000008008d44       0x38 ./Core/Src/sharedsource/exi/dinEXIDatatypes.o
                0x0000000008008d44                init_dinDC_EVSEChargeParameterType
 .text.init_dinPaymentDetailsResType
                0x0000000008008d7c       0x12 ./Core/Src/sharedsource/exi/dinEXIDatatypes.o
                0x0000000008008d7c                init_dinPaymentDetailsResType
 .text.init_dinDSAKeyValueType
                0x0000000008008d8e       0x66 ./Core/Src/sharedsource/exi/dinEXIDatatypes.o
                0x0000000008008d8e                init_dinDSAKeyValueType
 .text.init_dinSASchedulesType
                0x0000000008008df4       0x12 ./Core/Src/sharedsource/exi/dinEXIDatatypes.o
                0x0000000008008df4                init_dinSASchedulesType
 .text.init_dinCertificateUpdateResType
                0x0000000008008e06       0x12 ./Core/Src/sharedsource/exi/dinEXIDatatypes.o
                0x0000000008008e06                init_dinCertificateUpdateResType
 .text.init_dinEVChargeParameterType
                0x0000000008008e18       0x12 ./Core/Src/sharedsource/exi/dinEXIDatatypes.o
                0x0000000008008e18                init_dinEVChargeParameterType
 .text.init_dinMessageHeaderType
                0x0000000008008e2a       0x34 ./Core/Src/sharedsource/exi/dinEXIDatatypes.o
                0x0000000008008e2a                init_dinMessageHeaderType
 .text.init_dinBodyBaseType
                0x0000000008008e5e       0x12 ./Core/Src/sharedsource/exi/dinEXIDatatypes.o
                0x0000000008008e5e                init_dinBodyBaseType
 .text.init_dinKeyValueType
                0x0000000008008e70       0x3c ./Core/Src/sharedsource/exi/dinEXIDatatypes.o
                0x0000000008008e70                init_dinKeyValueType
 .text.init_dinIntervalType
                0x0000000008008eac       0x12 ./Core/Src/sharedsource/exi/dinEXIDatatypes.o
                0x0000000008008eac                init_dinIntervalType
 .text.init_dinChargeParameterDiscoveryResType
                0x0000000008008ebe       0x6c ./Core/Src/sharedsource/exi/dinEXIDatatypes.o
                0x0000000008008ebe                init_dinChargeParameterDiscoveryResType
 .text.init_dinPowerDeliveryReqType
                0x0000000008008f2a       0x3c ./Core/Src/sharedsource/exi/dinEXIDatatypes.o
                0x0000000008008f2a                init_dinPowerDeliveryReqType
 .text.init_dinCertificateChainType
                0x0000000008008f66       0x26 ./Core/Src/sharedsource/exi/dinEXIDatatypes.o
                0x0000000008008f66                init_dinCertificateChainType
 .text.init_dinTransformsType
                0x0000000008008f8c       0x1a ./Core/Src/sharedsource/exi/dinEXIDatatypes.o
                0x0000000008008f8c                init_dinTransformsType
 .text.init_dinEntryType
                0x0000000008008fa6       0x26 ./Core/Src/sharedsource/exi/dinEXIDatatypes.o
                0x0000000008008fa6                init_dinEntryType
 .text.init_dinSessionStopType
                0x0000000008008fcc       0x12 ./Core/Src/sharedsource/exi/dinEXIDatatypes.o
                0x0000000008008fcc                init_dinSessionStopType
 .text.init_dinServiceDetailReqType
                0x0000000008008fde       0x12 ./Core/Src/sharedsource/exi/dinEXIDatatypes.o
                0x0000000008008fde                init_dinServiceDetailReqType
 .text.init_dinDigestMethodType
                0x0000000008008ff0       0x20 ./Core/Src/sharedsource/exi/dinEXIDatatypes.o
                0x0000000008008ff0                init_dinDigestMethodType
 .text.init_dinParameterType
                0x0000000008009010       0x66 ./Core/Src/sharedsource/exi/dinEXIDatatypes.o
                0x0000000008009010                init_dinParameterType
 .text.init_dinChargingStatusReqType
                0x0000000008009076       0x12 ./Core/Src/sharedsource/exi/dinEXIDatatypes.o
                0x0000000008009076                init_dinChargingStatusReqType
 .text.init_dinSignatureMethodType
                0x0000000008009088       0x2e ./Core/Src/sharedsource/exi/dinEXIDatatypes.o
                0x0000000008009088                init_dinSignatureMethodType
 .text.init_dinCertificateInstallationReqType
                0x00000000080090b6       0x20 ./Core/Src/sharedsource/exi/dinEXIDatatypes.o
                0x00000000080090b6                init_dinCertificateInstallationReqType
 .text.init_dinSalesTariffEntryType
                0x00000000080090d6       0x2e ./Core/Src/sharedsource/exi/dinEXIDatatypes.o
                0x00000000080090d6                init_dinSalesTariffEntryType
 .text.init_dinServiceDiscoveryResType
                0x0000000008009104       0x20 ./Core/Src/sharedsource/exi/dinEXIDatatypes.o
                0x0000000008009104                init_dinServiceDiscoveryResType
 .text.init_dinParameterSetType
                0x0000000008009124       0x1e ./Core/Src/sharedsource/exi/dinEXIDatatypes.o
                0x0000000008009124                init_dinParameterSetType
 .text.init_dinCurrentDemandReqType
                0x0000000008009142       0x66 ./Core/Src/sharedsource/exi/dinEXIDatatypes.o
                0x0000000008009142                init_dinCurrentDemandReqType
 .text.init_dinPreChargeReqType
                0x00000000080091a8       0x12 ./Core/Src/sharedsource/exi/dinEXIDatatypes.o
                0x00000000080091a8                init_dinPreChargeReqType
 .text.init_dinSignatureType
                0x00000000080091ba       0x40 ./Core/Src/sharedsource/exi/dinEXIDatatypes.o
                0x00000000080091ba                init_dinSignatureType
 .text.init_dinReferenceType
                0x00000000080091fa       0x4a ./Core/Src/sharedsource/exi/dinEXIDatatypes.o
                0x00000000080091fa                init_dinReferenceType
 .text.init_dinProfileEntryType
                0x0000000008009244       0x12 ./Core/Src/sharedsource/exi/dinEXIDatatypes.o
                0x0000000008009244                init_dinProfileEntryType
 .text.init_dinAnonType_V2G_Message
                0x0000000008009256       0x12 ./Core/Src/sharedsource/exi/dinEXIDatatypes.o
                0x0000000008009256                init_dinAnonType_V2G_Message
 .text.init_dinChargeParameterDiscoveryReqType
                0x0000000008009268       0x38 ./Core/Src/sharedsource/exi/dinEXIDatatypes.o
                0x0000000008009268                init_dinChargeParameterDiscoveryReqType
 .text.init_dinConsumptionCostType
                0x00000000080092a0       0x1a ./Core/Src/sharedsource/exi/dinEXIDatatypes.o
                0x00000000080092a0                init_dinConsumptionCostType
 .text.init_dinRSAKeyValueType
                0x00000000080092ba       0x12 ./Core/Src/sharedsource/exi/dinEXIDatatypes.o
                0x00000000080092ba                init_dinRSAKeyValueType
 .text.init_dinServiceType
                0x00000000080092cc       0x12 ./Core/Src/sharedsource/exi/dinEXIDatatypes.o
                0x00000000080092cc                init_dinServiceType
 .text.init_dinServiceTagListType
                0x00000000080092de       0x1a ./Core/Src/sharedsource/exi/dinEXIDatatypes.o
                0x00000000080092de                init_dinServiceTagListType
 .text.init_dinEVSEStatusType
                0x00000000080092f8       0x12 ./Core/Src/sharedsource/exi/dinEXIDatatypes.o
                0x00000000080092f8                init_dinEVSEStatusType
 .text.init_dinSessionSetupResType
                0x000000000800930a       0x20 ./Core/Src/sharedsource/exi/dinEXIDatatypes.o
                0x000000000800930a                init_dinSessionSetupResType
 .text.init_dinEVPowerDeliveryParameterType
                0x000000000800932a       0x12 ./Core/Src/sharedsource/exi/dinEXIDatatypes.o
                0x000000000800932a                init_dinEVPowerDeliveryParameterType
 .text.init_dinX509IssuerSerialType
                0x000000000800933c       0x12 ./Core/Src/sharedsource/exi/dinEXIDatatypes.o
                0x000000000800933c                init_dinX509IssuerSerialType
 .text.init_dinSelectedServiceType
                0x000000000800934e       0x1c ./Core/Src/sharedsource/exi/dinEXIDatatypes.o
                0x000000000800934e                init_dinSelectedServiceType
 .text.init_dinMeteringReceiptResType
                0x000000000800936a       0x12 ./Core/Src/sharedsource/exi/dinEXIDatatypes.o
                0x000000000800936a                init_dinMeteringReceiptResType
 .text.init_dinDC_EVStatusType
                0x000000000800937c       0x26 ./Core/Src/sharedsource/exi/dinEXIDatatypes.o
                0x000000000800937c                init_dinDC_EVStatusType
 .text.init_dinPhysicalValueType
                0x00000000080093a2       0x1c ./Core/Src/sharedsource/exi/dinEXIDatatypes.o
                0x00000000080093a2                init_dinPhysicalValueType
 .text.init_dinManifestType
                0x00000000080093be       0x28 ./Core/Src/sharedsource/exi/dinEXIDatatypes.o
                0x00000000080093be                init_dinManifestType
 .text.init_dinPMaxScheduleEntryType
                0x00000000080093e6       0x26 ./Core/Src/sharedsource/exi/dinEXIDatatypes.o
                0x00000000080093e6                init_dinPMaxScheduleEntryType
 .text.init_dinServiceParameterListType
                0x000000000800940c       0x1e ./Core/Src/sharedsource/exi/dinEXIDatatypes.o
                0x000000000800940c                init_dinServiceParameterListType
 .text.init_dinSignatureValueType
                0x000000000800942a       0x20 ./Core/Src/sharedsource/exi/dinEXIDatatypes.o
                0x000000000800942a                init_dinSignatureValueType
 .text.init_dinPaymentOptionsType
                0x000000000800944a       0x18 ./Core/Src/sharedsource/exi/dinEXIDatatypes.o
                0x000000000800944a                init_dinPaymentOptionsType
 .text.init_dinServiceTagType
                0x0000000008009462       0x2e ./Core/Src/sharedsource/exi/dinEXIDatatypes.o
                0x0000000008009462                init_dinServiceTagType
 .text.init_dinAC_EVSEStatusType
                0x0000000008009490       0x12 ./Core/Src/sharedsource/exi/dinEXIDatatypes.o
                0x0000000008009490                init_dinAC_EVSEStatusType
 .text.init_dinCertificateUpdateReqType
                0x00000000080094a2       0x20 ./Core/Src/sharedsource/exi/dinEXIDatatypes.o
                0x00000000080094a2                init_dinCertificateUpdateReqType
 .text.init_dinServicePaymentSelectionResType
                0x00000000080094c2       0x12 ./Core/Src/sharedsource/exi/dinEXIDatatypes.o
                0x00000000080094c2                init_dinServicePaymentSelectionResType
 .text.init_dinSAScheduleTupleType
                0x00000000080094d4       0x20 ./Core/Src/sharedsource/exi/dinEXIDatatypes.o
                0x00000000080094d4                init_dinSAScheduleTupleType
 .text.init_dinChargingProfileType
                0x00000000080094f4       0x1a ./Core/Src/sharedsource/exi/dinEXIDatatypes.o
                0x00000000080094f4                init_dinChargingProfileType
 .text.init_dinServiceDiscoveryReqType
                0x000000000800950e       0x2e ./Core/Src/sharedsource/exi/dinEXIDatatypes.o
                0x000000000800950e                init_dinServiceDiscoveryReqType
 .text.init_dinAC_EVSEChargeParameterType
                0x000000000800953c       0x12 ./Core/Src/sharedsource/exi/dinEXIDatatypes.o
                0x000000000800953c                init_dinAC_EVSEChargeParameterType
 .text.init_dinKeyInfoType
                0x000000000800954e       0x80 ./Core/Src/sharedsource/exi/dinEXIDatatypes.o
                0x000000000800954e                init_dinKeyInfoType
 .text.init_dinPaymentDetailsReqType
                0x00000000080095ce       0x12 ./Core/Src/sharedsource/exi/dinEXIDatatypes.o
                0x00000000080095ce                init_dinPaymentDetailsReqType
 .text.init_dinCableCheckResType
                0x00000000080095e0       0x12 ./Core/Src/sharedsource/exi/dinEXIDatatypes.o
                0x00000000080095e0                init_dinCableCheckResType
 .text.init_dinObjectType
                0x00000000080095f2       0x4a ./Core/Src/sharedsource/exi/dinEXIDatatypes.o
                0x00000000080095f2                init_dinObjectType
 .text.init_dinSessionStopResType
                0x000000000800963c       0x12 ./Core/Src/sharedsource/exi/dinEXIDatatypes.o
                0x000000000800963c                init_dinSessionStopResType
 .text.init_dinSignedInfoType
                0x000000000800964e       0x28 ./Core/Src/sharedsource/exi/dinEXIDatatypes.o
                0x000000000800964e                init_dinSignedInfoType
 .text.init_dinSalesTariffType
                0x0000000008009676       0x28 ./Core/Src/sharedsource/exi/dinEXIDatatypes.o
                0x0000000008009676                init_dinSalesTariffType
 .text.init_dinCostType
                0x000000000800969e       0x1c ./Core/Src/sharedsource/exi/dinEXIDatatypes.o
                0x000000000800969e                init_dinCostType
 .text.init_dinServiceChargeType
                0x00000000080096ba       0x12 ./Core/Src/sharedsource/exi/dinEXIDatatypes.o
                0x00000000080096ba                init_dinServiceChargeType
 .text.init_dinDC_EVSEStatusType
                0x00000000080096cc       0x1c ./Core/Src/sharedsource/exi/dinEXIDatatypes.o
                0x00000000080096cc                init_dinDC_EVSEStatusType
 .text.init_dinRetrievalMethodType
                0x00000000080096e8       0x3c ./Core/Src/sharedsource/exi/dinEXIDatatypes.o
                0x00000000080096e8                init_dinRetrievalMethodType
 .text.init_dinNotificationType
                0x0000000008009724       0x20 ./Core/Src/sharedsource/exi/dinEXIDatatypes.o
                0x0000000008009724                init_dinNotificationType
 .text.init_dinPGPDataType
                0x0000000008009744       0x3c ./Core/Src/sharedsource/exi/dinEXIDatatypes.o
                0x0000000008009744                init_dinPGPDataType
 .text.init_dinCertificateInstallationResType
                0x0000000008009780       0x12 ./Core/Src/sharedsource/exi/dinEXIDatatypes.o
                0x0000000008009780                init_dinCertificateInstallationResType
 .text.init_dinSignaturePropertyType
                0x0000000008009792       0x2e ./Core/Src/sharedsource/exi/dinEXIDatatypes.o
                0x0000000008009792                init_dinSignaturePropertyType
 .text.init_dinMeterInfoType
                0x00000000080097c0       0x4a ./Core/Src/sharedsource/exi/dinEXIDatatypes.o
                0x00000000080097c0                init_dinMeterInfoType
 .text.init_dinSubCertificatesType
                0x000000000800980a       0x1e ./Core/Src/sharedsource/exi/dinEXIDatatypes.o
                0x000000000800980a                init_dinSubCertificatesType
 .text.decode_dinMeteringReceiptReqType
                0x0000000008009828      0x3f0 ./Core/Src/sharedsource/exi/dinEXIDatatypesDecoder.o
 .text.decode_dinBodyType
                0x0000000008009c18      0x8b4 ./Core/Src/sharedsource/exi/dinEXIDatatypesDecoder.o
 .text.decode_dinSessionSetupReqType
                0x000000000800a4cc      0x16c ./Core/Src/sharedsource/exi/dinEXIDatatypesDecoder.o
 .text.decode_dinPowerDeliveryResType
                0x000000000800a638      0x1f4 ./Core/Src/sharedsource/exi/dinEXIDatatypesDecoder.o
 .text.decode_dinServiceDetailResType
                0x000000000800a82c      0x26c ./Core/Src/sharedsource/exi/dinEXIDatatypesDecoder.o
 .text.decode_dinWeldingDetectionResType
                0x000000000800aa98      0x200 ./Core/Src/sharedsource/exi/dinEXIDatatypesDecoder.o
 .text.decode_dinContractAuthenticationResType
                0x000000000800ac98      0x1f4 ./Core/Src/sharedsource/exi/dinEXIDatatypesDecoder.o
 .text.decode_dinCanonicalizationMethodType
                0x000000000800ae8c      0x280 ./Core/Src/sharedsource/exi/dinEXIDatatypesDecoder.o
 .text.decode_dinSPKIDataType
                0x000000000800b10c      0x4b4 ./Core/Src/sharedsource/exi/dinEXIDatatypesDecoder.o
 .text.decode_dinListOfRootCertificateIDsType
                0x000000000800b5c0      0x350 ./Core/Src/sharedsource/exi/dinEXIDatatypesDecoder.o
 .text.decode_dinSelectedServiceListType
                0x000000000800b910      0x144 ./Core/Src/sharedsource/exi/dinEXIDatatypesDecoder.o
 .text.decode_dinCurrentDemandResType
                0x000000000800ba54      0x640 ./Core/Src/sharedsource/exi/dinEXIDatatypesDecoder.o
 .text.decode_dinTransformType
                0x000000000800c094      0x53c ./Core/Src/sharedsource/exi/dinEXIDatatypesDecoder.o
 .text.decode_dinAC_EVChargeParameterType
                0x000000000800c5d0      0x2f4 ./Core/Src/sharedsource/exi/dinEXIDatatypesDecoder.o
 .text.decode_dinX509DataType
                0x000000000800c8c4      0xb78 ./Core/Src/sharedsource/exi/dinEXIDatatypesDecoder.o
 .text.decode_dinChargingStatusResType
                0x000000000800d43c      0x644 ./Core/Src/sharedsource/exi/dinEXIDatatypesDecoder.o
 .text.decode_dinWeldingDetectionReqType
                0x000000000800da80       0xd4 ./Core/Src/sharedsource/exi/dinEXIDatatypesDecoder.o
 .text.decode_dinSignaturePropertiesType
                0x000000000800db54      0x24c ./Core/Src/sharedsource/exi/dinEXIDatatypesDecoder.o
 .text.decode_dinContractAuthenticationReqType
                0x000000000800dda0      0x334 ./Core/Src/sharedsource/exi/dinEXIDatatypesDecoder.o
 .text.decode_dinDC_EVPowerDeliveryParameterType
                0x000000000800e0d4      0x2b0 ./Core/Src/sharedsource/exi/dinEXIDatatypesDecoder.o
 .text.decode_dinEVSEChargeParameterType
                0x000000000800e384       0x88 ./Core/Src/sharedsource/exi/dinEXIDatatypesDecoder.o
 .text.decode_dinCableCheckReqType
                0x000000000800e40c       0xd4 ./Core/Src/sharedsource/exi/dinEXIDatatypesDecoder.o
 .text.decode_dinDC_EVChargeParameterType
                0x000000000800e4e0      0x868 ./Core/Src/sharedsource/exi/dinEXIDatatypesDecoder.o
 .text.decode_dinSAScheduleListType
                0x000000000800ed48      0x16c ./Core/Src/sharedsource/exi/dinEXIDatatypesDecoder.o
 .text.decode_dinPMaxScheduleType
                0x000000000800eeb4      0x204 ./Core/Src/sharedsource/exi/dinEXIDatatypesDecoder.o
 .text.decode_dinServicePaymentSelectionReqType
                0x000000000800f0b8      0x194 ./Core/Src/sharedsource/exi/dinEXIDatatypesDecoder.o
 .text.decode_dinRelativeTimeIntervalType
                0x000000000800f24c      0x1f8 ./Core/Src/sharedsource/exi/dinEXIDatatypesDecoder.o
 .text.decode_dinEVStatusType
                0x000000000800f444       0x88 ./Core/Src/sharedsource/exi/dinEXIDatatypesDecoder.o
 .text.decode_dinPreChargeResType
                0x000000000800f4cc      0x200 ./Core/Src/sharedsource/exi/dinEXIDatatypesDecoder.o
 .text.decode_dinDC_EVSEChargeParameterType
                0x000000000800f6cc      0x3c8 ./Core/Src/sharedsource/exi/dinEXIDatatypesDecoder.o
 .text.decode_dinPaymentDetailsResType
                0x000000000800fa94      0x2e4 ./Core/Src/sharedsource/exi/dinEXIDatatypesDecoder.o
 .text.decode_dinDSAKeyValueType
                0x000000000800fd78      0xabc ./Core/Src/sharedsource/exi/dinEXIDatatypesDecoder.o
 .text.decode_dinSASchedulesType
                0x0000000008010834       0x88 ./Core/Src/sharedsource/exi/dinEXIDatatypesDecoder.o
 .text.decode_dinCertificateUpdateResType
                0x00000000080108bc      0x5dc ./Core/Src/sharedsource/exi/dinEXIDatatypesDecoder.o
 .text.decode_dinEVChargeParameterType
                0x0000000008010e98       0x88 ./Core/Src/sharedsource/exi/dinEXIDatatypesDecoder.o
 .text.decode_dinMessageHeaderType
                0x0000000008010f20      0x294 ./Core/Src/sharedsource/exi/dinEXIDatatypesDecoder.o
 .text.decode_dinBodyBaseType
                0x00000000080111b4       0x88 ./Core/Src/sharedsource/exi/dinEXIDatatypesDecoder.o
 .text.decode_dinKeyValueType
                0x000000000801123c      0x33c ./Core/Src/sharedsource/exi/dinEXIDatatypesDecoder.o
 .text.decode_dinIntervalType
                0x0000000008011578       0x88 ./Core/Src/sharedsource/exi/dinEXIDatatypesDecoder.o
 .text.decode_dinChargeParameterDiscoveryResType
                0x0000000008011600      0x36c ./Core/Src/sharedsource/exi/dinEXIDatatypesDecoder.o
 .text.decode_dinPowerDeliveryReqType
                0x000000000801196c      0x2a4 ./Core/Src/sharedsource/exi/dinEXIDatatypesDecoder.o
 .text.decode_dinCertificateChainType
                0x0000000008011c10      0x1f0 ./Core/Src/sharedsource/exi/dinEXIDatatypesDecoder.o
 .text.decode_dinTransformsType
                0x0000000008011e00      0x154 ./Core/Src/sharedsource/exi/dinEXIDatatypesDecoder.o
 .text.decode_dinEntryType
                0x0000000008011f54      0x104 ./Core/Src/sharedsource/exi/dinEXIDatatypesDecoder.o
 .text.decode_dinSessionStopType
                0x0000000008012058       0x88 ./Core/Src/sharedsource/exi/dinEXIDatatypesDecoder.o
 .text.decode_dinServiceDetailReqType
                0x00000000080120e0      0x12c ./Core/Src/sharedsource/exi/dinEXIDatatypesDecoder.o
 .text.decode_dinDigestMethodType
                0x000000000801220c      0x280 ./Core/Src/sharedsource/exi/dinEXIDatatypesDecoder.o
 .text.decode_dinParameterType
                0x000000000801248c      0x4e8 ./Core/Src/sharedsource/exi/dinEXIDatatypesDecoder.o
 .text.decode_dinChargingStatusReqType
                0x0000000008012974       0x88 ./Core/Src/sharedsource/exi/dinEXIDatatypesDecoder.o
 .text.decode_dinSignatureMethodType
                0x00000000080129fc      0x47c ./Core/Src/sharedsource/exi/dinEXIDatatypesDecoder.o
 .text.decode_dinCertificateInstallationReqType
                0x0000000008012e78      0x434 ./Core/Src/sharedsource/exi/dinEXIDatatypesDecoder.o
 .text.decode_dinSalesTariffEntryType
                0x00000000080132ac      0x214 ./Core/Src/sharedsource/exi/dinEXIDatatypesDecoder.o
 .text.decode_dinServiceDiscoveryResType
                0x00000000080134c0      0x264 ./Core/Src/sharedsource/exi/dinEXIDatatypesDecoder.o
 .text.decode_dinParameterSetType
                0x0000000008013724      0x21c ./Core/Src/sharedsource/exi/dinEXIDatatypesDecoder.o
 .text.decode_dinCurrentDemandReqType
                0x0000000008013940      0x920 ./Core/Src/sharedsource/exi/dinEXIDatatypesDecoder.o
 .text.decode_dinPreChargeReqType
                0x0000000008014260      0x180 ./Core/Src/sharedsource/exi/dinEXIDatatypesDecoder.o
 .text.decode_dinSignatureType
                0x00000000080143e0      0x324 ./Core/Src/sharedsource/exi/dinEXIDatatypesDecoder.o
 .text.decode_dinReferenceType
                0x0000000008014704      0x6b4 ./Core/Src/sharedsource/exi/dinEXIDatatypesDecoder.o
 .text.decode_dinProfileEntryType
                0x0000000008014db8      0x1dc ./Core/Src/sharedsource/exi/dinEXIDatatypesDecoder.o
 .text.decode_dinAnonType_V2G_Message
                0x0000000008014f94      0x128 ./Core/Src/sharedsource/exi/dinEXIDatatypesDecoder.o
 .text.decode_dinChargeParameterDiscoveryReqType
                0x00000000080150bc      0x1f8 ./Core/Src/sharedsource/exi/dinEXIDatatypesDecoder.o
 .text.decode_dinConsumptionCostType
                0x00000000080152b4      0x180 ./Core/Src/sharedsource/exi/dinEXIDatatypesDecoder.o
 .text.decode_dinRSAKeyValueType
                0x0000000008015434      0x268 ./Core/Src/sharedsource/exi/dinEXIDatatypesDecoder.o
 .text.decode_dinServiceType
                0x000000000801569c      0x188 ./Core/Src/sharedsource/exi/dinEXIDatatypesDecoder.o
 .text.decode_dinServiceTagListType
                0x0000000008015824      0x154 ./Core/Src/sharedsource/exi/dinEXIDatatypesDecoder.o
 .text.decode_dinEVSEStatusType
                0x0000000008015978       0x88 ./Core/Src/sharedsource/exi/dinEXIDatatypesDecoder.o
 .text.decode_dinSessionSetupResType
                0x0000000008015a00      0x2fc ./Core/Src/sharedsource/exi/dinEXIDatatypesDecoder.o
 .text.decode_dinEVPowerDeliveryParameterType
                0x0000000008015cfc       0x88 ./Core/Src/sharedsource/exi/dinEXIDatatypesDecoder.o
 .text.decode_dinX509IssuerSerialType
                0x0000000008015d84      0x224 ./Core/Src/sharedsource/exi/dinEXIDatatypesDecoder.o
 .text.decode_dinSelectedServiceType
                0x0000000008015fa8      0x1f8 ./Core/Src/sharedsource/exi/dinEXIDatatypesDecoder.o
 .text.decode_dinMeteringReceiptResType
                0x00000000080161a0      0x194 ./Core/Src/sharedsource/exi/dinEXIDatatypesDecoder.o
 .text.decode_dinDC_EVStatusType
                0x0000000008016334      0x59c ./Core/Src/sharedsource/exi/dinEXIDatatypesDecoder.o
 .text.decode_dinPhysicalValueType
                0x00000000080168d0      0x32c ./Core/Src/sharedsource/exi/dinEXIDatatypesDecoder.o
 .text.decode_dinManifestType
                0x0000000008016bfc      0x24c ./Core/Src/sharedsource/exi/dinEXIDatatypesDecoder.o
 .text.decode_dinPMaxScheduleEntryType
                0x0000000008016e48      0x1b8 ./Core/Src/sharedsource/exi/dinEXIDatatypesDecoder.o
 .text.decode_dinServiceParameterListType
                0x0000000008017000      0x16c ./Core/Src/sharedsource/exi/dinEXIDatatypesDecoder.o
 .text.decode_dinSignatureValueType
                0x000000000801716c      0x228 ./Core/Src/sharedsource/exi/dinEXIDatatypesDecoder.o
 .text.decode_dinPaymentOptionsType
                0x0000000008017394      0x204 ./Core/Src/sharedsource/exi/dinEXIDatatypesDecoder.o
 .text.decode_dinServiceTagType
                0x0000000008017598      0x494 ./Core/Src/sharedsource/exi/dinEXIDatatypesDecoder.o
 .text.decode_dinAC_EVSEStatusType
                0x0000000008017a2c      0x354 ./Core/Src/sharedsource/exi/dinEXIDatatypesDecoder.o
 .text.decode_dinCertificateUpdateReqType
                0x0000000008017d80      0x40c ./Core/Src/sharedsource/exi/dinEXIDatatypesDecoder.o
 .text.decode_dinServicePaymentSelectionResType
                0x000000000801818c      0x13c ./Core/Src/sharedsource/exi/dinEXIDatatypesDecoder.o
 .text.decode_dinSAScheduleTupleType
                0x00000000080182c8      0x1fc ./Core/Src/sharedsource/exi/dinEXIDatatypesDecoder.o
 .text.decode_dinChargingProfileType
                0x00000000080184c4      0x1f4 ./Core/Src/sharedsource/exi/dinEXIDatatypesDecoder.o
 .text.decode_dinServiceDiscoveryReqType
                0x00000000080186b8      0x30c ./Core/Src/sharedsource/exi/dinEXIDatatypesDecoder.o
 .text.decode_dinAC_EVSEChargeParameterType
                0x00000000080189c4      0x1dc ./Core/Src/sharedsource/exi/dinEXIDatatypesDecoder.o
 .text.decode_dinKeyInfoType
                0x0000000008018ba0     0x16a0 ./Core/Src/sharedsource/exi/dinEXIDatatypesDecoder.o
 .text.decode_dinPaymentDetailsReqType
                0x000000000801a240      0x1cc ./Core/Src/sharedsource/exi/dinEXIDatatypesDecoder.o
 .text.decode_dinCableCheckResType
                0x000000000801a40c      0x248 ./Core/Src/sharedsource/exi/dinEXIDatatypesDecoder.o
 .text.decode_dinObjectType
                0x000000000801a654      0x738 ./Core/Src/sharedsource/exi/dinEXIDatatypesDecoder.o
 .text.decode_dinSessionStopResType
                0x000000000801ad8c      0x13c ./Core/Src/sharedsource/exi/dinEXIDatatypesDecoder.o
 .text.decode_dinSignedInfoType
                0x000000000801aec8      0x2d4 ./Core/Src/sharedsource/exi/dinEXIDatatypesDecoder.o
 .text.decode_dinSalesTariffType
                0x000000000801b19c      0x4d4 ./Core/Src/sharedsource/exi/dinEXIDatatypesDecoder.o
 .text.decode_dinCostType
                0x000000000801b670      0x2d8 ./Core/Src/sharedsource/exi/dinEXIDatatypesDecoder.o
 .text.decode_dinServiceChargeType
                0x000000000801b948      0x254 ./Core/Src/sharedsource/exi/dinEXIDatatypesDecoder.o
 .text.decode_dinDC_EVSEStatusType
                0x000000000801bb9c      0x3fc ./Core/Src/sharedsource/exi/dinEXIDatatypesDecoder.o
 .text.decode_dinRetrievalMethodType
                0x000000000801bf98      0x368 ./Core/Src/sharedsource/exi/dinEXIDatatypesDecoder.o
 .text.decode_dinNotificationType
                0x000000000801c300      0x25c ./Core/Src/sharedsource/exi/dinEXIDatatypesDecoder.o
 .text.decode_dinPGPDataType
                0x000000000801c55c      0x3ac ./Core/Src/sharedsource/exi/dinEXIDatatypesDecoder.o
 .text.decode_dinCertificateInstallationResType
                0x000000000801c908      0x53c ./Core/Src/sharedsource/exi/dinEXIDatatypesDecoder.o
 .text.decode_dinSignaturePropertyType
                0x000000000801ce44      0x45c ./Core/Src/sharedsource/exi/dinEXIDatatypesDecoder.o
 .text.decode_dinMeterInfoType
                0x000000000801d2a0      0x820 ./Core/Src/sharedsource/exi/dinEXIDatatypesDecoder.o
 .text.decode_dinSubCertificatesType
                0x000000000801dac0      0x368 ./Core/Src/sharedsource/exi/dinEXIDatatypesDecoder.o
 .text.decode_dinExiDocument
                0x000000000801de28      0xf84 ./Core/Src/sharedsource/exi/dinEXIDatatypesDecoder.o
                0x000000000801de28                decode_dinExiDocument
 .text.encode_dinMeteringReceiptReqType
                0x000000000801edac      0x2b0 ./Core/Src/sharedsource/exi/dinEXIDatatypesEncoder.o
 .text.encode_dinBodyType
                0x000000000801f05c      0x9b4 ./Core/Src/sharedsource/exi/dinEXIDatatypesEncoder.o
 .text.encode_dinSessionSetupReqType
                0x000000000801fa10       0xe4 ./Core/Src/sharedsource/exi/dinEXIDatatypesEncoder.o
 .text.encode_dinPowerDeliveryResType
                0x000000000801faf4      0x1a4 ./Core/Src/sharedsource/exi/dinEXIDatatypesEncoder.o
 .text.encode_dinServiceDetailResType
                0x000000000801fc98      0x1b0 ./Core/Src/sharedsource/exi/dinEXIDatatypesEncoder.o
 .text.encode_dinWeldingDetectionResType
                0x000000000801fe48      0x160 ./Core/Src/sharedsource/exi/dinEXIDatatypesEncoder.o
 .text.encode_dinContractAuthenticationResType
                0x000000000801ffa8      0x130 ./Core/Src/sharedsource/exi/dinEXIDatatypesEncoder.o
 .text.encode_dinCanonicalizationMethodType
                0x00000000080200d8      0x214 ./Core/Src/sharedsource/exi/dinEXIDatatypesEncoder.o
 .text.encode_dinSPKIDataType
                0x00000000080202ec      0x318 ./Core/Src/sharedsource/exi/dinEXIDatatypesEncoder.o
 .text.encode_dinListOfRootCertificateIDsType
                0x0000000008020604      0x1dc ./Core/Src/sharedsource/exi/dinEXIDatatypesEncoder.o
 .text.encode_dinSelectedServiceListType
                0x00000000080207e0      0x10c ./Core/Src/sharedsource/exi/dinEXIDatatypesEncoder.o
 .text.encode_dinCurrentDemandResType
                0x00000000080208ec      0x4dc ./Core/Src/sharedsource/exi/dinEXIDatatypesEncoder.o
 .text.encode_dinTransformType
                0x0000000008020dc8      0x388 ./Core/Src/sharedsource/exi/dinEXIDatatypesEncoder.o
 .text.encode_dinAC_EVChargeParameterType
                0x0000000008021150      0x234 ./Core/Src/sharedsource/exi/dinEXIDatatypesEncoder.o
 .text.encode_dinX509DataType
                0x0000000008021384      0x718 ./Core/Src/sharedsource/exi/dinEXIDatatypesEncoder.o
 .text.encode_dinChargingStatusResType
                0x0000000008021a9c      0x470 ./Core/Src/sharedsource/exi/dinEXIDatatypesEncoder.o
 .text.encode_dinWeldingDetectionReqType
                0x0000000008021f0c       0x9c ./Core/Src/sharedsource/exi/dinEXIDatatypesEncoder.o
 .text.encode_dinSignaturePropertiesType
                0x0000000008021fa8      0x1e8 ./Core/Src/sharedsource/exi/dinEXIDatatypesEncoder.o
 .text.encode_dinContractAuthenticationReqType
                0x0000000008022190      0x24c ./Core/Src/sharedsource/exi/dinEXIDatatypesEncoder.o
 .text.encode_dinDC_EVPowerDeliveryParameterType
                0x00000000080223dc      0x1d8 ./Core/Src/sharedsource/exi/dinEXIDatatypesEncoder.o
 .text.encode_dinEVSEChargeParameterType
                0x00000000080225b4       0x68 ./Core/Src/sharedsource/exi/dinEXIDatatypesEncoder.o
 .text.encode_dinCableCheckReqType
                0x000000000802261c       0x9c ./Core/Src/sharedsource/exi/dinEXIDatatypesEncoder.o
 .text.encode_dinDC_EVChargeParameterType
                0x00000000080226b8      0x6cc ./Core/Src/sharedsource/exi/dinEXIDatatypesEncoder.o
 .text.encode_dinSAScheduleListType
                0x0000000008022d84      0x120 ./Core/Src/sharedsource/exi/dinEXIDatatypesEncoder.o
 .text.encode_dinPMaxScheduleType
                0x0000000008022ea4      0x184 ./Core/Src/sharedsource/exi/dinEXIDatatypesEncoder.o
 .text.encode_dinServicePaymentSelectionReqType
                0x0000000008023028      0x104 ./Core/Src/sharedsource/exi/dinEXIDatatypesEncoder.o
 .text.encode_dinRelativeTimeIntervalType
                0x000000000802312c      0x160 ./Core/Src/sharedsource/exi/dinEXIDatatypesEncoder.o
 .text.encode_dinEVStatusType
                0x000000000802328c       0x68 ./Core/Src/sharedsource/exi/dinEXIDatatypesEncoder.o
 .text.encode_dinPreChargeResType
                0x00000000080232f4      0x160 ./Core/Src/sharedsource/exi/dinEXIDatatypesEncoder.o
 .text.encode_dinDC_EVSEChargeParameterType
                0x0000000008023454      0x31c ./Core/Src/sharedsource/exi/dinEXIDatatypesEncoder.o
 .text.encode_dinPaymentDetailsResType
                0x0000000008023770      0x1c0 ./Core/Src/sharedsource/exi/dinEXIDatatypesEncoder.o
 .text.encode_dinDSAKeyValueType
                0x0000000008023930      0x6e4 ./Core/Src/sharedsource/exi/dinEXIDatatypesEncoder.o
 .text.encode_dinSASchedulesType
                0x0000000008024014       0x68 ./Core/Src/sharedsource/exi/dinEXIDatatypesEncoder.o
 .text.encode_dinCertificateUpdateResType
                0x000000000802407c      0x388 ./Core/Src/sharedsource/exi/dinEXIDatatypesEncoder.o
 .text.encode_dinEVChargeParameterType
                0x0000000008024404       0x68 ./Core/Src/sharedsource/exi/dinEXIDatatypesEncoder.o
 .text.encode_dinMessageHeaderType
                0x000000000802446c      0x218 ./Core/Src/sharedsource/exi/dinEXIDatatypesEncoder.o
 .text.encode_dinBodyBaseType
                0x0000000008024684       0x68 ./Core/Src/sharedsource/exi/dinEXIDatatypesEncoder.o
 .text.encode_dinKeyValueType
                0x00000000080246ec      0x304 ./Core/Src/sharedsource/exi/dinEXIDatatypesEncoder.o
 .text.encode_dinIntervalType
                0x00000000080249f0       0x68 ./Core/Src/sharedsource/exi/dinEXIDatatypesEncoder.o
 .text.encode_dinChargeParameterDiscoveryResType
                0x0000000008024a58      0x2c4 ./Core/Src/sharedsource/exi/dinEXIDatatypesEncoder.o
 .text.encode_dinPowerDeliveryReqType
                0x0000000008024d1c      0x270 ./Core/Src/sharedsource/exi/dinEXIDatatypesEncoder.o
 .text.encode_dinCertificateChainType
                0x0000000008024f8c      0x160 ./Core/Src/sharedsource/exi/dinEXIDatatypesEncoder.o
 .text.encode_dinTransformsType
                0x00000000080250ec      0x118 ./Core/Src/sharedsource/exi/dinEXIDatatypesEncoder.o
 .text.encode_dinEntryType
                0x0000000008025204       0xf0 ./Core/Src/sharedsource/exi/dinEXIDatatypesEncoder.o
 .text.encode_dinSessionStopType
                0x00000000080252f4       0x68 ./Core/Src/sharedsource/exi/dinEXIDatatypesEncoder.o
 .text.encode_dinServiceDetailReqType
                0x000000000802535c       0xc8 ./Core/Src/sharedsource/exi/dinEXIDatatypesEncoder.o
 .text.encode_dinDigestMethodType