Archive member included to satisfy reference by file (symbol)

c:/st/stm32cubeide_1.12.1/stm32cubeide/plugins/com.st.stm32cube.ide.mcu.externaltools.gnu-tools-for-stm32.10.3-2021.10.win32_1.0.200.202301161003/tools/bin/../lib/gcc/arm-none-eabi/10.3.1/../../../../arm-none-eabi/lib/thumb/v7-m/nofp\libc_nano.a(lib_a-errno.o)
                              ./Core/Src/syscalls.o (__errno)
c:/st/stm32cubeide_1.12.1/stm32cubeide/plugins/com.st.stm32cube.ide.mcu.externaltools.gnu-tools-for-stm32.10.3-2021.10.win32_1.0.200.202301161003/tools/bin/../lib/gcc/arm-none-eabi/10.3.1/../../../../arm-none-eabi/lib/thumb/v7-m/nofp\libc_nano.a(lib_a-exit.o)
                              c:/st/stm32cubeide_1.12.1/stm32cubeide/plugins/com.st.stm32cube.ide.mcu.externaltools.gnu-tools-for-stm32.10.3-2021.10.win32_1.0.200.202301161003/tools/bin/../lib/gcc/arm-none-eabi/10.3.1/../../../../arm-none-eabi/lib/thumb/v7-m/nofp/crt0.o (exit)
c:/st/stm32cubeide_1.12.1/stm32cubeide/plugins/com.st.stm32cube.ide.mcu.externaltools.gnu-tools-for-stm32.10.3-2021.10.win32_1.0.200.202301161003/tools/bin/../lib/gcc/arm-none-eabi/10.3.1/../../../../arm-none-eabi/lib/thumb/v7-m/nofp\libc_nano.a(lib_a-fclose.o)
                              ./Core/Src/sharedsource/exi/ByteStream.o (fclose)
c:/st/stm32cubeide_1.12.1/stm32cubeide/plugins/com.st.stm32cube.ide.mcu.externaltools.gnu-tools-for-stm32.10.3-2021.10.win32_1.0.200.202301161003/tools/bin/../lib/gcc/arm-none-eabi/10.3.1/../../../../arm-none-eabi/lib/thumb/v7-m/nofp\libc_nano.a(lib_a-fflush.o)
                              c:/st/stm32cubeide_1.12.1/stm32cubeide/plugins/com.st.stm32cube.ide.mcu.externaltools.gnu-tools-for-stm32.10.3-2021.10.win32_1.0.200.202301161003/tools/bin/../lib/gcc/arm-none-eabi/10.3.1/../../../../arm-none-eabi/lib/thumb/v7-m/nofp\libc_nano.a(lib_a-fclose.o) (__sflush_r)
c:/st/stm32cubeide_1.12.1/stm32cubeide/plugins/com.st.stm32cube.ide.mcu.externaltools.gnu-tools-for-stm32.10.3-2021.10.win32_1.0.200.202301161003/tools/bin/../lib/gcc/arm-none-eabi/10.3.1/../../../../arm-none-eabi/lib/thumb/v7-m/nofp\libc_nano.a(lib_a-findfp.o)
                              c:/st/stm32cubeide_1.12.1/stm32cubeide/plugins/com.st.stm32cube.ide.mcu.externaltools.gnu-tools-for-stm32.10.3-2021.10.win32_1.0.200.202301161003/tools/bin/../lib/gcc/arm-none-eabi/10.3.1/../../../../arm-none-eabi/lib/thumb/v7-m/nofp\libc_nano.a(lib_a-fclose.o) (__sfp_lock_acquire)
c:/st/stm32cubeide_1.12.1/stm32cubeide/plugins/com.st.stm32cube.ide.mcu.externaltools.gnu-tools-for-stm32.10.3-2021.10.win32_1.0.200.202301161003/tools/bin/../lib/gcc/arm-none-eabi/10.3.1/../../../../arm-none-eabi/lib/thumb/v7-m/nofp\libc_nano.a(lib_a-fopen.o)
                              ./Core/Src/sharedsource/exi/ByteStream.o (fopen)
c:/st/stm32cubeide_1.12.1/stm32cubeide/plugins/com.st.stm32cube.ide.mcu.externaltools.gnu-tools-for-stm32.10.3-2021.10.win32_1.0.200.202301161003/tools/bin/../lib/gcc/arm-none-eabi/10.3.1/../../../../arm-none-eabi/lib/thumb/v7-m/nofp\libc_nano.a(lib_a-fseek.o)
                              c:/st/stm32cubeide_1.12.1/stm32cubeide/plugins/com.st.stm32cube.ide.mcu.externaltools.gnu-tools-for-stm32.10.3-2021.10.win32_1.0.200.202301161003/tools/bin/../lib/gcc/arm-none-eabi/10.3.1/../../../../arm-none-eabi/lib/thumb/v7-m/nofp\libc_nano.a(lib_a-fopen.o) (_fseek_r)
c:/st/stm32cubeide_1.12.1/stm32cubeide/plugins/com.st.stm32cube.ide.mcu.externaltools.gnu-tools-for-stm32.10.3-2021.10.win32_1.0.200.202301161003/tools/bin/../lib/gcc/arm-none-eabi/10.3.1/../../../../arm-none-eabi/lib/thumb/v7-m/nofp\libc_nano.a(lib_a-fseeko.o)
                              c:/st/stm32cubeide_1.12.1/stm32cubeide/plugins/com.st.stm32cube.ide.mcu.externaltools.gnu-tools-for-stm32.10.3-2021.10.win32_1.0.200.202301161003/tools/bin/../lib/gcc/arm-none-eabi/10.3.1/../../../../arm-none-eabi/lib/thumb/v7-m/nofp\libc_nano.a(lib_a-fseek.o) (_fseeko_r)
c:/st/stm32cubeide_1.12.1/stm32cubeide/plugins/com.st.stm32cube.ide.mcu.externaltools.gnu-tools-for-stm32.10.3-2021.10.win32_1.0.200.202301161003/tools/bin/../lib/gcc/arm-none-eabi/10.3.1/../../../../arm-none-eabi/lib/thumb/v7-m/nofp\libc_nano.a(lib_a-fwalk.o)
                              c:/st/stm32cubeide_1.12.1/stm32cubeide/plugins/com.st.stm32cube.ide.mcu.externaltools.gnu-tools-for-stm32.10.3-2021.10.win32_1.0.200.202301161003/tools/bin/../lib/gcc/arm-none-eabi/10.3.1/../../../../arm-none-eabi/lib/thumb/v7-m/nofp\libc_nano.a(lib_a-findfp.o) (_fwalk)
c:/st/stm32cubeide_1.12.1/stm32cubeide/plugins/com.st.stm32cube.ide.mcu.externaltools.gnu-tools-for-stm32.10.3-2021.10.win32_1.0.200.202301161003/tools/bin/../lib/gcc/arm-none-eabi/10.3.1/../../../../arm-none-eabi/lib/thumb/v7-m/nofp\libc_nano.a(lib_a-fwrite.o)
                              ./Core/Src/sharedsource/exi/ByteStream.o (fwrite)
[...]
Memory Configuration

Name             Origin             Length             Attributes
RAM              0x0000000020000000 0x0000000000010000 xrw
FLASH            0x0000000008000000 0x0000000000080000 xr
*default*        0x0000000000000000 0xffffffffffffffff

Linker script and memory map

LOAD c:/st/stm32cubeide_1.12.1/stm32cubeide/plugins/com.st.stm32cube.ide.mcu.externaltools.gnu-tools-for-stm32.10.3-2021.10.win32_1.0.200.202301161003/tools/bin/../lib/gcc/arm-none-eabi/10.3.1/thumb/v7-m/nofp/crti.o
LOAD c:/st/stm32cubeide_1.12.1/stm32cubeide/plugins/com.st.stm32cube.ide.mcu.externaltools.gnu-tools-for-stm32.10.3-2021.10.win32_1.0.200.202301161003/tools/bin/../lib/gcc/arm-none-eabi/10.3.1/thumb/v7-m/nofp/crtbegin.o
LOAD c:/st/stm32cubeide_1.12.1/stm32cubeide/plugins/com.st.stm32cube.ide.mcu.externaltools.gnu-tools-for-stm32.10.3-2021.10.win32_1.0.200.202301161003/tools/bin/../lib/gcc/arm-none-eabi/10.3.1/../../../../arm-none-eabi/lib/thumb/v7-m/nofp/crt0.o
LOAD ./Core/Src/main.o
LOAD ./Core/Src/stm32f1xx_hal_msp.o
LOAD ./Core/Src/stm32f1xx_it.o
LOAD ./Core/Src/syscalls.o
LOAD ./Core/Src/sysmem.o
LOAD ./Core/Src/system_stm32f1xx.o
LOAD ./Core/Src/sharedsource/ccs/canbus.o
LOAD ./Core/Src/sharedsource/ccs/connMgr.o
LOAD ./Core/Src/sharedsource/ccs/hardwareInterface.o
LOAD ./Core/Src/sharedsource/ccs/homeplug.o
LOAD ./Core/Src/sharedsource/ccs/ipv6.o
LOAD ./Core/Src/sharedsource/ccs/modemFinder.o
LOAD ./Core/Src/sharedsource/ccs/myAdc.o
LOAD ./Core/Src/sharedsource/ccs/myHelpers.o
LOAD ./Core/Src/sharedsource/ccs/myScheduler.o
LOAD ./Core/Src/sharedsource/ccs/pevStateMachine.o
LOAD ./Core/Src/sharedsource/ccs/qca7000.o
LOAD ./Core/Src/sharedsource/ccs/tcp.o
LOAD ./Core/Src/sharedsource/ccs/udpChecksum.o
LOAD ./Core/Src/sharedsource/exi/BitInputStream.o
LOAD ./Core/Src/sharedsource/exi/BitOutputStream.o
LOAD ./Core/Src/sharedsource/exi/ByteStream.o
LOAD ./Core/Src/sharedsource/exi/DecoderChannel.o
LOAD ./Core/Src/sharedsource/exi/EXIHeaderDecoder.o
LOAD ./Core/Src/sharedsource/exi/EXIHeaderEncoder.o
LOAD ./Core/Src/sharedsource/exi/EncoderChannel.o
LOAD ./Core/Src/sharedsource/exi/MethodsBag.o
LOAD ./Core/Src/sharedsource/exi/appHandEXIDatatypes.o
LOAD ./Core/Src/sharedsource/exi/appHandEXIDatatypesDecoder.o
LOAD ./Core/Src/sharedsource/exi/appHandEXIDatatypesEncoder.o
LOAD ./Core/Src/sharedsource/exi/dinEXIDatatypes.o
LOAD ./Core/Src/sharedsource/exi/dinEXIDatatypesDecoder.o
LOAD ./Core/Src/sharedsource/exi/dinEXIDatatypesEncoder.o
LOAD ./Core/Src/sharedsource/exi/projectExiConnector.o
LOAD ./Core/Startup/startup_stm32f103retx.o
LOAD ./Drivers/STM32F1xx_HAL_Driver/Src/stm32f1xx_hal.o
LOAD ./Drivers/STM32F1xx_HAL_Driver/Src/stm32f1xx_hal_adc.o
LOAD ./Drivers/STM32F1xx_HAL_Driver/Src/stm32f1xx_hal_adc_ex.o
LOAD ./Drivers/STM32F1xx_HAL_Driver/Src/stm32f1xx_hal_can.o
LOAD ./Drivers/STM32F1xx_HAL_Driver/Src/stm32f1xx_hal_cortex.o
LOAD ./Drivers/STM32F1xx_HAL_Driver/Src/stm32f1xx_hal_dma.o
LOAD ./Drivers/STM32F1xx_HAL_Driver/Src/stm32f1xx_hal_exti.o
LOAD ./Drivers/STM32F1xx_HAL_Driver/Src/stm32f1xx_hal_flash.o
LOAD ./Drivers/STM32F1xx_HAL_Driver/Src/stm32f1xx_hal_flash_ex.o
LOAD ./Drivers/STM32F1xx_HAL_Driver/Src/stm32f1xx_hal_gpio.o
LOAD ./Drivers/STM32F1xx_HAL_Driver/Src/stm32f1xx_hal_gpio_ex.o
LOAD ./Drivers/STM32F1xx_HAL_Driver/Src/stm32f1xx_hal_pwr.o
LOAD ./Drivers/STM32F1xx_HAL_Driver/Src/stm32f1xx_hal_rcc.o
LOAD ./Drivers/STM32F1xx_HAL_Driver/Src/stm32f1xx_hal_rcc_ex.o
LOAD ./Drivers/STM32F1xx_HAL_Driver/Src/stm32f1xx_hal_spi.o
LOAD ./Drivers/STM32F1xx_HAL_Driver/Src/stm32f1xx_hal_tim.o
LOAD ./Drivers/STM32F1xx_HAL_Driver/Src/stm32f1xx_hal_tim_ex.o
LOAD ./Drivers/STM32F1xx_HAL_Driver/Src/stm32f1xx_hal_uart.o
START GROUP
LOAD c:/st/stm32cubeide_1.12.1/stm32cubeide/plugins/com.st.stm32cube.ide.mcu.externaltools.gnu-tools-for-stm32.10.3-2021.10.win32_1.0.200.202301161003/tools/bin/../lib/gcc/arm-none-eabi/10.3.1/../../../../arm-none-eabi/lib/thumb/v7-m/nofp\libc_nano.a
LOAD c:/st/stm32cubeide_1.12.1/stm32cubeide/plugins/com.st.stm32cube.ide.mcu.externaltools.gnu-tools-for-stm32.10.3-2021.10.win32_1.0.200.202301161003/tools/bin/../lib/gcc/arm-none-eabi/10.3.1/../../../../arm-none-eabi/lib/thumb/v7-m/nofp\libm.a
END GROUP
START GROUP
LOAD c:/st/stm32cubeide_1.12.1/stm32cubeide/plugins/com.st.stm32cube.ide.mcu.externaltools.gnu-tools-for-stm32.10.3-2021.10.win32_1.0.200.202301161003/tools/bin/../lib/gcc/arm-none-eabi/10.3.1/thumb/v7-m/nofp\libgcc.a
LOAD c:/st/stm32cubeide_1.12.1/stm32cubeide/plugins/com.st.stm32cube.ide.mcu.externaltools.gnu-tools-for-stm32.10.3-2021.10.win32_1.0.200.202301161003/tools/bin/../lib/gcc/arm-none-eabi/10.3.1/../../../../arm-none-eabi/lib/thumb/v7-m/nofp\libc_nano.a
END GROUP
START GROUP
LOAD c:/st/stm32cubeide_1.12.1/stm32cubeide/plugins/com.st.stm32cube.ide.mcu.externaltools.gnu-tools-for-stm32.10.3-2021.10.win32_1.0.200.202301161003/tools/bin/../lib/gcc/arm-none-eabi/10.3.1/thumb/v7-m/nofp\libgcc.a
LOAD c:/st/stm32cubeide_1.12.1/stm32cubeide/plugins/com.st.stm32cube.ide.mcu.externaltools.gnu-tools-for-stm32.10.3-2021.10.win32_1.0.200.202301161003/tools/bin/../lib/gcc/arm-none-eabi/10.3.1/../../../../arm-none-eabi/lib/thumb/v7-m/nofp\libc_nano.a
LOAD c:/st/stm32cubeide_1.12.1/stm32cubeide/plugins/com.st.stm32cube.ide.mcu.externaltools.gnu-tools-for-stm32.10.3-2021.10.win32_1.0.200.202301161003/tools/bin/../lib/gcc/arm-none-eabi/10.3.1/../../../../arm-none-eabi/lib/thumb/v7-m/nofp\libnosys.a
END GROUP
START GROUP
LOAD c:/st/stm32cubeide_1.12.1/stm32cubeide/plugins/com.st.stm32cube.ide.mcu.externaltools.gnu-tools-for-stm32.10.3-2021.10.win32_1.0.200.202301161003/tools/bin/../lib/gcc/arm-none-eabi/10.3.1/thumb/v7-m/nofp\libgcc.a
LOAD c:/st/stm32cubeide_1.12.1/stm32cubeide/plugins/com.st.stm32cube.ide.mcu.externaltools.gnu-tools-for-stm32.10.3-2021.10.win32_1.0.200.202301161003/tools/bin/../lib/gcc/arm-none-eabi/10.3.1/../../../../arm-none-eabi/lib/thumb/v7-m/nofp\libc_nano.a
LOAD c:/st/stm32cubeide_1.12.1/stm32cubeide/plugins/com.st.stm32cube.ide.mcu.externaltools.gnu-tools-for-stm32.10.3-2021.10.win32_1.0.200.202301161003/tools/bin/../lib/gcc/arm-none-eabi/10.3.1/../../../../arm-none-eabi/lib/thumb/v7-m/nofp\libnosys.a
END GROUP
LOAD c:/st/stm32cubeide_1.12.1/stm32cubeide/plugins/com.st.stm32cube.ide.mcu.externaltools.gnu-tools-for-stm32.10.3-2021.10.win32_1.0.200.202301161003/tools/bin/../lib/gcc/arm-none-eabi/10.3.1/thumb/v7-m/nofp/crtend.o
LOAD c:/st/stm32cubeide_1.12.1/stm32cubeide/plugins/com.st.stm32cube.ide.mcu.externaltools.gnu-tools-for-stm32.10.3-2021.10.win32_1.0.200.202301161003/tools/bin/../lib/gcc/arm-none-eabi/10.3.1/thumb/v7-m/nofp/crtn.o
                0x0000000020010000                _estack = (ORIGIN (RAM) + LENGTH (RAM))
                0x0000000000000200                _Min_Heap_Size = 0x200
                0x0000000000000400                _Min_Stack_Size = 0x400

.isr_vector     0x0000000008000000      0x1e4
                0x0000000008000000                . = ALIGN (0x4)
 *(.isr_vector)
 .isr_vector    0x0000000008000000      0x1e4 ./Core/Startup/startup_stm32f103retx.o
                0x0000000008000000                g_pfnVectors
                0x00000000080001e4                . = ALIGN (0x4)

.text           0x00000000080001e8    0x3172c
                0x00000000080001e8                . = ALIGN (0x4)
 *(.text)
 .text          0x00000000080001e8       0x40 c:/st/stm32cubeide_1.12.1/stm32cubeide/plugins/com.st.stm32cube.ide.mcu.externaltools.gnu-tools-for-stm32.10.3-2021.10.win32_1.0.200.202301161003/tools/bin/../lib/gcc/arm-none-eabi/10.3.1/thumb/v7-m/nofp/crtbegin.o
 .text          0x0000000008000228       0x10 c:/st/stm32cubeide_1.12.1/stm32cubeide/plugins/com.st.stm32cube.ide.mcu.externaltools.gnu-tools-for-stm32.10.3-2021.10.win32_1.0.200.202301161003/tools/bin/../lib/gcc/arm-none-eabi/10.3.1/../../../../arm-none-eabi/lib/thumb/v7-m/nofp\libc_nano.a(lib_a-strlen.o)
                0x0000000008000228                strlen
 .text          0x0000000008000238      0x378 c:/st/stm32cubeide_1.12.1/stm32cubeide/plugins/com.st.stm32cube.ide.mcu.externaltools.gnu-tools-for-stm32.10.3-2021.10.win32_1.0.200.202301161003/tools/bin/../lib/gcc/arm-none-eabi/10.3.1/thumb/v7-m/nofp\libgcc.a(_arm_addsubdf3.o)
                0x0000000008000238                __aeabi_drsub
                0x0000000008000240                __aeabi_dsub
                0x0000000008000240                __subdf3
                0x0000000008000244                __aeabi_dadd
                0x0000000008000244                __adddf3
                0x00000000080004bc                __floatunsidf
                0x00000000080004bc                __aeabi_ui2d
                0x00000000080004dc                __floatsidf
                0x00000000080004dc                __aeabi_i2d
                0x0000000008000500                __aeabi_f2d
                0x0000000008000500                __extendsfdf2
                0x0000000008000544                __floatundidf
                0x0000000008000544                __aeabi_ul2d
                0x0000000008000554                __floatdidf
                0x0000000008000554                __aeabi_l2d
 .text          0x00000000080005b0      0x424 c:/st/stm32cubeide_1.12.1/stm32cubeide/plugins/com.st.stm32cube.ide.mcu.externaltools.gnu-tools-for-stm32.10.3-2021.10.win32_1.0.200.202301161003/tools/bin/../lib/gcc/arm-none-eabi/10.3.1/thumb/v7-m/nofp\libgcc.a(_arm_muldivdf3.o)
                0x00000000080005b0                __aeabi_dmul
                0x00000000080005b0                __muldf3
                0x0000000008000804                __divdf3
                0x0000000008000804                __aeabi_ddiv
 .text          0x00000000080009d4       0xa0 c:/st/stm32cubeide_1.12.1/stm32cubeide/plugins/com.st.stm32cube.ide.mcu.externaltools.gnu-tools-for-stm32.10.3-2021.10.win32_1.0.200.202301161003/tools/bin/../lib/gcc/arm-none-eabi/10.3.1/thumb/v7-m/nofp\libgcc.a(_arm_truncdfsf2.o)
                0x00000000080009d4                __truncdfsf2
                0x00000000080009d4                __aeabi_d2f
 *(.text*)
 .text.mySerialPrint
                0x0000000008000a74       0x24 ./Core/Src/main.o
                0x0000000008000a74                mySerialPrint
 .text.mySpiTransmitReceive
                0x0000000008000a98       0x48 ./Core/Src/main.o
                0x0000000008000a98                mySpiTransmitReceive
 .text.main     0x0000000008000ae0       0x2e ./Core/Src/main.o
                0x0000000008000ae0                main
 .text.SystemClock_Config
                0x0000000008000b0e       0xba ./Core/Src/main.o
                0x0000000008000b0e                SystemClock_Config
 .text.MX_ADC1_Init
                0x0000000008000bc8       0xf0 ./Core/Src/main.o
 .text.MX_CAN_Init
                0x0000000008000cb8       0x6c ./Core/Src/main.o
 .text.MX_SPI1_Init
                0x0000000008000d24       0x6c ./Core/Src/main.o
 .text.MX_UART4_Init
                0x0000000008000d90       0x54 ./Core/Src/main.o
 .text.MX_GPIO_Init
                0x0000000008000de4       0xd4 ./Core/Src/main.o
 .text.Error_Handler
                0x0000000008000eb8        0xa ./Core/Src/main.o
                0x0000000008000eb8                Error_Handler
 *fill*         0x0000000008000ec2        0x2 
 .text.HAL_MspInit
                0x0000000008000ec4       0x64 ./Core/Src/stm32f1xx_hal_msp.o
                0x0000000008000ec4                HAL_MspInit
 .text.HAL_ADC_MspInit
                0x0000000008000f28       0x78 ./Core/Src/stm32f1xx_hal_msp.o
                0x0000000008000f28                HAL_ADC_MspInit
 .text.HAL_CAN_MspInit
                0x0000000008000fa0       0x98 ./Core/Src/stm32f1xx_hal_msp.o
                0x0000000008000fa0                HAL_CAN_MspInit
 .text.HAL_SPI_MspInit
                0x0000000008001038       0x94 ./Core/Src/stm32f1xx_hal_msp.o
                0x0000000008001038                HAL_SPI_MspInit
 .text.HAL_UART_MspInit
                0x00000000080010cc       0x98 ./Core/Src/stm32f1xx_hal_msp.o
                0x00000000080010cc                HAL_UART_MspInit
 .text.NMI_Handler
                0x0000000008001164        0x6 ./Core/Src/stm32f1xx_it.o
                0x0000000008001164                NMI_Handler
 .text.HardFault_Handler
                0x000000000800116a        0x6 ./Core/Src/stm32f1xx_it.o
                0x000000000800116a                HardFault_Handler
 .text.MemManage_Handler
                0x0000000008001170        0x6 ./Core/Src/stm32f1xx_it.o
                0x0000000008001170                MemManage_Handler
 .text.BusFault_Handler
                0x0000000008001176        0x6 ./Core/Src/stm32f1xx_it.o
                0x0000000008001176                BusFault_Handler
 .text.UsageFault_Handler
                0x000000000800117c        0x6 ./Core/Src/stm32f1xx_it.o
                0x000000000800117c                UsageFault_Handler
 .text.SVC_Handler
                0x0000000008001182        0xc ./Core/Src/stm32f1xx_it.o
                0x0000000008001182                SVC_Handler
 .text.DebugMon_Handler
                0x000000000800118e        0xc ./Core/Src/stm32f1xx_it.o
                0x000000000800118e                DebugMon_Handler
 .text.PendSV_Handler
                0x000000000800119a        0xc ./Core/Src/stm32f1xx_it.o
                0x000000000800119a                PendSV_Handler
 .text.SysTick_Handler
                0x00000000080011a6        0xc ./Core/Src/stm32f1xx_it.o
                0x00000000080011a6                SysTick_Handler
 *fill*         0x00000000080011b2        0x2 
 .text._sbrk    0x00000000080011b4       0x6c ./Core/Src/sysmem.o
                0x00000000080011b4                _sbrk
 .text.SystemInit
                0x0000000008001220        0xc ./Core/Src/system_stm32f1xx.o
                0x0000000008001220                SystemInit
 .text.canbus_demoTransmit
                0x000000000800122c       0xc4 ./Core/Src/sharedsource/ccs/canbus.o
                0x000000000800122c                canbus_demoTransmit
 .text.canbus_demoTransmit568
                0x00000000080012f0       0x9c ./Core/Src/sharedsource/ccs/canbus.o
                0x00000000080012f0                canbus_demoTransmit568
 .text.canbus_Init
                0x000000000800138c       0x14 ./Core/Src/sharedsource/ccs/canbus.o
                0x000000000800138c                canbus_Init
 .text.canbus_Mainfunction200ms
                0x00000000080013a0       0x10 ./Core/Src/sharedsource/ccs/canbus.o
                0x00000000080013a0                canbus_Mainfunction200ms
 .text.connMgr_getConnectionLevel
                0x00000000080013b0       0x18 ./Core/Src/sharedsource/ccs/connMgr.o
                0x00000000080013b0                connMgr_getConnectionLevel
 .text.connMgr_printDebugInfos
                0x00000000080013c8       0x84 ./Core/Src/sharedsource/ccs/connMgr.o
                0x00000000080013c8                connMgr_printDebugInfos
 .text.connMgr_Mainfunction
                0x000000000800144c      0x19c ./Core/Src/sharedsource/ccs/connMgr.o
                0x000000000800144c                connMgr_Mainfunction
 .text.connMgr_ModemFinderOk
                0x00000000080015e8       0x38 ./Core/Src/sharedsource/ccs/connMgr.o
                0x00000000080015e8                connMgr_ModemFinderOk
 .text.connMgr_SlacOk
                0x0000000008001620       0x18 ./Core/Src/sharedsource/ccs/connMgr.o
                0x0000000008001620                connMgr_SlacOk
 .text.connMgr_SdpOk
                0x0000000008001638       0x18 ./Core/Src/sharedsource/ccs/connMgr.o
                0x0000000008001638                connMgr_SdpOk
 .text.connMgr_TcpOk
                0x0000000008001650       0x18 ./Core/Src/sharedsource/ccs/connMgr.o
                0x0000000008001650                connMgr_TcpOk
 .text.connMgr_ApplOk
                0x0000000008001668       0x28 ./Core/Src/sharedsource/ccs/connMgr.o
                0x0000000008001668                connMgr_ApplOk
 .text.hardwareInterface_simulatePreCharge
                0x0000000008001690        0xc ./Core/Src/sharedsource/ccs/hardwareInterface.o
                0x0000000008001690                hardwareInterface_simulatePreCharge
 .text.hardwareInterface_simulateCharging
                0x000000000800169c       0x28 ./Core/Src/sharedsource/ccs/hardwareInterface.o
                0x000000000800169c                hardwareInterface_simulateCharging
 .text.hardwareInterface_getAccuVoltage
                0x00000000080016c4        0xe ./Core/Src/sharedsource/ccs/hardwareInterface.o
                0x00000000080016c4                hardwareInterface_getAccuVoltage
 .text.hardwareInterface_getChargingTargetVoltage
                0x00000000080016d2        0xe ./Core/Src/sharedsource/ccs/hardwareInterface.o
                0x00000000080016d2                hardwareInterface_getChargingTargetVoltage
 .text.hardwareInterface_getChargingTargetCurrent
                0x00000000080016e0        0xe ./Core/Src/sharedsource/ccs/hardwareInterface.o
                0x00000000080016e0                hardwareInterface_getChargingTargetCurrent
 *fill*         0x00000000080016ee        0x2 
 .text.hardwareInterface_getSoc
                0x00000000080016f0       0x24 ./Core/Src/sharedsource/ccs/hardwareInterface.o
                0x00000000080016f0                hardwareInterface_getSoc
 .text.hardwareInterface_getIsAccuFull
                0x0000000008001714       0x24 ./Core/Src/sharedsource/ccs/hardwareInterface.o
                0x0000000008001714                hardwareInterface_getIsAccuFull
 .text.hardwareInterface_setPowerRelayOn
                0x0000000008001738       0x18 ./Core/Src/sharedsource/ccs/hardwareInterface.o
                0x0000000008001738                hardwareInterface_setPowerRelayOn
 .text.hardwareInterface_setPowerRelayOff
                0x0000000008001750       0x18 ./Core/Src/sharedsource/ccs/hardwareInterface.o
                0x0000000008001750                hardwareInterface_setPowerRelayOff
 .text.hardwareInterface_setRelay2On
                0x0000000008001768       0x18 ./Core/Src/sharedsource/ccs/hardwareInterface.o
                0x0000000008001768                hardwareInterface_setRelay2On
 .text.hardwareInterface_setRelay2Off
                0x0000000008001780       0x18 ./Core/Src/sharedsource/ccs/hardwareInterface.o
                0x0000000008001780                hardwareInterface_setRelay2Off
 .text.hardwareInterface_setStateB
                0x0000000008001798       0x18 ./Core/Src/sharedsource/ccs/hardwareInterface.o
                0x0000000008001798                hardwareInterface_setStateB
 .text.hardwareInterface_setStateC
                0x00000000080017b0       0x18 ./Core/Src/sharedsource/ccs/hardwareInterface.o
                0x00000000080017b0                hardwareInterface_setStateC
 .text.hardwareInterface_triggerConnectorLocking
                0x00000000080017c8        0xc ./Core/Src/sharedsource/ccs/hardwareInterface.o
                0x00000000080017c8                hardwareInterface_triggerConnectorLocking
 .text.hardwareInterface_triggerConnectorUnlocking
                0x00000000080017d4        0xc ./Core/Src/sharedsource/ccs/hardwareInterface.o
                0x00000000080017d4                hardwareInterface_triggerConnectorUnlocking
 .text.hardwareInterface_isConnectorLocked
                0x00000000080017e0        0xe ./Core/Src/sharedsource/ccs/hardwareInterface.o
                0x00000000080017e0                hardwareInterface_isConnectorLocked
 *fill*         0x00000000080017ee        0x2 
 .text.hardwareInterface_resetSimulation
                0x00000000080017f0       0x18 ./Core/Src/sharedsource/ccs/hardwareInterface.o
                0x00000000080017f0                hardwareInterface_resetSimulation
 .text.hardwareInterface_cyclic
                0x0000000008001808        0xc ./Core/Src/sharedsource/ccs/hardwareInterface.o
                0x0000000008001808                hardwareInterface_cyclic
 .text.getEtherType
                0x0000000008001814       0x30 ./Core/Src/sharedsource/ccs/homeplug.o
                0x0000000008001814                getEtherType
 .text.fillSourceMac
                0x0000000008001844       0x28 ./Core/Src/sharedsource/ccs/homeplug.o
                0x0000000008001844                fillSourceMac
 .text.fillDestinationMac
                0x000000000800186c       0x28 ./Core/Src/sharedsource/ccs/homeplug.o
                0x000000000800186c                fillDestinationMac
 .text.cleanTransmitBuffer
                0x0000000008001894       0x34 ./Core/Src/sharedsource/ccs/homeplug.o
                0x0000000008001894                cleanTransmitBuffer
 .text.setNmkAt
                0x00000000080018c8       0x40 ./Core/Src/sharedsource/ccs/homeplug.o
                0x00000000080018c8                setNmkAt
 .text.setNidAt
                0x0000000008001908       0x40 ./Core/Src/sharedsource/ccs/homeplug.o
                0x0000000008001908                setNidAt
 .text.getManagementMessageType
                0x0000000008001948       0x24 ./Core/Src/sharedsource/ccs/homeplug.o
                0x0000000008001948                getManagementMessageType
 .text.composeGetSwReq
                0x000000000800196c       0x64 ./Core/Src/sharedsource/ccs/homeplug.o
                0x000000000800196c                composeGetSwReq
 .text.composeSlacParamReq
                0x00000000080019d0       0x7c ./Core/Src/sharedsource/ccs/homeplug.o
                0x00000000080019d0                composeSlacParamReq
 .text.evaluateSlacParamCnf
                0x0000000008001a4c       0x38 ./Core/Src/sharedsource/ccs/homeplug.o
                0x0000000008001a4c                evaluateSlacParamCnf
 .text.composeStartAttenCharInd
                0x0000000008001a84       0x8c ./Core/Src/sharedsource/ccs/homeplug.o
                0x0000000008001a84                composeStartAttenCharInd
 .text.composeNmbcSoundInd
                0x0000000008001b10       0xb0 ./Core/Src/sharedsource/ccs/homeplug.o
                0x0000000008001b10                composeNmbcSoundInd
 .text.evaluateAttenCharInd
                0x0000000008001bc0       0x7c ./Core/Src/sharedsource/ccs/homeplug.o
                0x0000000008001bc0                evaluateAttenCharInd
 .text.composeAttenCharRsp
                0x0000000008001c3c       0x78 ./Core/Src/sharedsource/ccs/homeplug.o
                0x0000000008001c3c                composeAttenCharRsp
 .text.composeSlacMatchReq
                0x0000000008001cb4       0x8c ./Core/Src/sharedsource/ccs/homeplug.o
                0x0000000008001cb4                composeSlacMatchReq
 .text.evaluateSlacMatchCnf
                0x0000000008001d40       0xa0 ./Core/Src/sharedsource/ccs/homeplug.o
                0x0000000008001d40                evaluateSlacMatchCnf
 .text.composeSetKey
                0x0000000008001de0       0xd4 ./Core/Src/sharedsource/ccs/homeplug.o
                0x0000000008001de0                composeSetKey
 .text.evaluateSetKeyCnf
                0x0000000008001eb4       0x54 ./Core/Src/sharedsource/ccs/homeplug.o
                0x0000000008001eb4                evaluateSetKeyCnf
 .text.composeGetKey
                0x0000000008001f08       0xa8 ./Core/Src/sharedsource/ccs/homeplug.o
                0x0000000008001f08                composeGetKey
 .text.evaluateGetKeyCnf
                0x0000000008001fb0        0xc ./Core/Src/sharedsource/ccs/homeplug.o
                0x0000000008001fb0                evaluateGetKeyCnf
 .text.evaluateGetSwCnf
                0x0000000008001fbc       0xc0 ./Core/Src/sharedsource/ccs/homeplug.o
                0x0000000008001fbc                evaluateGetSwCnf
 .text.isEvseModemFound
                0x000000000800207c       0x20 ./Core/Src/sharedsource/ccs/homeplug.o
                0x000000000800207c                isEvseModemFound
 .text.slac_enterState
                0x000000000800209c       0x44 ./Core/Src/sharedsource/ccs/homeplug.o
                0x000000000800209c                slac_enterState
 .text.isTooLong
                0x00000000080020e0       0x20 ./Core/Src/sharedsource/ccs/homeplug.o
                0x00000000080020e0                isTooLong
 .text.runSlacSequencer
                0x0000000008002100      0x330 ./Core/Src/sharedsource/ccs/homeplug.o
                0x0000000008002100                runSlacSequencer
 .text.runSdpStateMachine
                0x0000000008002430       0xb4 ./Core/Src/sharedsource/ccs/homeplug.o
                0x0000000008002430                runSdpStateMachine
 .text.evaluateReceivedHomeplugPacket
                0x00000000080024e4       0x82 ./Core/Src/sharedsource/ccs/homeplug.o
                0x00000000080024e4                evaluateReceivedHomeplugPacket
 *fill*         0x0000000008002566        0x2 
 .text.evaluateUdpPayload
                0x0000000008002568      0x148 ./Core/Src/sharedsource/ccs/ipv6.o
                0x0000000008002568                evaluateUdpPayload
 .text.ipv6_evaluateReceivedPacket
                0x00000000080026b0      0x194 ./Core/Src/sharedsource/ccs/ipv6.o
                0x00000000080026b0                ipv6_evaluateReceivedPacket
 .text.ipv6_initiateSdpRequest
                0x0000000008002844       0x60 ./Core/Src/sharedsource/ccs/ipv6.o
                0x0000000008002844                ipv6_initiateSdpRequest
 .text.ipv6_packRequestIntoUdp
                0x00000000080028a4       0xd4 ./Core/Src/sharedsource/ccs/ipv6.o
                0x00000000080028a4                ipv6_packRequestIntoUdp
 .text.ipv6_packRequestIntoIp
                0x0000000008002978       0xd8 ./Core/Src/sharedsource/ccs/ipv6.o
                0x0000000008002978                ipv6_packRequestIntoIp
 .text.ipv6_packRequestIntoEthernet
                0x0000000008002a50       0x90 ./Core/Src/sharedsource/ccs/ipv6.o
                0x0000000008002a50                ipv6_packRequestIntoEthernet
 .text.evaluateNeighborSolicitation
                0x0000000008002ae0      0x18c ./Core/Src/sharedsource/ccs/ipv6.o
                0x0000000008002ae0                evaluateNeighborSolicitation
 .text.modemFinder_Mainfunction
                0x0000000008002c6c       0xc8 ./Core/Src/sharedsource/ccs/modemFinder.o
                0x0000000008002c6c                modemFinder_Mainfunction
 .text.myAdc_SelectChannel_Temp1
                0x0000000008002d34       0x34 ./Core/Src/sharedsource/ccs/myAdc.o
                0x0000000008002d34                myAdc_SelectChannel_Temp1
 .text.myAdc_SelectChannel_Temp2
                0x0000000008002d68       0x30 ./Core/Src/sharedsource/ccs/myAdc.o
                0x0000000008002d68                myAdc_SelectChannel_Temp2
 .text.myAdc_SelectChannel_Temp3
                0x0000000008002d98       0x30 ./Core/Src/sharedsource/ccs/myAdc.o
                0x0000000008002d98                myAdc_SelectChannel_Temp3
 .text.myAdc_SelectChannel_DcVoltage
                0x0000000008002dc8       0x30 ./Core/Src/sharedsource/ccs/myAdc.o
                0x0000000008002dc8                myAdc_SelectChannel_DcVoltage
 .text.myAdc_SelectChannel_TEMP
                0x0000000008002df8       0x30 ./Core/Src/sharedsource/ccs/myAdc.o
                0x0000000008002df8                myAdc_SelectChannel_TEMP
 .text.myAdc_analogRead
                0x0000000008002e28       0x78 ./Core/Src/sharedsource/ccs/myAdc.o
                0x0000000008002e28                myAdc_analogRead
 .text.myAdc_measureTemperature
                0x0000000008002ea0       0xcc ./Core/Src/sharedsource/ccs/myAdc.o
                0x0000000008002ea0                myAdc_measureTemperature
 .text.myAdc_calculateDcVoltage
                0x0000000008002f6c       0x50 ./Core/Src/sharedsource/ccs/myAdc.o
                0x0000000008002f6c                myAdc_calculateDcVoltage
 .text.myAdc_cyclic
                0x0000000008002fbc       0xa8 ./Core/Src/sharedsource/ccs/myAdc.o
                0x0000000008002fbc                myAdc_cyclic
 .text.addToTrace
                0x0000000008003064       0x2c ./Core/Src/sharedsource/ccs/myHelpers.o
                0x0000000008003064                addToTrace
 .text.showAsHex
                0x0000000008003090       0x6c ./Core/Src/sharedsource/ccs/myHelpers.o
                0x0000000008003090                showAsHex
 .text.sanityCheck
                0x00000000080030fc       0x12 ./Core/Src/sharedsource/ccs/myHelpers.o
                0x00000000080030fc                sanityCheck
 *fill*         0x000000000800310e        0x2 
 .text.task30ms
                0x0000000008003110       0x44 ./Core/Src/sharedsource/ccs/myScheduler.o
                0x0000000008003110                task30ms
 .text.task200ms
                0x0000000008003154        0xc ./Core/Src/sharedsource/ccs/myScheduler.o
                0x0000000008003154                task200ms
 .text.task1s   0x0000000008003160       0xd8 ./Core/Src/sharedsource/ccs/myScheduler.o
                0x0000000008003160                task1s
 .text.initMyScheduler
                0x0000000008003238       0x48 ./Core/Src/sharedsource/ccs/myScheduler.o
                0x0000000008003238                initMyScheduler
 .text.runMyScheduler
                0x0000000008003280       0xa8 ./Core/Src/sharedsource/ccs/myScheduler.o
                0x0000000008003280                runMyScheduler
 .text.combineValueAndMultiplier
                0x0000000008003328       0x68 ./Core/Src/sharedsource/ccs/pevStateMachine.o
                0x0000000008003328                combineValueAndMultiplier
 .text.addV2GTPHeaderAndTransmit
                0x0000000008003390       0x9c ./Core/Src/sharedsource/ccs/pevStateMachine.o
                0x0000000008003390                addV2GTPHeaderAndTransmit
 .text.encodeAndTransmit
                0x000000000800342c       0x2c ./Core/Src/sharedsource/ccs/pevStateMachine.o
                0x000000000800342c                encodeAndTransmit
 .text.routeDecoderInputData
                0x0000000008003458       0x2c ./Core/Src/sharedsource/ccs/pevStateMachine.o
                0x0000000008003458                routeDecoderInputData
 .text.pev_sendChargeParameterDiscoveryReq
                0x0000000008003484      0x178 ./Core/Src/sharedsource/ccs/pevStateMachine.o
                0x0000000008003484                pev_sendChargeParameterDiscoveryReq
 .text.pev_sendCableCheckReq
                0x00000000080035fc       0x64 ./Core/Src/sharedsource/ccs/pevStateMachine.o
                0x00000000080035fc                pev_sendCableCheckReq
 .text.pev_sendPreChargeReq
                0x0000000008003660       0xd4 ./Core/Src/sharedsource/ccs/pevStateMachine.o
                0x0000000008003660                pev_sendPreChargeReq
 .text.pev_sendPowerDeliveryReq
                0x0000000008003734       0xfc ./Core/Src/sharedsource/ccs/pevStateMachine.o
                0x0000000008003734                pev_sendPowerDeliveryReq
 .text.pev_sendCurrentDemandReq
                0x0000000008003830      0x1a8 ./Core/Src/sharedsource/ccs/pevStateMachine.o
                0x0000000008003830                pev_sendCurrentDemandReq
 .text.pev_sendWeldingDetectionReq
                0x00000000080039d8       0x60 ./Core/Src/sharedsource/ccs/pevStateMachine.o
                0x00000000080039d8                pev_sendWeldingDetectionReq
 .text.stateFunctionConnected
                0x0000000008003a38       0x34 ./Core/Src/sharedsource/ccs/pevStateMachine.o
                0x0000000008003a38                stateFunctionConnected
 .text.stateFunctionWaitForSupportedApplicationProtocolResponse
                0x0000000008003a6c      0x160 ./Core/Src/sharedsource/ccs/pevStateMachine.o
                0x0000000008003a6c                stateFunctionWaitForSupportedApplicationProtocolResponse
 .text.stateFunctionWaitForSessionSetupResponse
                0x0000000008003bcc       0xf0 ./Core/Src/sharedsource/ccs/pevStateMachine.o
                0x0000000008003bcc                stateFunctionWaitForSessionSetupResponse
 .text.stateFunctionWaitForServiceDiscoveryResponse
                0x0000000008003cbc       0xd8 ./Core/Src/sharedsource/ccs/pevStateMachine.o
                0x0000000008003cbc                stateFunctionWaitForServiceDiscoveryResponse
 .text.stateFunctionWaitForServicePaymentSelectionResponse
                0x0000000008003d94       0xbc ./Core/Src/sharedsource/ccs/pevStateMachine.o
                0x0000000008003d94                stateFunctionWaitForServicePaymentSelectionResponse
 .text.stateFunctionWaitForContractAuthenticationResponse
                0x0000000008003e50       0xf4 ./Core/Src/sharedsource/ccs/pevStateMachine.o
                0x0000000008003e50                stateFunctionWaitForContractAuthenticationResponse
 .text.stateFunctionWaitForChargeParameterDiscoveryResponse
                0x0000000008003f44       0xf8 ./Core/Src/sharedsource/ccs/pevStateMachine.o
                0x0000000008003f44                stateFunctionWaitForChargeParameterDiscoveryResponse
 .text.stateFunctionWaitForConnectorLock
                0x000000000800403c       0x4c ./Core/Src/sharedsource/ccs/pevStateMachine.o
                0x000000000800403c                stateFunctionWaitForConnectorLock
 .text.stateFunctionWaitForCableCheckResponse
                0x0000000008004088      0x114 ./Core/Src/sharedsource/ccs/pevStateMachine.o
                0x0000000008004088                stateFunctionWaitForCableCheckResponse
 .text.stateFunctionWaitForPreChargeResponse
                0x000000000800419c      0x128 ./Core/Src/sharedsource/ccs/pevStateMachine.o
                0x000000000800419c                stateFunctionWaitForPreChargeResponse
 .text.stateFunctionWaitForContactorsClosed
                0x00000000080042c4       0x64 ./Core/Src/sharedsource/ccs/pevStateMachine.o
                0x00000000080042c4                stateFunctionWaitForContactorsClosed
 .text.stateFunctionWaitForPowerDeliveryResponse
                0x0000000008004328       0xd4 ./Core/Src/sharedsource/ccs/pevStateMachine.o
                0x0000000008004328                stateFunctionWaitForPowerDeliveryResponse
 .text.stateFunctionWaitForCurrentDemandResponse
                0x00000000080043fc      0x184 ./Core/Src/sharedsource/ccs/pevStateMachine.o
                0x00000000080043fc                stateFunctionWaitForCurrentDemandResponse
 .text.stateFunctionWaitForWeldingDetectionResponse
                0x0000000008004580       0xb4 ./Core/Src/sharedsource/ccs/pevStateMachine.o
                0x0000000008004580                stateFunctionWaitForWeldingDetectionResponse
 .text.stateFunctionWaitForSessionStopResponse
                0x0000000008004634       0x7c ./Core/Src/sharedsource/ccs/pevStateMachine.o
                0x0000000008004634                stateFunctionWaitForSessionStopResponse
 .text.stateFunctionChargingFinished
                0x00000000080046b0       0x20 ./Core/Src/sharedsource/ccs/pevStateMachine.o
                0x00000000080046b0                stateFunctionChargingFinished
 .text.stateFunctionSequenceTimeout
                0x00000000080046d0       0x34 ./Core/Src/sharedsource/ccs/pevStateMachine.o
                0x00000000080046d0                stateFunctionSequenceTimeout
 .text.stateFunctionUnrecoverableError
                0x0000000008004704       0x34 ./Core/Src/sharedsource/ccs/pevStateMachine.o
                0x0000000008004704                stateFunctionUnrecoverableError
 .text.stateFunctionSafeShutDownWaitForChargerShutdown
                0x0000000008004738       0x4c ./Core/Src/sharedsource/ccs/pevStateMachine.o
                0x0000000008004738                stateFunctionSafeShutDownWaitForChargerShutdown
 .text.stateFunctionSafeShutDownWaitForContactorsOpen
                0x0000000008004784       0x44 ./Core/Src/sharedsource/ccs/pevStateMachine.o
                0x0000000008004784                stateFunctionSafeShutDownWaitForContactorsOpen
 .text.stateFunctionEnd
                0x00000000080047c8        0xc ./Core/Src/sharedsource/ccs/pevStateMachine.o
                0x00000000080047c8                stateFunctionEnd
 .text.pev_enterState
                0x00000000080047d4       0x44 ./Core/Src/sharedsource/ccs/pevStateMachine.o
                0x00000000080047d4                pev_enterState
 .text.pev_isTooLong
                0x0000000008004818       0x6c ./Core/Src/sharedsource/ccs/pevStateMachine.o
                0x0000000008004818                pev_isTooLong
 .text.pev_runFsm
                0x0000000008004884      0x2cc ./Core/Src/sharedsource/ccs/pevStateMachine.o
                0x0000000008004884                pev_runFsm
 .text.pevStateMachine_Mainfunction
                0x0000000008004b50       0x1c ./Core/Src/sharedsource/ccs/pevStateMachine.o
                0x0000000008004b50                pevStateMachine_Mainfunction
 .text.spiQCA7000DemoWriteBFR_SIZE
                0x0000000008004b6c       0x64 ./Core/Src/sharedsource/ccs/qca7000.o
                0x0000000008004b6c                spiQCA7000DemoWriteBFR_SIZE
 .text.spiQCA7000DemoReadRDBUF_BYTE_AVA
                0x0000000008004bd0       0x74 ./Core/Src/sharedsource/ccs/qca7000.o
                0x0000000008004bd0                spiQCA7000DemoReadRDBUF_BYTE_AVA
 .text.QCA7000checkRxDataAndDistribute
                0x0000000008004c44      0x150 ./Core/Src/sharedsource/ccs/qca7000.o
                0x0000000008004c44                QCA7000checkRxDataAndDistribute
 .text.spiQCA7000checkForReceivedData
                0x0000000008004d94       0xbc ./Core/Src/sharedsource/ccs/qca7000.o
                0x0000000008004d94                spiQCA7000checkForReceivedData
 .text.spiQCA7000SendEthFrame
                0x0000000008004e50       0xa8 ./Core/Src/sharedsource/ccs/qca7000.o
                0x0000000008004e50                spiQCA7000SendEthFrame
 .text.myEthTransmit
                0x0000000008004ef8       0x24 ./Core/Src/sharedsource/ccs/qca7000.o
                0x0000000008004ef8                myEthTransmit
 .text.evaluateTcpPacket
                0x0000000008004f1c      0x1d8 ./Core/Src/sharedsource/ccs/tcp.o
                0x0000000008004f1c                evaluateTcpPacket
 .text.tcp_connect
                0x00000000080050f4       0x9c ./Core/Src/sharedsource/ccs/tcp.o
                0x00000000080050f4                tcp_connect
 .text.tcp_sendFirstAck
                0x0000000008005190       0x30 ./Core/Src/sharedsource/ccs/tcp.o
                0x0000000008005190                tcp_sendFirstAck
 .text.tcp_sendAck
                0x00000000080051c0       0x28 ./Core/Src/sharedsource/ccs/tcp.o
                0x00000000080051c0                tcp_sendAck
 .text.tcp_transmit
                0x00000000080051e8       0x68 ./Core/Src/sharedsource/ccs/tcp.o
                0x00000000080051e8                tcp_transmit
 .text.tcp_prepareTcpHeader
                0x0000000008005250      0x13c ./Core/Src/sharedsource/ccs/tcp.o
                0x0000000008005250                tcp_prepareTcpHeader
 .text.tcp_packRequestIntoIp
                0x000000000800538c       0xd8 ./Core/Src/sharedsource/ccs/tcp.o
                0x000000000800538c                tcp_packRequestIntoIp
 .text.tcp_packRequestIntoEthernet
                0x0000000008005464       0x78 ./Core/Src/sharedsource/ccs/tcp.o
                0x0000000008005464                tcp_packRequestIntoEthernet
 .text.tcp_Mainfunction
                0x00000000080054dc       0x58 ./Core/Src/sharedsource/ccs/tcp.o
                0x00000000080054dc                tcp_Mainfunction
 .text.calculateUdpAndTcpChecksumForIPv6
                0x0000000008005534      0x188 ./Core/Src/sharedsource/ccs/udpChecksum.o
                0x0000000008005534                calculateUdpAndTcpChecksumForIPv6
 .text.readBuffer
                0x00000000080056bc       0x52 ./Core/Src/sharedsource/exi/BitInputStream.o
 .text.readBits
                0x000000000800570e      0x10c ./Core/Src/sharedsource/exi/BitInputStream.o
                0x000000000800570e                readBits
 .text.writeBits
                0x000000000800581a      0x180 ./Core/Src/sharedsource/exi/BitOutputStream.o
                0x000000000800581a                writeBits
 .text.flush    0x000000000800599a       0x2e ./Core/Src/sharedsource/exi/BitOutputStream.o
                0x000000000800599a                flush
 .text.decodeUnsignedInteger16
                0x00000000080059c8       0x64 ./Core/Src/sharedsource/exi/DecoderChannel.o
                0x00000000080059c8                decodeUnsignedInteger16
 .text.decodeUnsignedInteger32
                0x0000000008005a2c       0x60 ./Core/Src/sharedsource/exi/DecoderChannel.o
                0x0000000008005a2c                decodeUnsignedInteger32
 .text.decodeUnsignedInteger64
                0x0000000008005a8c       0x98 ./Core/Src/sharedsource/exi/DecoderChannel.o
                0x0000000008005a8c                decodeUnsignedInteger64
 .text.decodeInteger16
                0x0000000008005b24       0x60 ./Core/Src/sharedsource/exi/DecoderChannel.o
                0x0000000008005b24                decodeInteger16
 .text.decodeInteger32
                0x0000000008005b84       0x5e ./Core/Src/sharedsource/exi/DecoderChannel.o
                0x0000000008005b84                decodeInteger32
 .text.decodeInteger64
                0x0000000008005be2       0x78 ./Core/Src/sharedsource/exi/DecoderChannel.o
                0x0000000008005be2                decodeInteger64
 .text.decodeCharacters
                0x0000000008005c5a       0x62 ./Core/Src/sharedsource/exi/DecoderChannel.o
                0x0000000008005c5a                decodeCharacters
 .text.decodeBytes
                0x0000000008005cbc       0x50 ./Core/Src/sharedsource/exi/DecoderChannel.o
                0x0000000008005cbc                decodeBytes
 .text.decode   0x0000000008005d0c       0x42 ./Core/Src/sharedsource/exi/DecoderChannel.o
                0x0000000008005d0c                decode
 .text.decodeBoolean
                0x0000000008005d4e       0x36 ./Core/Src/sharedsource/exi/DecoderChannel.o
                0x0000000008005d4e                decodeBoolean
 .text.decodeNBitUnsignedInteger
                0x0000000008005d84       0x34 ./Core/Src/sharedsource/exi/DecoderChannel.o
                0x0000000008005d84                decodeNBitUnsignedInteger
 .text.readEXIHeader
                0x0000000008005db8       0x5c ./Core/Src/sharedsource/exi/EXIHeaderDecoder.o
                0x0000000008005db8                readEXIHeader
 .text.writeEXIHeader
                0x0000000008005e14       0x28 ./Core/Src/sharedsource/exi/EXIHeaderEncoder.o
                0x0000000008005e14                writeEXIHeader
 .text.encodeUnsignedInteger16
                0x0000000008005e3c       0xa6 ./Core/Src/sharedsource/exi/EncoderChannel.o
                0x0000000008005e3c                encodeUnsignedInteger16
 *fill*         0x0000000008005ee2        0x2 
 .text.encodeUnsignedInteger32
                0x0000000008005ee4       0xf8 ./Core/Src/sharedsource/exi/EncoderChannel.o
                0x0000000008005ee4                encodeUnsignedInteger32
 .text.encodeUnsignedInteger64
                0x0000000008005fdc       0x86 ./Core/Src/sharedsource/exi/EncoderChannel.o
                0x0000000008005fdc                encodeUnsignedInteger64
 .text.encodeInteger16
                0x0000000008006062       0x4c ./Core/Src/sharedsource/exi/EncoderChannel.o
                0x0000000008006062                encodeInteger16
 .text.encodeInteger32
                0x00000000080060ae       0x48 ./Core/Src/sharedsource/exi/EncoderChannel.o
                0x00000000080060ae                encodeInteger32
 .text.encodeInteger64
                0x00000000080060f6       0x52 ./Core/Src/sharedsource/exi/EncoderChannel.o
                0x00000000080060f6                encodeInteger64
 .text.encodeCharacters
                0x0000000008006148       0x48 ./Core/Src/sharedsource/exi/EncoderChannel.o
                0x0000000008006148                encodeCharacters
 .text.encodeBytes
                0x0000000008006190       0x46 ./Core/Src/sharedsource/exi/EncoderChannel.o
                0x0000000008006190                encodeBytes
 .text.encode   0x00000000080061d6       0x22 ./Core/Src/sharedsource/exi/EncoderChannel.o
                0x00000000080061d6                encode
 .text.encodeBoolean
                0x00000000080061f8       0x2e ./Core/Src/sharedsource/exi/EncoderChannel.o
                0x00000000080061f8                encodeBoolean
 .text.encodeNBitUnsignedInteger
                0x0000000008006226       0x2c ./Core/Src/sharedsource/exi/EncoderChannel.o
                0x0000000008006226                encodeNBitUnsignedInteger
 .text.encodeFinish
                0x0000000008006252       0x18 ./Core/Src/sharedsource/exi/EncoderChannel.o
                0x0000000008006252                encodeFinish
 .text.numberOf7BitBlocksToRepresent
                0x000000000800626a       0x42 ./Core/Src/sharedsource/exi/MethodsBag.o
                0x000000000800626a                numberOf7BitBlocksToRepresent
 .text.init_appHandEXIDocument
                0x00000000080062ac       0x2e ./Core/Src/sharedsource/exi/appHandEXIDatatypes.o
                0x00000000080062ac                init_appHandEXIDocument
 .text.init_appHandAppProtocolType
                0x00000000080062da       0x12 ./Core/Src/sharedsource/exi/appHandEXIDatatypes.o
                0x00000000080062da                init_appHandAppProtocolType
 .text.init_appHandAnonType_supportedAppProtocolReq
                0x00000000080062ec       0x1a ./Core/Src/sharedsource/exi/appHandEXIDatatypes.o
                0x00000000080062ec                init_appHandAnonType_supportedAppProtocolReq
 .text.init_appHandAnonType_supportedAppProtocolRes
                0x0000000008006306       0x1c ./Core/Src/sharedsource/exi/appHandEXIDatatypes.o
                0x0000000008006306                init_appHandAnonType_supportedAppProtocolRes
 *fill*         0x0000000008006322        0x2 
 .text.decode_appHandAppProtocolType
                0x0000000008006324      0x430 ./Core/Src/sharedsource/exi/appHandEXIDatatypesDecoder.o
 .text.decode_appHandAnonType_supportedAppProtocolReq
                0x0000000008006754      0xb60 ./Core/Src/sharedsource/exi/appHandEXIDatatypesDecoder.o
 .text.decode_appHandAnonType_supportedAppProtocolRes
                0x00000000080072b4      0x20c ./Core/Src/sharedsource/exi/appHandEXIDatatypesDecoder.o
 .text.decode_appHandExiDocument
                0x00000000080074c0       0xac ./Core/Src/sharedsource/exi/appHandEXIDatatypesDecoder.o
                0x00000000080074c0                decode_appHandExiDocument
 .text.init_dinEXIDocument
                0x000000000800756c      0x666 ./Core/Src/sharedsource/exi/dinEXIDatatypes.o
                0x000000000800756c                init_dinEXIDocument
 .text.init_dinMeteringReceiptReqType
                0x0000000008007bd2       0x2e ./Core/Src/sharedsource/exi/dinEXIDatatypes.o
                0x0000000008007bd2                init_dinMeteringReceiptReqType
 .text.init_dinBodyType
                0x0000000008007c00      0x2ce ./Core/Src/sharedsource/exi/dinEXIDatatypes.o
                0x0000000008007c00                init_dinBodyType
 .text.init_dinSessionSetupReqType
                0x0000000008007ece       0x12 ./Core/Src/sharedsource/exi/dinEXIDatatypes.o
                0x0000000008007ece                init_dinSessionSetupReqType
 .text.init_dinPowerDeliveryResType
                0x0000000008007ee0       0x34 ./Core/Src/sharedsource/exi/dinEXIDatatypes.o
                0x0000000008007ee0                init_dinPowerDeliveryResType
 .text.init_dinServiceDetailResType
                0x0000000008007f14       0x26 ./Core/Src/sharedsource/exi/dinEXIDatatypes.o
                0x0000000008007f14                init_dinServiceDetailResType
 .text.init_dinWeldingDetectionResType
                0x0000000008007f3a       0x12 ./Core/Src/sharedsource/exi/dinEXIDatatypes.o
                0x0000000008007f3a                init_dinWeldingDetectionResType
 .text.init_dinContractAuthenticationResType
                0x0000000008007f4c       0x12 ./Core/Src/sharedsource/exi/dinEXIDatatypes.o
                0x0000000008007f4c                init_dinContractAuthenticationResType
 .text.init_dinCanonicalizationMethodType
                0x0000000008007f5e       0x20 ./Core/Src/sharedsource/exi/dinEXIDatatypes.o
                0x0000000008007f5e                init_dinCanonicalizationMethodType
 .text.init_dinSPKIDataType
                0x0000000008007f7e       0x28 ./Core/Src/sharedsource/exi/dinEXIDatatypes.o
                0x0000000008007f7e                init_dinSPKIDataType
 .text.init_dinListOfRootCertificateIDsType
                0x0000000008007fa6       0x1a ./Core/Src/sharedsource/exi/dinEXIDatatypes.o
                0x0000000008007fa6                init_dinListOfRootCertificateIDsType
 .text.init_dinSelectedServiceListType
                0x0000000008007fc0       0x1a ./Core/Src/sharedsource/exi/dinEXIDatatypes.o
                0x0000000008007fc0                init_dinSelectedServiceListType
 .text.init_dinCurrentDemandResType
                0x0000000008007fda       0x3c ./Core/Src/sharedsource/exi/dinEXIDatatypes.o
                0x0000000008007fda                init_dinCurrentDemandResType
 .text.init_dinTransformType
                0x0000000008008016       0x28 ./Core/Src/sharedsource/exi/dinEXIDatatypes.o
                0x0000000008008016                init_dinTransformType
 .text.init_dinAC_EVChargeParameterType
                0x000000000800803e       0x12 ./Core/Src/sharedsource/exi/dinEXIDatatypes.o
                0x000000000800803e                init_dinAC_EVChargeParameterType
 .text.init_dinX509DataType
                0x0000000008008050       0x48 ./Core/Src/sharedsource/exi/dinEXIDatatypes.o
                0x0000000008008050                init_dinX509DataType
 .text.init_dinChargingStatusResType
                0x0000000008008098       0x2e ./Core/Src/sharedsource/exi/dinEXIDatatypes.o
                0x0000000008008098                init_dinChargingStatusResType
 .text.init_dinWeldingDetectionReqType
                0x00000000080080c6       0x12 ./Core/Src/sharedsource/exi/dinEXIDatatypes.o
                0x00000000080080c6                init_dinWeldingDetectionReqType
 .text.init_dinSignaturePropertiesType
                0x00000000080080d8       0x28 ./Core/Src/sharedsource/exi/dinEXIDatatypes.o
                0x00000000080080d8                init_dinSignaturePropertiesType
 .text.init_dinContractAuthenticationReqType
                0x0000000008008100       0x2e ./Core/Src/sharedsource/exi/dinEXIDatatypes.o
                0x0000000008008100                init_dinContractAuthenticationReqType
 .text.init_dinDC_EVPowerDeliveryParameterType
                0x000000000800812e       0x1c ./Core/Src/sharedsource/exi/dinEXIDatatypes.o
                0x000000000800812e                init_dinDC_EVPowerDeliveryParameterType
 .text.init_dinEVSEChargeParameterType
                0x000000000800814a       0x12 ./Core/Src/sharedsource/exi/dinEXIDatatypes.o
                0x000000000800814a                init_dinEVSEChargeParameterType
 .text.init_dinCableCheckReqType
                0x000000000800815c       0x12 ./Core/Src/sharedsource/exi/dinEXIDatatypes.o
                0x000000000800815c                init_dinCableCheckReqType
 .text.init_dinDC_EVChargeParameterType
                0x000000000800816e       0x58 ./Core/Src/sharedsource/exi/dinEXIDatatypes.o
                0x000000000800816e                init_dinDC_EVChargeParameterType
 .text.init_dinSAScheduleListType
                0x00000000080081c6       0x1e ./Core/Src/sharedsource/exi/dinEXIDatatypes.o
                0x00000000080081c6                init_dinSAScheduleListType
 .text.init_dinPMaxScheduleType
                0x00000000080081e4       0x1a ./Core/Src/sharedsource/exi/dinEXIDatatypes.o
                0x00000000080081e4                init_dinPMaxScheduleType
 .text.init_dinServicePaymentSelectionReqType
                0x00000000080081fe       0x12 ./Core/Src/sharedsource/exi/dinEXIDatatypes.o
                0x00000000080081fe                init_dinServicePaymentSelectionReqType
 .text.init_dinRelativeTimeIntervalType
                0x0000000008008210       0x1c ./Core/Src/sharedsource/exi/dinEXIDatatypes.o
                0x0000000008008210                init_dinRelativeTimeIntervalType
 .text.init_dinEVStatusType
                0x000000000800822c       0x12 ./Core/Src/sharedsource/exi/dinEXIDatatypes.o
                0x000000000800822c                init_dinEVStatusType
 .text.init_dinPreChargeResType
                0x000000000800823e       0x12 ./Core/Src/sharedsource/exi/dinEXIDatatypes.o
                0x000000000800823e                init_dinPreChargeResType
 .text.init_dinDC_EVSEChargeParameterType
                0x0000000008008250       0x38 ./Core/Src/sharedsource/exi/dinEXIDatatypes.o
                0x0000000008008250                init_dinDC_EVSEChargeParameterType
 .text.init_dinPaymentDetailsResType
                0x0000000008008288       0x12 ./Core/Src/sharedsource/exi/dinEXIDatatypes.o
                0x0000000008008288                init_dinPaymentDetailsResType
 .text.init_dinDSAKeyValueType
                0x000000000800829a       0x66 ./Core/Src/sharedsource/exi/dinEXIDatatypes.o
                0x000000000800829a                init_dinDSAKeyValueType
 .text.init_dinSASchedulesType
                0x0000000008008300       0x12 ./Core/Src/sharedsource/exi/dinEXIDatatypes.o
                0x0000000008008300                init_dinSASchedulesType
 .text.init_dinCertificateUpdateResType
                0x0000000008008312       0x12 ./Core/Src/sharedsource/exi/dinEXIDatatypes.o
                0x0000000008008312                init_dinCertificateUpdateResType
 .text.init_dinEVChargeParameterType
                0x0000000008008324       0x12 ./Core/Src/sharedsource/exi/dinEXIDatatypes.o
                0x0000000008008324                init_dinEVChargeParameterType
 .text.init_dinMessageHeaderType
                0x0000000008008336       0x34 ./Core/Src/sharedsource/exi/dinEXIDatatypes.o
                0x0000000008008336                init_dinMessageHeaderType
 .text.init_dinBodyBaseType
                0x000000000800836a       0x12 ./Core/Src/sharedsource/exi/dinEXIDatatypes.o
                0x000000000800836a                init_dinBodyBaseType
 .text.init_dinKeyValueType
                0x000000000800837c       0x3c ./Core/Src/sharedsource/exi/dinEXIDatatypes.o
                0x000000000800837c                init_dinKeyValueType
 .text.init_dinIntervalType
                0x00000000080083b8       0x12 ./Core/Src/sharedsource/exi/dinEXIDatatypes.o
                0x00000000080083b8                init_dinIntervalType
 .text.init_dinChargeParameterDiscoveryResType
                0x00000000080083ca       0x6c ./Core/Src/sharedsource/exi/dinEXIDatatypes.o
                0x00000000080083ca                init_dinChargeParameterDiscoveryResType
 .text.init_dinPowerDeliveryReqType
                0x0000000008008436       0x3c ./Core/Src/sharedsource/exi/dinEXIDatatypes.o
                0x0000000008008436                init_dinPowerDeliveryReqType
 .text.init_dinCertificateChainType
                0x0000000008008472       0x26 ./Core/Src/sharedsource/exi/dinEXIDatatypes.o
                0x0000000008008472                init_dinCertificateChainType
 .text.init_dinTransformsType
                0x0000000008008498       0x1a ./Core/Src/sharedsource/exi/dinEXIDatatypes.o
                0x0000000008008498                init_dinTransformsType
 .text.init_dinEntryType
                0x00000000080084b2       0x26 ./Core/Src/sharedsource/exi/dinEXIDatatypes.o
                0x00000000080084b2                init_dinEntryType
 .text.init_dinSessionStopType
                0x00000000080084d8       0x12 ./Core/Src/sharedsource/exi/dinEXIDatatypes.o
                0x00000000080084d8                init_dinSessionStopType
 .text.init_dinServiceDetailReqType
                0x00000000080084ea       0x12 ./Core/Src/sharedsource/exi/dinEXIDatatypes.o
                0x00000000080084ea                init_dinServiceDetailReqType
 .text.init_dinDigestMethodType
                0x00000000080084fc       0x20 ./Core/Src/sharedsource/exi/dinEXIDatatypes.o
                0x00000000080084fc                init_dinDigestMethodType
 .text.init_dinParameterType
                0x000000000800851c       0x66 ./Core/Src/sharedsource/exi/dinEXIDatatypes.o
                0x000000000800851c                init_dinParameterType
 .text.init_dinChargingStatusReqType
                0x0000000008008582       0x12 ./Core/Src/sharedsource/exi/dinEXIDatatypes.o
                0x0000000008008582                init_dinChargingStatusReqType
 .text.init_dinSignatureMethodType
                0x0000000008008594       0x2e ./Core/Src/sharedsource/exi/dinEXIDatatypes.o
                0x0000000008008594                init_dinSignatureMethodType
 .text.init_dinCertificateInstallationReqType
                0x00000000080085c2       0x20 ./Core/Src/sharedsource/exi/dinEXIDatatypes.o
                0x00000000080085c2                init_dinCertificateInstallationReqType
 .text.init_dinSalesTariffEntryType
                0x00000000080085e2       0x2e ./Core/Src/sharedsource/exi/dinEXIDatatypes.o
                0x00000000080085e2                init_dinSalesTariffEntryType
 .text.init_dinServiceDiscoveryResType
                0x0000000008008610       0x20 ./Core/Src/sharedsource/exi/dinEXIDatatypes.o
                0x0000000008008610                init_dinServiceDiscoveryResType
 .text.init_dinParameterSetType
                0x0000000008008630       0x1e ./Core/Src/sharedsource/exi/dinEXIDatatypes.o
                0x0000000008008630                init_dinParameterSetType
 .text.init_dinCurrentDemandReqType
                0x000000000800864e       0x66 ./Core/Src/sharedsource/exi/dinEXIDatatypes.o
                0x000000000800864e                init_dinCurrentDemandReqType
 .text.init_dinPreChargeReqType
                0x00000000080086b4       0x12 ./Core/Src/sharedsource/exi/dinEXIDatatypes.o
                0x00000000080086b4                init_dinPreChargeReqType
 .text.init_dinSignatureType
                0x00000000080086c6       0x40 ./Core/Src/sharedsource/exi/dinEXIDatatypes.o
                0x00000000080086c6                init_dinSignatureType
 .text.init_dinReferenceType
                0x0000000008008706       0x4a ./Core/Src/sharedsource/exi/dinEXIDatatypes.o
                0x0000000008008706                init_dinReferenceType
 .text.init_dinProfileEntryType
                0x0000000008008750       0x12 ./Core/Src/sharedsource/exi/dinEXIDatatypes.o
                0x0000000008008750                init_dinProfileEntryType
 .text.init_dinAnonType_V2G_Message
                0x0000000008008762       0x12 ./Core/Src/sharedsource/exi/dinEXIDatatypes.o
                0x0000000008008762                init_dinAnonType_V2G_Message
 .text.init_dinChargeParameterDiscoveryReqType
                0x0000000008008774       0x38 ./Core/Src/sharedsource/exi/dinEXIDatatypes.o
                0x0000000008008774                init_dinChargeParameterDiscoveryReqType
 .text.init_dinConsumptionCostType
                0x00000000080087ac       0x1a ./Core/Src/sharedsource/exi/dinEXIDatatypes.o
                0x00000000080087ac                init_dinConsumptionCostType
 .text.init_dinRSAKeyValueType
                0x00000000080087c6       0x12 ./Core/Src/sharedsource/exi/dinEXIDatatypes.o
                0x00000000080087c6                init_dinRSAKeyValueType
 .text.init_dinServiceType
                0x00000000080087d8       0x12 ./Core/Src/sharedsource/exi/dinEXIDatatypes.o
                0x00000000080087d8                init_dinServiceType
 .text.init_dinServiceTagListType
                0x00000000080087ea       0x1a ./Core/Src/sharedsource/exi/dinEXIDatatypes.o
                0x00000000080087ea                init_dinServiceTagListType
 .text.init_dinEVSEStatusType
                0x0000000008008804       0x12 ./Core/Src/sharedsource/exi/dinEXIDatatypes.o
                0x0000000008008804                init_dinEVSEStatusType
 .text.init_dinSessionSetupResType
                0x0000000008008816       0x20 ./Core/Src/sharedsource/exi/dinEXIDatatypes.o
                0x0000000008008816                init_dinSessionSetupResType
 .text.init_dinEVPowerDeliveryParameterType
                0x0000000008008836       0x12 ./Core/Src/sharedsource/exi/dinEXIDatatypes.o
                0x0000000008008836                init_dinEVPowerDeliveryParameterType
 .text.init_dinX509IssuerSerialType
                0x0000000008008848       0x12 ./Core/Src/sharedsource/exi/dinEXIDatatypes.o
                0x0000000008008848                init_dinX509IssuerSerialType
 .text.init_dinSelectedServiceType
                0x000000000800885a       0x1c ./Core/Src/sharedsource/exi/dinEXIDatatypes.o
                0x000000000800885a                init_dinSelectedServiceType
 .text.init_dinMeteringReceiptResType
                0x0000000008008876       0x12 ./Core/Src/sharedsource/exi/dinEXIDatatypes.o
                0x0000000008008876                init_dinMeteringReceiptResType
 .text.init_dinDC_EVStatusType
                0x0000000008008888       0x26 ./Core/Src/sharedsource/exi/dinEXIDatatypes.o
                0x0000000008008888                init_dinDC_EVStatusType
 .text.init_dinPhysicalValueType
                0x00000000080088ae       0x1c ./Core/Src/sharedsource/exi/dinEXIDatatypes.o
                0x00000000080088ae                init_dinPhysicalValueType
 .text.init_dinManifestType
                0x00000000080088ca       0x28 ./Core/Src/sharedsource/exi/dinEXIDatatypes.o
                0x00000000080088ca                init_dinManifestType
 .text.init_dinPMaxScheduleEntryType
                0x00000000080088f2       0x26 ./Core/Src/sharedsource/exi/dinEXIDatatypes.o
                0x00000000080088f2                init_dinPMaxScheduleEntryType
 .text.init_dinServiceParameterListType
                0x0000000008008918       0x1e ./Core/Src/sharedsource/exi/dinEXIDatatypes.o
                0x0000000008008918                init_dinServiceParameterListType
 .text.init_dinSignatureValueType
                0x0000000008008936       0x20 ./Core/Src/sharedsource/exi/dinEXIDatatypes.o
                0x0000000008008936                init_dinSignatureValueType
 .text.init_dinPaymentOptionsType
                0x0000000008008956       0x18 ./Core/Src/sharedsource/exi/dinEXIDatatypes.o
                0x0000000008008956                init_dinPaymentOptionsType
 .text.init_dinServiceTagType
                0x000000000800896e       0x2e ./Core/Src/sharedsource/exi/dinEXIDatatypes.o
                0x000000000800896e                init_dinServiceTagType
 .text.init_dinAC_EVSEStatusType
                0x000000000800899c       0x12 ./Core/Src/sharedsource/exi/dinEXIDatatypes.o
                0x000000000800899c                init_dinAC_EVSEStatusType
 .text.init_dinCertificateUpdateReqType
                0x00000000080089ae       0x20 ./Core/Src/sharedsource/exi/dinEXIDatatypes.o
                0x00000000080089ae                init_dinCertificateUpdateReqType
 .text.init_dinServicePaymentSelectionResType
                0x00000000080089ce       0x12 ./Core/Src/sharedsource/exi/dinEXIDatatypes.o
                0x00000000080089ce                init_dinServicePaymentSelectionResType
 .text.init_dinSAScheduleTupleType
                0x00000000080089e0       0x20 ./Core/Src/sharedsource/exi/dinEXIDatatypes.o
                0x00000000080089e0                init_dinSAScheduleTupleType
 .text.init_dinChargingProfileType
                0x0000000008008a00       0x1a ./Core/Src/sharedsource/exi/dinEXIDatatypes.o
                0x0000000008008a00                init_dinChargingProfileType
 .text.init_dinServiceDiscoveryReqType
                0x0000000008008a1a       0x2e ./Core/Src/sharedsource/exi/dinEXIDatatypes.o
                0x0000000008008a1a                init_dinServiceDiscoveryReqType
 .text.init_dinAC_EVSEChargeParameterType
                0x0000000008008a48       0x12 ./Core/Src/sharedsource/exi/dinEXIDatatypes.o
                0x0000000008008a48                init_dinAC_EVSEChargeParameterType
 .text.init_dinKeyInfoType
                0x0000000008008a5a       0x80 ./Core/Src/sharedsource/exi/dinEXIDatatypes.o
                0x0000000008008a5a                init_dinKeyInfoType
 .text.init_dinPaymentDetailsReqType
                0x0000000008008ada       0x12 ./Core/Src/sharedsource/exi/dinEXIDatatypes.o
                0x0000000008008ada                init_dinPaymentDetailsReqType
 .text.init_dinCableCheckResType
                0x0000000008008aec       0x12 ./Core/Src/sharedsource/exi/dinEXIDatatypes.o
                0x0000000008008aec                init_dinCableCheckResType
 .text.init_dinObjectType
                0x0000000008008afe       0x4a ./Core/Src/sharedsource/exi/dinEXIDatatypes.o
                0x0000000008008afe                init_dinObjectType
 .text.init_dinSessionStopResType
                0x0000000008008b48       0x12 ./Core/Src/sharedsource/exi/dinEXIDatatypes.o
                0x0000000008008b48                init_dinSessionStopResType
 .text.init_dinSignedInfoType
                0x0000000008008b5a       0x28 ./Core/Src/sharedsource/exi/dinEXIDatatypes.o
                0x0000000008008b5a                init_dinSignedInfoType
 .text.init_dinSalesTariffType
                0x0000000008008b82       0x28 ./Core/Src/sharedsource/exi/dinEXIDatatypes.o
                0x0000000008008b82                init_dinSalesTariffType
 .text.init_dinCostType
                0x0000000008008baa       0x1c ./Core/Src/sharedsource/exi/dinEXIDatatypes.o
                0x0000000008008baa                init_dinCostType
 .text.init_dinServiceChargeType
                0x0000000008008bc6       0x12 ./Core/Src/sharedsource/exi/dinEXIDatatypes.o
                0x0000000008008bc6                init_dinServiceChargeType
 .text.init_dinDC_EVSEStatusType
                0x0000000008008bd8       0x1c ./Core/Src/sharedsource/exi/dinEXIDatatypes.o
                0x0000000008008bd8                init_dinDC_EVSEStatusType
 .text.init_dinRetrievalMethodType
                0x0000000008008bf4       0x3c ./Core/Src/sharedsource/exi/dinEXIDatatypes.o
                0x0000000008008bf4                init_dinRetrievalMethodType
 .text.init_dinNotificationType
                0x0000000008008c30       0x20 ./Core/Src/sharedsource/exi/dinEXIDatatypes.o
                0x0000000008008c30                init_dinNotificationType
 .text.init_dinPGPDataType
                0x0000000008008c50       0x3c ./Core/Src/sharedsource/exi/dinEXIDatatypes.o
                0x0000000008008c50                init_dinPGPDataType
 .text.init_dinCertificateInstallationResType
                0x0000000008008c8c       0x12 ./Core/Src/sharedsource/exi/dinEXIDatatypes.o
                0x0000000008008c8c                init_dinCertificateInstallationResType
 .text.init_dinSignaturePropertyType
                0x0000000008008c9e       0x2e ./Core/Src/sharedsource/exi/dinEXIDatatypes.o
                0x0000000008008c9e                init_dinSignaturePropertyType
 .text.init_dinMeterInfoType
                0x0000000008008ccc       0x4a ./Core/Src/sharedsource/exi/dinEXIDatatypes.o
                0x0000000008008ccc                init_dinMeterInfoType
 .text.init_dinSubCertificatesType
                0x0000000008008d16       0x1e ./Core/Src/sharedsource/exi/dinEXIDatatypes.o
                0x0000000008008d16                init_dinSubCertificatesType
 .text.decode_dinMeteringReceiptReqType
                0x0000000008008d34      0x3f0 ./Core/Src/sharedsource/exi/dinEXIDatatypesDecoder.o
 .text.decode_dinBodyType
                0x0000000008009124      0x8b4 ./Core/Src/sharedsource/exi/dinEXIDatatypesDecoder.o
 .text.decode_dinSessionSetupReqType
                0x00000000080099d8      0x16c ./Core/Src/sharedsource/exi/dinEXIDatatypesDecoder.o
 .text.decode_dinPowerDeliveryResType
                0x0000000008009b44      0x1f4 ./Core/Src/sharedsource/exi/dinEXIDatatypesDecoder.o
 .text.decode_dinServiceDetailResType
                0x0000000008009d38      0x26c ./Core/Src/sharedsource/exi/dinEXIDatatypesDecoder.o
 .text.decode_dinWeldingDetectionResType
                0x0000000008009fa4      0x200 ./Core/Src/sharedsource/exi/dinEXIDatatypesDecoder.o
 .text.decode_dinContractAuthenticationResType
                0x000000000800a1a4      0x1f4 ./Core/Src/sharedsource/exi/dinEXIDatatypesDecoder.o
 .text.decode_dinCanonicalizationMethodType
                0x000000000800a398      0x280 ./Core/Src/sharedsource/exi/dinEXIDatatypesDecoder.o
 .text.decode_dinSPKIDataType
                0x000000000800a618      0x4b4 ./Core/Src/sharedsource/exi/dinEXIDatatypesDecoder.o
 .text.decode_dinListOfRootCertificateIDsType
                0x000000000800aacc      0x350 ./Core/Src/sharedsource/exi/dinEXIDatatypesDecoder.o
 .text.decode_dinSelectedServiceListType
                0x000000000800ae1c      0x144 ./Core/Src/sharedsource/exi/dinEXIDatatypesDecoder.o
 .text.decode_dinCurrentDemandResType
                0x000000000800af60      0x640 ./Core/Src/sharedsource/exi/dinEXIDatatypesDecoder.o
 .text.decode_dinTransformType
                0x000000000800b5a0      0x53c ./Core/Src/sharedsource/exi/dinEXIDatatypesDecoder.o
 .text.decode_dinAC_EVChargeParameterType
                0x000000000800badc      0x2f4 ./Core/Src/sharedsource/exi/dinEXIDatatypesDecoder.o
 .text.decode_dinX509DataType
                0x000000000800bdd0      0xb78 ./Core/Src/sharedsource/exi/dinEXIDatatypesDecoder.o
 .text.decode_dinChargingStatusResType
                0x000000000800c948      0x644 ./Core/Src/sharedsource/exi/dinEXIDatatypesDecoder.o
 .text.decode_dinWeldingDetectionReqType
                0x000000000800cf8c       0xd4 ./Core/Src/sharedsource/exi/dinEXIDatatypesDecoder.o
 .text.decode_dinSignaturePropertiesType
                0x000000000800d060      0x24c ./Core/Src/sharedsource/exi/dinEXIDatatypesDecoder.o
 .text.decode_dinContractAuthenticationReqType
                0x000000000800d2ac      0x334 ./Core/Src/sharedsource/exi/dinEXIDatatypesDecoder.o
 .text.decode_dinDC_EVPowerDeliveryParameterType
                0x000000000800d5e0      0x2b0 ./Core/Src/sharedsource/exi/dinEXIDatatypesDecoder.o
 .text.decode_dinEVSEChargeParameterType
                0x000000000800d890       0x88 ./Core/Src/sharedsource/exi/dinEXIDatatypesDecoder.o
 .text.decode_dinCableCheckReqType
                0x000000000800d918       0xd4 ./Core/Src/sharedsource/exi/dinEXIDatatypesDecoder.o
 .text.decode_dinDC_EVChargeParameterType
                0x000000000800d9ec      0x868 ./Core/Src/sharedsource/exi/dinEXIDatatypesDecoder.o
 .text.decode_dinSAScheduleListType
                0x000000000800e254      0x16c ./Core/Src/sharedsource/exi/dinEXIDatatypesDecoder.o
 .text.decode_dinPMaxScheduleType
                0x000000000800e3c0      0x204 ./Core/Src/sharedsource/exi/dinEXIDatatypesDecoder.o
 .text.decode_dinServicePaymentSelectionReqType
                0x000000000800e5c4      0x194 ./Core/Src/sharedsource/exi/dinEXIDatatypesDecoder.o
 .text.decode_dinRelativeTimeIntervalType
                0x000000000800e758      0x1f8 ./Core/Src/sharedsource/exi/dinEXIDatatypesDecoder.o
 .text.decode_dinEVStatusType
                0x000000000800e950       0x88 ./Core/Src/sharedsource/exi/dinEXIDatatypesDecoder.o
 .text.decode_dinPreChargeResType
                0x000000000800e9d8      0x200 ./Core/Src/sharedsource/exi/dinEXIDatatypesDecoder.o
 .text.decode_dinDC_EVSEChargeParameterType
                0x000000000800ebd8      0x3c8 ./Core/Src/sharedsource/exi/dinEXIDatatypesDecoder.o
 .text.decode_dinPaymentDetailsResType
                0x000000000800efa0      0x2e4 ./Core/Src/sharedsource/exi/dinEXIDatatypesDecoder.o
 .text.decode_dinDSAKeyValueType
                0x000000000800f284      0xabc ./Core/Src/sharedsource/exi/dinEXIDatatypesDecoder.o
 .text.decode_dinSASchedulesType
                0x000000000800fd40       0x88 ./Core/Src/sharedsource/exi/dinEXIDatatypesDecoder.o
 .text.decode_dinCertificateUpdateResType
                0x000000000800fdc8      0x5dc ./Core/Src/sharedsource/exi/dinEXIDatatypesDecoder.o
 .text.decode_dinEVChargeParameterType
                0x00000000080103a4       0x88 ./Core/Src/sharedsource/exi/dinEXIDatatypesDecoder.o
 .text.decode_dinMessageHeaderType
                0x000000000801042c      0x294 ./Core/Src/sharedsource/exi/dinEXIDatatypesDecoder.o
 .text.decode_dinBodyBaseType
                0x00000000080106c0       0x88 ./Core/Src/sharedsource/exi/dinEXIDatatypesDecoder.o
 .text.decode_dinKeyValueType
                0x0000000008010748      0x33c ./Core/Src/sharedsource/exi/dinEXIDatatypesDecoder.o
 .text.decode_dinIntervalType
                0x0000000008010a84       0x88 ./Core/Src/sharedsource/exi/dinEXIDatatypesDecoder.o
 .text.decode_dinChargeParameterDiscoveryResType
                0x0000000008010b0c      0x36c ./Core/Src/sharedsource/exi/dinEXIDatatypesDecoder.o
 .text.decode_dinPowerDeliveryReqType
                0x0000000008010e78      0x2a4 ./Core/Src/sharedsource/exi/dinEXIDatatypesDecoder.o
 .text.decode_dinCertificateChainType
                0x000000000801111c      0x1f0 ./Core/Src/sharedsource/exi/dinEXIDatatypesDecoder.o
 .text.decode_dinTransformsType
                0x000000000801130c      0x154 ./Core/Src/sharedsource/exi/dinEXIDatatypesDecoder.o
 .text.decode_dinEntryType
                0x0000000008011460      0x104 ./Core/Src/sharedsource/exi/dinEXIDatatypesDecoder.o
 .text.decode_dinSessionStopType
                0x0000000008011564       0x88 ./Core/Src/sharedsource/exi/dinEXIDatatypesDecoder.o
 .text.decode_dinServiceDetailReqType
                0x00000000080115ec      0x12c ./Core/Src/sharedsource/exi/dinEXIDatatypesDecoder.o
 .text.decode_dinDigestMethodType
                0x0000000008011718      0x280 ./Core/Src/sharedsource/exi/dinEXIDatatypesDecoder.o
 .text.decode_dinParameterType
                0x0000000008011998      0x4e8 ./Core/Src/sharedsource/exi/dinEXIDatatypesDecoder.o
 .text.decode_dinChargingStatusReqType
                0x0000000008011e80       0x88 ./Core/Src/sharedsource/exi/dinEXIDatatypesDecoder.o
 .text.decode_dinSignatureMethodType
                0x0000000008011f08      0x47c ./Core/Src/sharedsource/exi/dinEXIDatatypesDecoder.o
 .text.decode_dinCertificateInstallationReqType
                0x0000000008012384      0x434 ./Core/Src/sharedsource/exi/dinEXIDatatypesDecoder.o
 .text.decode_dinSalesTariffEntryType
                0x00000000080127b8      0x214 ./Core/Src/sharedsource/exi/dinEXIDatatypesDecoder.o
 .text.decode_dinServiceDiscoveryResType
                0x00000000080129cc      0x264 ./Core/Src/sharedsource/exi/dinEXIDatatypesDecoder.o
 .text.decode_dinParameterSetType
                0x0000000008012c30      0x21c ./Core/Src/sharedsource/exi/dinEXIDatatypesDecoder.o
 .text.decode_dinCurrentDemandReqType
                0x0000000008012e4c      0x920 ./Core/Src/sharedsource/exi/dinEXIDatatypesDecoder.o
 .text.decode_dinPreChargeReqType
                0x000000000801376c      0x180 ./Core/Src/sharedsource/exi/dinEXIDatatypesDecoder.o
 .text.decode_dinSignatureType
                0x00000000080138ec      0x324 ./Core/Src/sharedsource/exi/dinEXIDatatypesDecoder.o
 .text.decode_dinReferenceType
                0x0000000008013c10      0x6b4 ./Core/Src/sharedsource/exi/dinEXIDatatypesDecoder.o
 .text.decode_dinProfileEntryType
                0x00000000080142c4      0x1dc ./Core/Src/sharedsource/exi/dinEXIDatatypesDecoder.o
 .text.decode_dinAnonType_V2G_Message
                0x00000000080144a0      0x128 ./Core/Src/sharedsource/exi/dinEXIDatatypesDecoder.o
 .text.decode_dinChargeParameterDiscoveryReqType
                0x00000000080145c8      0x1f8 ./Core/Src/sharedsource/exi/dinEXIDatatypesDecoder.o
 .text.decode_dinConsumptionCostType
                0x00000000080147c0      0x180 ./Core/Src/sharedsource/exi/dinEXIDatatypesDecoder.o
 .text.decode_dinRSAKeyValueType
                0x0000000008014940      0x268 ./Core/Src/sharedsource/exi/dinEXIDatatypesDecoder.o
 .text.decode_dinServiceType
                0x0000000008014ba8      0x188 ./Core/Src/sharedsource/exi/dinEXIDatatypesDecoder.o
 .text.decode_dinServiceTagListType
                0x0000000008014d30      0x154 ./Core/Src/sharedsource/exi/dinEXIDatatypesDecoder.o
 .text.decode_dinEVSEStatusType
                0x0000000008014e84       0x88 ./Core/Src/sharedsource/exi/dinEXIDatatypesDecoder.o
 .text.decode_dinSessionSetupResType
                0x0000000008014f0c      0x2fc ./Core/Src/sharedsource/exi/dinEXIDatatypesDecoder.o
 .text.decode_dinEVPowerDeliveryParameterType
                0x0000000008015208       0x88 ./Core/Src/sharedsource/exi/dinEXIDatatypesDecoder.o
 .text.decode_dinX509IssuerSerialType
                0x0000000008015290      0x224 ./Core/Src/sharedsource/exi/dinEXIDatatypesDecoder.o
 .text.decode_dinSelectedServiceType
                0x00000000080154b4      0x1f8 ./Core/Src/sharedsource/exi/dinEXIDatatypesDecoder.o
 .text.decode_dinMeteringReceiptResType
                0x00000000080156ac      0x194 ./Core/Src/sharedsource/exi/dinEXIDatatypesDecoder.o
 .text.decode_dinDC_EVStatusType
                0x0000000008015840      0x59c ./Core/Src/sharedsource/exi/dinEXIDatatypesDecoder.o
 .text.decode_dinPhysicalValueType
                0x0000000008015ddc      0x32c ./Core/Src/sharedsource/exi/dinEXIDatatypesDecoder.o
 .text.decode_dinManifestType
                0x0000000008016108      0x24c ./Core/Src/sharedsource/exi/dinEXIDatatypesDecoder.o
 .text.decode_dinPMaxScheduleEntryType
                0x0000000008016354      0x1b8 ./Core/Src/sharedsource/exi/dinEXIDatatypesDecoder.o
 .text.decode_dinServiceParameterListType
                0x000000000801650c      0x16c ./Core/Src/sharedsource/exi/dinEXIDatatypesDecoder.o
 .text.decode_dinSignatureValueType
                0x0000000008016678      0x228 ./Core/Src/sharedsource/exi/dinEXIDatatypesDecoder.o
 .text.decode_dinPaymentOptionsType
                0x00000000080168a0      0x204 ./Core/Src/sharedsource/exi/dinEXIDatatypesDecoder.o
 .text.decode_dinServiceTagType
                0x0000000008016aa4      0x494 ./Core/Src/sharedsource/exi/dinEXIDatatypesDecoder.o
 .text.decode_dinAC_EVSEStatusType
                0x0000000008016f38      0x354 ./Core/Src/sharedsource/exi/dinEXIDatatypesDecoder.o
 .text.decode_dinCertificateUpdateReqType
                0x000000000801728c      0x40c ./Core/Src/sharedsource/exi/dinEXIDatatypesDecoder.o
 .text.decode_dinServicePaymentSelectionResType
                0x0000000008017698      0x13c ./Core/Src/sharedsource/exi/dinEXIDatatypesDecoder.o
 .text.decode_dinSAScheduleTupleType
                0x00000000080177d4      0x1fc ./Core/Src/sharedsource/exi/dinEXIDatatypesDecoder.o
 .text.decode_dinChargingProfileType
                0x00000000080179d0      0x1f4 ./Core/Src/sharedsource/exi/dinEXIDatatypesDecoder.o
 .text.decode_dinServiceDiscoveryReqType
                0x0000000008017bc4      0x30c ./Core/Src/sharedsource/exi/dinEXIDatatypesDecoder.o
 .text.decode_dinAC_EVSEChargeParameterType
                0x0000000008017ed0      0x1dc ./Core/Src/sharedsource/exi/dinEXIDatatypesDecoder.o
 .text.decode_dinKeyInfoType
                0x00000000080180ac     0x16a0 ./Core/Src/sharedsource/exi/dinEXIDatatypesDecoder.o
 .text.decode_dinPaymentDetailsReqType
                0x000000000801974c      0x1cc ./Core/Src/sharedsource/exi/dinEXIDatatypesDecoder.o
 .text.decode_dinCableCheckResType
                0x0000000008019918      0x248 ./Core/Src/sharedsource/exi/dinEXIDatatypesDecoder.o
 .text.decode_dinObjectType
                0x0000000008019b60      0x738 ./Core/Src/sharedsource/exi/dinEXIDatatypesDecoder.o
 .text.decode_dinSessionStopResType
                0x000000000801a298      0x13c ./Core/Src/sharedsource/exi/dinEXIDatatypesDecoder.o
 .text.decode_dinSignedInfoType
                0x000000000801a3d4      0x2d4 ./Core/Src/sharedsource/exi/dinEXIDatatypesDecoder.o
 .text.decode_dinSalesTariffType
                0x000000000801a6a8      0x4d4 ./Core/Src/sharedsource/exi/dinEXIDatatypesDecoder.o
 .text.decode_dinCostType
                0x000000000801ab7c      0x2d8 ./Core/Src/sharedsource/exi/dinEXIDatatypesDecoder.o
 .text.decode_dinServiceChargeType
                0x000000000801ae54      0x254 ./Core/Src/sharedsource/exi/dinEXIDatatypesDecoder.o
 .text.decode_dinDC_EVSEStatusType
                0x000000000801b0a8      0x3fc ./Core/Src/sharedsource/exi/dinEXIDatatypesDecoder.o
 .text.decode_dinRetrievalMethodType
                0x000000000801b4a4      0x368 ./Core/Src/sharedsource/exi/dinEXIDatatypesDecoder.o
 .text.decode_dinNotificationType
                0x000000000801b80c      0x25c ./Core/Src/sharedsource/exi/dinEXIDatatypesDecoder.o
 .text.decode_dinPGPDataType
                0x000000000801ba68      0x3ac ./Core/Src/sharedsource/exi/dinEXIDatatypesDecoder.o
 .text.decode_dinCertificateInstallationResType
                0x000000000801be14      0x53c ./Core/Src/sharedsource/exi/dinEXIDatatypesDecoder.o
 .text.decode_dinSignaturePropertyType
                0x000000000801c350      0x45c ./Core/Src/sharedsource/exi/dinEXIDatatypesDecoder.o
 .text.decode_dinMeterInfoType
                0x000000000801c7ac      0x820 ./Core/Src/sharedsource/exi/dinEXIDatatypesDecoder.o
 .text.decode_dinSubCertificatesType
                0x000000000801cfcc      0x368 ./Core/Src/sharedsource/exi/dinEXIDatatypesDecoder.o
 .text.decode_dinExiDocument
                0x000000000801d334      0xf84 ./Core/Src/sharedsource/exi/dinEXIDatatypesDecoder.o
                0x000000000801d334                decode_dinExiDocument
 .text.encode_dinMeteringReceiptReqType
                0x000000000801e2b8      0x2b0 ./Core/Src/sharedsource/exi/dinEXIDatatypesEncoder.o
 .text.encode_dinBodyType
                0x000000000801e568      0x9b4 ./Core/Src/sharedsource/exi/dinEXIDatatypesEncoder.o
 .text.encode_dinSessionSetupReqType
                0x000000000801ef1c       0xe4 ./Core/Src/sharedsource/exi/dinEXIDatatypesEncoder.o
 .text.encode_dinPowerDeliveryResType
                0x000000000801f000      0x1a4 ./Core/Src/sharedsource/exi/dinEXIDatatypesEncoder.o
 .text.encode_dinServiceDetailResType
                0x000000000801f1a4      0x1b0 ./Core/Src/sharedsource/exi/dinEXIDatatypesEncoder.o
 .text.encode_dinWeldingDetectionResType
                0x000000000801f354      0x160 ./Core/Src/sharedsource/exi/dinEXIDatatypesEncoder.o
 .text.encode_dinContractAuthenticationResType
                0x000000000801f4b4      0x130 ./Core/Src/sharedsource/exi/dinEXIDatatypesEncoder.o
 .text.encode_dinCanonicalizationMethodType
                0x000000000801f5e4      0x214 ./Core/Src/sharedsource/exi/dinEXIDatatypesEncoder.o
 .text.encode_dinSPKIDataType
                0x000000000801f7f8      0x318 ./Core/Src/sharedsource/exi/dinEXIDatatypesEncoder.o
 .text.encode_dinListOfRootCertificateIDsType
                0x000000000801fb10      0x1dc ./Core/Src/sharedsource/exi/dinEXIDatatypesEncoder.o
 .text.encode_dinSelectedServiceListType
                0x000000000801fcec      0x10c ./Core/Src/sharedsource/exi/dinEXIDatatypesEncoder.o
 .text.encode_dinCurrentDemandResType
                0x000000000801fdf8      0x4dc ./Core/Src/sharedsource/exi/dinEXIDatatypesEncoder.o
 .text.encode_dinTransformType
                0x00000000080202d4      0x388 ./Core/Src/sharedsource/exi/dinEXIDatatypesEncoder.o
 .text.encode_dinAC_EVChargeParameterType
                0x000000000802065c      0x234 ./Core/Src/sharedsource/exi/dinEXIDatatypesEncoder.o
 .text.encode_dinX509DataType
                0x0000000008020890      0x718 ./Core/Src/sharedsource/exi/dinEXIDatatypesEncoder.o
 .text.encode_dinChargingStatusResType
                0x0000000008020fa8      0x470 ./Core/Src/sharedsource/exi/dinEXIDatatypesEncoder.o
 .text.encode_dinWeldingDetectionReqType
                0x0000000008021418       0x9c ./Core/Src/sharedsource/exi/dinEXIDatatypesEncoder.o
 .text.encode_dinSignaturePropertiesType
                0x00000000080214b4      0x1e8 ./Core/Src/sharedsource/exi/dinEXIDatatypesEncoder.o
 .text.encode_dinContractAuthenticationReqType
                0x000000000802169c      0x24c ./Core/Src/sharedsource/exi/dinEXIDatatypesEncoder.o
 .text.encode_dinDC_EVPowerDeliveryParameterType
                0x00000000080218e8      0x1d8 ./Core/Src/sharedsource/exi/dinEXIDatatypesEncoder.o
 .text.encode_dinEVSEChargeParameterType
                0x0000000008021ac0       0x68 ./Core/Src/sharedsource/exi/dinEXIDatatypesEncoder.o
 .text.encode_dinCableCheckReqType
                0x0000000008021b28       0x9c ./Core/Src/sharedsource/exi/dinEXIDatatypesEncoder.o
 .text.encode_dinDC_EVChargeParameterType
                0x0000000008021bc4      0x6cc ./Core/Src/sharedsource/exi/dinEXIDatatypesEncoder.o
 .text.encode_dinSAScheduleListType
                0x0000000008022290      0x120 ./Core/Src/sharedsource/exi/dinEXIDatatypesEncoder.o
 .text.encode_dinPMaxScheduleType
                0x00000000080223b0      0x184 ./Core/Src/sharedsource/exi/dinEXIDatatypesEncoder.o
 .text.encode_dinServicePaymentSelectionReqType
                0x0000000008022534      0x104 ./Core/Src/sharedsource/exi/dinEXIDatatypesEncoder.o
 .text.encode_dinRelativeTimeIntervalType
                0x0000000008022638      0x160 ./Core/Src/sharedsource/exi/dinEXIDatatypesEncoder.o
 .text.encode_dinEVStatusType
                0x0000000008022798       0x68 ./Core/Src/sharedsource/exi/dinEXIDatatypesEncoder.o
 .text.encode_dinPreChargeResType
                0x0000000008022800      0x160 ./Core/Src/sharedsource/exi/dinEXIDatatypesEncoder.o
 .text.encode_dinDC_EVSEChargeParameterType
                0x0000000008022960      0x31c ./Core/Src/sharedsource/exi/dinEXIDatatypesEncoder.o
 .text.encode_dinPaymentDetailsResType
                0x0000000008022c7c      0x1c0 ./Core/Src/sharedsource/exi/dinEXIDatatypesEncoder.o
 .text.encode_dinDSAKeyValueType
                0x0000000008022e3c      0x6e4 ./Core/Src/sharedsource/exi/dinEXIDatatypesEncoder.o
 .text.encode_dinSASchedulesType
                0x0000000008023520       0x68 ./Core/Src/sharedsource/exi/dinEXIDatatypesEncoder.o
 .text.encode_dinCertificateUpdateResType
                0x0000000008023588      0x388 ./Core/Src/sharedsource/exi/dinEXIDatatypesEncoder.o
 .text.encode_dinEVChargeParameterType
                0x0000000008023910       0x68 ./Core/Src/sharedsource/exi/dinEXIDatatypesEncoder.o
 .text.encode_dinMessageHeaderType
                0x0000000008023978      0x218 ./Core/Src/sharedsource/exi/dinEXIDatatypesEncoder.o
 .text.encode_dinBodyBaseType
                0x0000000008023b90       0x68 ./Core/Src/sharedsource/exi/dinEXIDatatypesEncoder.o
 .text.encode_dinKeyValueType
                0x0000000008023bf8      0x304 ./Core/Src/sharedsource/exi/dinEXIDatatypesEncoder.o
 .text.encode_dinIntervalType
                0x0000000008023efc       0x68 ./Core/Src/sharedsource/exi/dinEXIDatatypesEncoder.o
 .text.encode_dinChargeParameterDiscoveryResType
                0x0000000008023f64      0x2c4 ./Core/Src/sharedsource/exi/dinEXIDatatypesEncoder.o
 .text.encode_dinPowerDeliveryReqType
                0x0000000008024228      0x270 ./Core/Src/sharedsource/exi/dinEXIDatatypesEncoder.o
 .text.encode_dinCertificateChainType
                0x0000000008024498      0x160 ./Core/Src/sharedsource/exi/dinEXIDatatypesEncoder.o
 .text.encode_dinTransformsType
                0x00000000080245f8      0x118 ./Core/Src/sharedsource/exi/dinEXIDatatypesEncoder.o
 .text.encode_dinEntryType
                0x0000000008024710       0xf0 ./Core/Src/sharedsource/exi/dinEXIDatatypesEncoder.o
 .text.encode_dinSessionStopType
                0x0000000008024800       0x68 ./Core/Src/sharedsource/exi/dinEXIDatatypesEncoder.o
 .text.encode_dinServiceDetailReqType
                0x0000000008024868       0xc8 ./Core/Src/sharedsource/exi/dinEXIDatatypesEncoder.o
 .text.encode_dinDigestMethodType
                0x0000000008024930      0x214 ./Core/Src/sharedsource/exi/dinEXIDatatypesEncoder.o
 .text.encode_dinParameterType
                0x0000000008024b44      0x3a4 ./Core/Src/sharedsource/exi/dinEXIDatatypesEncoder.o
 .text.encode_dinChargingStatusReqType
                0x0000000008024ee8       0x68 ./Core/Src/sharedsource/exi/dinEXIDatatypesEncoder.o
 .text.encode_dinSignatureMethodType
                0x0000000008024f50      0x3a8 ./Core/Src/sharedsource/exi/dinEXIDatatypesEncoder.o
 .text.encode_dinCertificateInstallationReqType
                0x00000000080252f8      0x2b0 ./Core/Src/sharedsource/exi/dinEXIDatatypesEncoder.o
 .text.encode_dinSalesTariffEntryType
                0x00000000080255a8      0x1b0 ./Core/Src/sharedsource/exi/dinEXIDatatypesEncoder.o
 .text.encode_dinServiceDiscoveryResType
                0x0000000008025758      0x1c4 ./Core/Src/sharedsource/exi/dinEXIDatatypesEncoder.o
 .text.encode_dinParameterSetType
                0x000000000802591c      0x18c ./Core/Src/sharedsource/exi/dinEXIDatatypesEncoder.o
 .text.encode_dinCurrentDemandReqType
                0x0000000008025aa8      0x74c ./Core/Src/sharedsource/exi/dinEXIDatatypesEncoder.o
 .text.encode_dinPreChargeReqType
                0x00000000080261f4      0x114 ./Core/Src/sharedsource/exi/dinEXIDatatypesEncoder.o
 .text.encode_dinSignatureType
                0x0000000008026308      0x29c ./Core/Src/sharedsource/exi/dinEXIDatatypesEncoder.o
 .text.encode_dinReferenceType
                0x00000000080265a4      0x5a0 ./Core/Src/sharedsource/exi/dinEXIDatatypesEncoder.o
 .text.encode_dinProfileEntryType
                0x0000000008026b44      0x130 ./Core/Src/sharedsource/exi/dinEXIDatatypesEncoder.o
 .text.encode_dinAnonType_V2G_Message
                0x0000000008026c74       0xdc ./Core/Src/sharedsource/exi/dinEXIDatatypesEncoder.o
 .text.encode_dinChargeParameterDiscoveryReqType
                0x0000000008026d50      0x1a4 ./Core/Src/sharedsource/exi/dinEXIDatatypesEncoder.o
 .text.encode_dinConsumptionCostType
                0x0000000008026ef4      0x11c ./Core/Src/sharedsource/exi/dinEXIDatatypesEncoder.o
 .text.encode_dinRSAKeyValueType
                0x0000000008027010      0x174 ./Core/Src/sharedsource/exi/dinEXIDatatypesEncoder.o
 .text.encode_dinServiceType
                0x0000000008027184      0x104 ./Core/Src/sharedsource/exi/dinEXIDatatypesEncoder.o
 .text.encode_dinServiceTagListType
                0x0000000008027288      0x118 ./Core/Src/sharedsource/exi/dinEXIDatatypesEncoder.o
 .text.encode_dinEVSEStatusType
                0x00000000080273a0       0x68 ./Core/Src/sharedsource/exi/dinEXIDatatypesEncoder.o
 .text.encode_dinSessionSetupResType
                0x0000000008027408      0x1ec ./Core/Src/sharedsource/exi/dinEXIDatatypesEncoder.o
 .text.encode_dinEVPowerDeliveryParameterType
                0x00000000080275f4       0x68 ./Core/Src/sharedsource/exi/dinEXIDatatypesEncoder.o
 .text.encode_dinX509IssuerSerialType
                0x000000000802765c      0x154 ./Core/Src/sharedsource/exi/dinEXIDatatypesEncoder.o
 .text.encode_dinSelectedServiceType
                0x00000000080277b0      0x164 ./Core/Src/sharedsource/exi/dinEXIDatatypesEncoder.o
 .text.encode_dinMeteringReceiptResType
                0x0000000008027914      0x108 ./Core/Src/sharedsource/exi/dinEXIDatatypesEncoder.o
 .text.encode_dinDC_EVStatusType
                0x0000000008027a1c      0x3a0 ./Core/Src/sharedsource/exi/dinEXIDatatypesEncoder.o
 .text.encode_dinPhysicalValueType
                0x0000000008027dbc      0x20c ./Core/Src/sharedsource/exi/dinEXIDatatypesEncoder.o
 .text.encode_dinManifestType
                0x0000000008027fc8      0x1e8 ./Core/Src/sharedsource/exi/dinEXIDatatypesEncoder.o
 .text.encode_dinPMaxScheduleEntryType
                0x00000000080281b0      0x15c ./Core/Src/sharedsource/exi/dinEXIDatatypesEncoder.o
 .text.encode_dinServiceParameterListType
                0x000000000802830c      0x120 ./Core/Src/sharedsource/exi/dinEXIDatatypesEncoder.o
 .text.encode_dinSignatureValueType
                0x000000000802842c      0x190 ./Core/Src/sharedsource/exi/dinEXIDatatypesEncoder.o
 .text.encode_dinPaymentOptionsType
                0x00000000080285bc      0x158 ./Core/Src/sharedsource/exi/dinEXIDatatypesEncoder.o
 .text.encode_dinServiceTagType
                0x0000000008028714      0x2f4 ./Core/Src/sharedsource/exi/dinEXIDatatypesEncoder.o
 .text.encode_dinAC_EVSEStatusType
                0x0000000008028a08      0x208 ./Core/Src/sharedsource/exi/dinEXIDatatypesEncoder.o
 .text.encode_dinCertificateUpdateReqType
                0x0000000008028c10      0x2b8 ./Core/Src/sharedsource/exi/dinEXIDatatypesEncoder.o
 .text.encode_dinServicePaymentSelectionResType
                0x0000000008028ec8       0xc8 ./Core/Src/sharedsource/exi/dinEXIDatatypesEncoder.o
 .text.encode_dinSAScheduleTupleType
                0x0000000008028f90      0x17c ./Core/Src/sharedsource/exi/dinEXIDatatypesEncoder.o
 .text.encode_dinChargingProfileType
                0x000000000802910c      0x178 ./Core/Src/sharedsource/exi/dinEXIDatatypesEncoder.o
 .text.encode_dinServiceDiscoveryReqType
                0x0000000008029284      0x22c ./Core/Src/sharedsource/exi/dinEXIDatatypesEncoder.o
 .text.encode_dinAC_EVSEChargeParameterType
                0x00000000080294b0      0x160 ./Core/Src/sharedsource/exi/dinEXIDatatypesEncoder.o
 .text.encode_dinKeyInfoType
                0x0000000008029610      0xfc8 ./Core/Src/sharedsource/exi/dinEXIDatatypesEncoder.o
 .text.encode_dinPaymentDetailsReqType
                0x000000000802a5d8      0x128 ./Core/Src/sharedsource/exi/dinEXIDatatypesEncoder.o
 .text.encode_dinCableCheckResType
                0x000000000802a700      0x174 ./Core/Src/sharedsource/exi/dinEXIDatatypesEncoder.o
 .text.encode_dinObjectType
                0x000000000802a874      0x660 ./Core/Src/sharedsource/exi/dinEXIDatatypesEncoder.o
 .text.encode_dinSessionStopResType
                0x000000000802aed4       0xc8 ./Core/Src/sharedsource/exi/dinEXIDatatypesEncoder.o
 .text.encode_dinSignedInfoType
                0x000000000802af9c      0x248 ./Core/Src/sharedsource/exi/dinEXIDatatypesEncoder.o